Archive member included to satisfy reference by file (symbol)

s:/program files (x86)/atmel/studio/7.0/toolchain/arm/arm-gnu-toolchain/bin/../lib/gcc/arm-none-eabi/6.3.1/../../../../arm-none-eabi/lib/thumb/v7e-m\libc.a(lib_a-exit.o)
                              s:/program files (x86)/atmel/studio/7.0/toolchain/arm/arm-gnu-toolchain/bin/../lib/gcc/arm-none-eabi/6.3.1/../../../../arm-none-eabi/lib/thumb/v7e-m/crt0.o (exit)
s:/program files (x86)/atmel/studio/7.0/toolchain/arm/arm-gnu-toolchain/bin/../lib/gcc/arm-none-eabi/6.3.1/../../../../arm-none-eabi/lib/thumb/v7e-m\libc.a(lib_a-impure.o)
                              s:/program files (x86)/atmel/studio/7.0/toolchain/arm/arm-gnu-toolchain/bin/../lib/gcc/arm-none-eabi/6.3.1/../../../../arm-none-eabi/lib/thumb/v7e-m\libc.a(lib_a-exit.o) (_global_impure_ptr)
s:/program files (x86)/atmel/studio/7.0/toolchain/arm/arm-gnu-toolchain/bin/../lib/gcc/arm-none-eabi/6.3.1/../../../../arm-none-eabi/lib/thumb/v7e-m\libc.a(lib_a-init.o)
                              s:/program files (x86)/atmel/studio/7.0/toolchain/arm/arm-gnu-toolchain/bin/../lib/gcc/arm-none-eabi/6.3.1/../../../../arm-none-eabi/lib/thumb/v7e-m/crt0.o (__libc_init_array)
s:/program files (x86)/atmel/studio/7.0/toolchain/arm/arm-gnu-toolchain/bin/../lib/gcc/arm-none-eabi/6.3.1/../../../../arm-none-eabi/lib/thumb/v7e-m\libc.a(lib_a-iprintf.o)
                              src/main.o (iprintf)
s:/program files (x86)/atmel/studio/7.0/toolchain/arm/arm-gnu-toolchain/bin/../lib/gcc/arm-none-eabi/6.3.1/../../../../arm-none-eabi/lib/thumb/v7e-m\libc.a(lib_a-memset.o)
                              s:/program files (x86)/atmel/studio/7.0/toolchain/arm/arm-gnu-toolchain/bin/../lib/gcc/arm-none-eabi/6.3.1/../../../../arm-none-eabi/lib/thumb/v7e-m/crt0.o (memset)
s:/program files (x86)/atmel/studio/7.0/toolchain/arm/arm-gnu-toolchain/bin/../lib/gcc/arm-none-eabi/6.3.1/../../../../arm-none-eabi/lib/thumb/v7e-m\libc.a(lib_a-puts.o)
                              src/main.o (puts)
s:/program files (x86)/atmel/studio/7.0/toolchain/arm/arm-gnu-toolchain/bin/../lib/gcc/arm-none-eabi/6.3.1/../../../../arm-none-eabi/lib/thumb/v7e-m\libc.a(lib_a-setbuf.o)
                              src/main.o (setbuf)
s:/program files (x86)/atmel/studio/7.0/toolchain/arm/arm-gnu-toolchain/bin/../lib/gcc/arm-none-eabi/6.3.1/../../../../arm-none-eabi/lib/thumb/v7e-m\libc.a(lib_a-setvbuf.o)
                              s:/program files (x86)/atmel/studio/7.0/toolchain/arm/arm-gnu-toolchain/bin/../lib/gcc/arm-none-eabi/6.3.1/../../../../arm-none-eabi/lib/thumb/v7e-m\libc.a(lib_a-setbuf.o) (setvbuf)
s:/program files (x86)/atmel/studio/7.0/toolchain/arm/arm-gnu-toolchain/bin/../lib/gcc/arm-none-eabi/6.3.1/../../../../arm-none-eabi/lib/thumb/v7e-m\libc.a(lib_a-strlen.o)
                              s:/program files (x86)/atmel/studio/7.0/toolchain/arm/arm-gnu-toolchain/bin/../lib/gcc/arm-none-eabi/6.3.1/../../../../arm-none-eabi/lib/thumb/v7e-m\libc.a(lib_a-puts.o) (strlen)
s:/program files (x86)/atmel/studio/7.0/toolchain/arm/arm-gnu-toolchain/bin/../lib/gcc/arm-none-eabi/6.3.1/../../../../arm-none-eabi/lib/thumb/v7e-m\libc.a(lib_a-vfiprintf.o)
                              s:/program files (x86)/atmel/studio/7.0/toolchain/arm/arm-gnu-toolchain/bin/../lib/gcc/arm-none-eabi/6.3.1/../../../../arm-none-eabi/lib/thumb/v7e-m\libc.a(lib_a-iprintf.o) (_vfiprintf_r)
s:/program files (x86)/atmel/studio/7.0/toolchain/arm/arm-gnu-toolchain/bin/../lib/gcc/arm-none-eabi/6.3.1/../../../../arm-none-eabi/lib/thumb/v7e-m\libc.a(lib_a-wsetup.o)
                              s:/program files (x86)/atmel/studio/7.0/toolchain/arm/arm-gnu-toolchain/bin/../lib/gcc/arm-none-eabi/6.3.1/../../../../arm-none-eabi/lib/thumb/v7e-m\libc.a(lib_a-vfiprintf.o) (__swsetup_r)
s:/program files (x86)/atmel/studio/7.0/toolchain/arm/arm-gnu-toolchain/bin/../lib/gcc/arm-none-eabi/6.3.1/../../../../arm-none-eabi/lib/thumb/v7e-m\libc.a(lib_a-__call_atexit.o)
                              s:/program files (x86)/atmel/studio/7.0/toolchain/arm/arm-gnu-toolchain/bin/../lib/gcc/arm-none-eabi/6.3.1/../../../../arm-none-eabi/lib/thumb/v7e-m\libc.a(lib_a-exit.o) (__call_exitprocs)
s:/program files (x86)/atmel/studio/7.0/toolchain/arm/arm-gnu-toolchain/bin/../lib/gcc/arm-none-eabi/6.3.1/../../../../arm-none-eabi/lib/thumb/v7e-m\libc.a(lib_a-atexit.o)
                              s:/program files (x86)/atmel/studio/7.0/toolchain/arm/arm-gnu-toolchain/bin/../lib/gcc/arm-none-eabi/6.3.1/../../../../arm-none-eabi/lib/thumb/v7e-m\libc.a(lib_a-__call_atexit.o) (atexit)
s:/program files (x86)/atmel/studio/7.0/toolchain/arm/arm-gnu-toolchain/bin/../lib/gcc/arm-none-eabi/6.3.1/../../../../arm-none-eabi/lib/thumb/v7e-m\libc.a(lib_a-fflush.o)
                              s:/program files (x86)/atmel/studio/7.0/toolchain/arm/arm-gnu-toolchain/bin/../lib/gcc/arm-none-eabi/6.3.1/../../../../arm-none-eabi/lib/thumb/v7e-m\libc.a(lib_a-setvbuf.o) (_fflush_r)
[...]
Memory Configuration

Name             Origin             Length             Attributes
rom              0x00400000         0x00200000         xr
ram              0x20000000         0x00028000         xrw
*default*        0x00000000         0xffffffff

Linker script and memory map

LOAD s:/program files (x86)/atmel/studio/7.0/toolchain/arm/arm-gnu-toolchain/bin/../lib/gcc/arm-none-eabi/6.3.1/thumb/v7e-m/crti.o
LOAD s:/program files (x86)/atmel/studio/7.0/toolchain/arm/arm-gnu-toolchain/bin/../lib/gcc/arm-none-eabi/6.3.1/thumb/v7e-m/crtbegin.o
LOAD s:/program files (x86)/atmel/studio/7.0/toolchain/arm/arm-gnu-toolchain/bin/../lib/gcc/arm-none-eabi/6.3.1/../../../../arm-none-eabi/lib/thumb/v7e-m/crt0.o
LOAD src/ASF/common/services/clock/sam4s/sysclk.o
LOAD src/ASF/common/utils/interrupt/interrupt_sam_nvic.o
LOAD src/ASF/common/utils/stdio/read.o
LOAD src/ASF/sam/boards/sam4s_ek2/init.o
LOAD src/ASF/sam/boards/sam4s_ek2/led.o
LOAD src/ASF/sam/drivers/pio/pio.o
LOAD src/ASF/sam/drivers/pio/pio_handler.o
LOAD src/ASF/sam/drivers/pmc/pmc.o
LOAD src/ASF/sam/drivers/pmc/sleep.o
LOAD src/ASF/sam/drivers/usart/usart.o
LOAD src/ASF/common/utils/stdio/write.o
LOAD src/ASF/common/services/serial/usart_serial.o
LOAD src/ASF/sam/drivers/uart/uart.o
LOAD src/ASF/sam/utils/cmsis/sam4s/source/templates/gcc/startup_sam4s.o
LOAD src/ASF/sam/utils/cmsis/sam4s/source/templates/system_sam4s.o
LOAD src/ASF/sam/utils/syscalls/gcc/syscalls.o
LOAD src/main.o
START GROUP
LOAD ../src/ASF/thirdparty/CMSIS/Lib/GCC\libarm_cortexM4l_math.a
LOAD s:/program files (x86)/atmel/studio/7.0/toolchain/arm/arm-gnu-toolchain/bin/../lib/gcc/arm-none-eabi/6.3.1/../../../../arm-none-eabi/lib/thumb/v7e-m\libm.a
END GROUP
START GROUP
LOAD s:/program files (x86)/atmel/studio/7.0/toolchain/arm/arm-gnu-toolchain/bin/../lib/gcc/arm-none-eabi/6.3.1/thumb/v7e-m\libgcc.a
LOAD s:/program files (x86)/atmel/studio/7.0/toolchain/arm/arm-gnu-toolchain/bin/../lib/gcc/arm-none-eabi/6.3.1/../../../../arm-none-eabi/lib/thumb/v7e-m\libc.a
END GROUP
LOAD s:/program files (x86)/atmel/studio/7.0/toolchain/arm/arm-gnu-toolchain/bin/../lib/gcc/arm-none-eabi/6.3.1/thumb/v7e-m/crtend.o
LOAD s:/program files (x86)/atmel/studio/7.0/toolchain/arm/arm-gnu-toolchain/bin/../lib/gcc/arm-none-eabi/6.3.1/thumb/v7e-m/crtn.o
                0x00003000                __stack_size__ = DEFINED (__stack_size__)?__stack_size__:0x3000
                0x20027ffc                __ram_end__ = ((ORIGIN (ram) + LENGTH (ram)) - 0x4)

.text           0x00400000     0x4390
                0x00400000                . = ALIGN (0x4)
                0x00400000                _sfixed = .
 *(.vectors .vectors.*)
 .vectors       0x00400000       0xcc src/ASF/sam/utils/cmsis/sam4s/source/templates/gcc/startup_sam4s.o
                0x00400000                exception_table
 *(.text .text.* .gnu.linkonce.t.*)
 .text          0x004000cc       0x6c s:/program files (x86)/atmel/studio/7.0/toolchain/arm/arm-gnu-toolchain/bin/../lib/gcc/arm-none-eabi/6.3.1/thumb/v7e-m/crtbegin.o
 .text.sysclk_init
                0x00400138       0x64 src/ASF/common/services/clock/sam4s/sysclk.o
                0x00400138                sysclk_init
 .text._read    0x0040019c       0x3c src/ASF/common/utils/stdio/read.o
                0x0040019c                _read
 .text.board_init
                0x004001d8      0x144 src/ASF/sam/boards/sam4s_ek2/init.o
                0x004001d8                board_init
 .text.pio_set_peripheral
                0x0040031c       0x90 src/ASF/sam/drivers/pio/pio.o
                0x0040031c                pio_set_peripheral
 .text.pio_set_input
                0x004003ac       0x32 src/ASF/sam/drivers/pio/pio.o
                0x004003ac                pio_set_input
 .text.pio_set_output
                0x004003de       0x26 src/ASF/sam/drivers/pio/pio.o
                0x004003de                pio_set_output
 .text.pio_configure_interrupt
                0x00400404       0x2e src/ASF/sam/drivers/pio/pio.o
                0x00400404                pio_configure_interrupt
 .text.pio_enable_interrupt
                0x00400432        0x4 src/ASF/sam/drivers/pio/pio.o
                0x00400432                pio_enable_interrupt
 .text.pio_get_interrupt_status
                0x00400436        0x4 src/ASF/sam/drivers/pio/pio.o
                0x00400436                pio_get_interrupt_status
 .text.pio_get_interrupt_mask
                0x0040043a        0x4 src/ASF/sam/drivers/pio/pio.o
                0x0040043a                pio_get_interrupt_mask
 .text.pio_set_pin_low
                0x0040043e       0x1a src/ASF/sam/drivers/pio/pio.o
                0x0040043e                pio_set_pin_low
 .text.pio_configure_pin
                0x00400458      0x120 src/ASF/sam/drivers/pio/pio.o
                0x00400458                pio_configure_pin
 .text.pio_configure_pin_group
                0x00400578       0xd8 src/ASF/sam/drivers/pio/pio.o
                0x00400578                pio_configure_pin_group
 .text.pio_handler_process
                0x00400650       0x68 src/ASF/sam/drivers/pio/pio_handler.o
                0x00400650                pio_handler_process
 .text.pio_handler_set
                0x004006b8       0x70 src/ASF/sam/drivers/pio/pio_handler.o
                0x004006b8                pio_handler_set
 .text.PIOA_Handler
                0x00400728       0x14 src/ASF/sam/drivers/pio/pio_handler.o
                0x00400728                PIOA_Handler
 .text.PIOB_Handler
                0x0040073c       0x14 src/ASF/sam/drivers/pio/pio_handler.o
                0x0040073c                PIOB_Handler
 .text.PIOC_Handler
                0x00400750       0x14 src/ASF/sam/drivers/pio/pio_handler.o
                0x00400750                PIOC_Handler
 .text.pmc_switch_mck_to_pllack
                0x00400764       0x64 src/ASF/sam/drivers/pmc/pmc.o
                0x00400764                pmc_switch_mck_to_pllack
 .text.pmc_switch_mainck_to_xtal
                0x004007c8       0x54 src/ASF/sam/drivers/pmc/pmc.o
                0x004007c8                pmc_switch_mainck_to_xtal
 .text.pmc_osc_is_ready_mainck
                0x0040081c       0x10 src/ASF/sam/drivers/pmc/pmc.o
                0x0040081c                pmc_osc_is_ready_mainck
 .text.pmc_disable_pllack
                0x0040082c       0x10 src/ASF/sam/drivers/pmc/pmc.o
                0x0040082c                pmc_disable_pllack
 .text.pmc_is_locked_pllack
                0x0040083c       0x10 src/ASF/sam/drivers/pmc/pmc.o
                0x0040083c                pmc_is_locked_pllack
 .text.pmc_enable_periph_clk
                0x0040084c       0x54 src/ASF/sam/drivers/pmc/pmc.o
                0x0040084c                pmc_enable_periph_clk
 .text.usart_enable_interrupt
                0x004008a0        0x4 src/ASF/sam/drivers/usart/usart.o
                0x004008a0                usart_enable_interrupt
 .text.usart_get_status
                0x004008a4        0x4 src/ASF/sam/drivers/usart/usart.o
                0x004008a4                usart_get_status
 .text.usart_write
                0x004008a8       0x14 src/ASF/sam/drivers/usart/usart.o
                0x004008a8                usart_write
 .text.usart_read
                0x004008bc       0x18 src/ASF/sam/drivers/usart/usart.o
                0x004008bc                usart_read
 .text._write   0x004008d4       0x50 src/ASF/common/utils/stdio/write.o
                0x004008d4                _write
 .text.uart_init
                0x00400924       0x36 src/ASF/sam/drivers/uart/uart.o
                0x00400924                uart_init
 .text.uart_write
                0x0040095a       0x10 src/ASF/sam/drivers/uart/uart.o
                0x0040095a                uart_write
 .text.uart_read
                0x0040096a       0x12 src/ASF/sam/drivers/uart/uart.o
                0x0040096a                uart_read
 .text.Dummy_Handler
                0x0040097c        0x2 src/ASF/sam/utils/cmsis/sam4s/source/templates/gcc/startup_sam4s.o
                0x0040097c                DACC_Handler
                0x0040097c                DebugMon_Handler
                0x0040097c                HardFault_Handler
                0x0040097c                TC2_Handler
                0x0040097c                SPI_Handler
                0x0040097c                SysTick_Handler
                0x0040097c                TWI1_Handler
                0x0040097c                PendSV_Handler
                0x0040097c                NMI_Handler
                0x0040097c                ADC_Handler
                0x0040097c                CRCCU_Handler
                0x0040097c                USART0_Handler
                0x0040097c                RTT_Handler
                0x0040097c                EFC1_Handler
                0x0040097c                RTC_Handler
                0x0040097c                UsageFault_Handler
                0x0040097c                WDT_Handler
                0x0040097c                TC4_Handler
                0x0040097c                TC1_Handler
                0x0040097c                HSMCI_Handler
                0x0040097c                UART1_Handler
                0x0040097c                TC3_Handler
                0x0040097c                Dummy_Handler
                0x0040097c                TWI0_Handler
                0x0040097c                USART1_Handler
                0x0040097c                SSC_Handler
                0x0040097c                EFC0_Handler
                0x0040097c                ACC_Handler
                0x0040097c                PMC_Handler
                0x0040097c                PWM_Handler
                0x0040097c                MemManage_Handler
                0x0040097c                SUPC_Handler
                0x0040097c                SVC_Handler
                0x0040097c                UDP_Handler
                0x0040097c                BusFault_Handler
                0x0040097c                RSTC_Handler
                0x0040097c                TC0_Handler
                0x0040097c                TC5_Handler
 *fill*         0x0040097e        0x2 
 .text.Reset_Handler
                0x00400980       0xac src/ASF/sam/utils/cmsis/sam4s/source/templates/gcc/startup_sam4s.o
                0x00400980                Reset_Handler
 .text.SystemCoreClockUpdate
                0x00400a2c      0x110 src/ASF/sam/utils/cmsis/sam4s/source/templates/system_sam4s.o
                0x00400a2c                SystemCoreClockUpdate
 .text.system_init_flash
                0x00400b3c       0x94 src/ASF/sam/utils/cmsis/sam4s/source/templates/system_sam4s.o
                0x00400b3c                system_init_flash
 .text._sbrk    0x00400bd0       0x38 src/ASF/sam/utils/syscalls/gcc/syscalls.o
                0x00400bd0                _sbrk
 .text._close   0x00400c08        0x6 src/ASF/sam/utils/syscalls/gcc/syscalls.o
                0x00400c08                _close
 .text._fstat   0x00400c0e        0xa src/ASF/sam/utils/syscalls/gcc/syscalls.o
                0x00400c0e                _fstat
 .text._isatty  0x00400c18        0x4 src/ASF/sam/utils/syscalls/gcc/syscalls.o
                0x00400c18                _isatty
 .text._lseek   0x00400c1c        0x4 src/ASF/sam/utils/syscalls/gcc/syscalls.o
                0x00400c1c                _lseek
 .text.tratamento_interrupcao_pioB
                0x00400c20       0x40 src/main.o
                0x00400c20                tratamento_interrupcao_pioB
 .text.usart_serial_getchar
                0x00400c60       0x88 src/main.o
 .text.usart_serial_putchar
                0x00400ce8       0x80 src/main.o
 .text.menu     0x00400d68       0x50 src/main.o
                0x00400d68                menu
 .text.UART0_Handler
                0x00400db8       0x54 src/main.o
                0x00400db8                UART0_Handler
 .text.configurar_botao1
                0x00400e0c       0xac src/main.o
                0x00400e0c                configurar_botao1
 .text.inicializacao_UART
                0x00400eb8       0xc8 src/main.o
                0x00400eb8                inicializacao_UART
 .text.main     0x00400f80       0xe8 src/main.o
                0x00400f80                main
 .text.__libc_init_array
                0x00401068       0x50 s:/program files (x86)/atmel/studio/7.0/toolchain/arm/arm-gnu-toolchain/bin/../lib/gcc/arm-none-eabi/6.3.1/../../../../arm-none-eabi/lib/thumb/v7e-m\libc.a(lib_a-init.o)
                0x00401068                __libc_init_array
 .text.iprintf  0x004010b8       0x28 s:/program files (x86)/atmel/studio/7.0/toolchain/arm/arm-gnu-toolchain/bin/../lib/gcc/arm-none-eabi/6.3.1/../../../../arm-none-eabi/lib/thumb/v7e-m\libc.a(lib_a-iprintf.o)
                0x004010b8                iprintf
 .text.memset   0x004010e0       0x9c s:/program files (x86)/atmel/studio/7.0/toolchain/arm/arm-gnu-toolchain/bin/../lib/gcc/arm-none-eabi/6.3.1/../../../../arm-none-eabi/lib/thumb/v7e-m\libc.a(lib_a-memset.o)
                0x004010e0                memset
 .text._puts_r  0x0040117c       0x9c s:/program files (x86)/atmel/studio/7.0/toolchain/arm/arm-gnu-toolchain/bin/../lib/gcc/arm-none-eabi/6.3.1/../../../../arm-none-eabi/lib/thumb/v7e-m\libc.a(lib_a-puts.o)
                0x0040117c                _puts_r
 .text.puts     0x00401218       0x10 s:/program files (x86)/atmel/studio/7.0/toolchain/arm/arm-gnu-toolchain/bin/../lib/gcc/arm-none-eabi/6.3.1/../../../../arm-none-eabi/lib/thumb/v7e-m\libc.a(lib_a-puts.o)
                0x00401218                puts
 .text.setbuf   0x00401228       0x10 s:/program files (x86)/atmel/studio/7.0/toolchain/arm/arm-gnu-toolchain/bin/../lib/gcc/arm-none-eabi/6.3.1/../../../../arm-none-eabi/lib/thumb/v7e-m\libc.a(lib_a-setbuf.o)
                0x00401228                setbuf
 .text.setvbuf  0x00401238      0x190 s:/program files (x86)/atmel/studio/7.0/toolchain/arm/arm-gnu-toolchain/bin/../lib/gcc/arm-none-eabi/6.3.1/../../../../arm-none-eabi/lib/thumb/v7e-m\libc.a(lib_a-setvbuf.o)
                0x00401238                setvbuf
 *fill*         0x004013c8       0x38 
 .text          0x00401400       0xdc s:/program files (x86)/atmel/studio/7.0/toolchain/arm/arm-gnu-toolchain/bin/../lib/gcc/arm-none-eabi/6.3.1/../../../../arm-none-eabi/lib/thumb/v7e-m\libc.a(lib_a-strlen.o)
                0x00401400                strlen
 .text.__sprint_r.part.0
                0x004014dc       0x80 s:/program files (x86)/atmel/studio/7.0/toolchain/arm/arm-gnu-toolchain/bin/../lib/gcc/arm-none-eabi/6.3.1/../../../../arm-none-eabi/lib/thumb/v7e-m\libc.a(lib_a-vfiprintf.o)
 .text._vfiprintf_r
                0x0040155c      0xc90 s:/program files (x86)/atmel/studio/7.0/toolchain/arm/arm-gnu-toolchain/bin/../lib/gcc/arm-none-eabi/6.3.1/../../../../arm-none-eabi/lib/thumb/v7e-m\libc.a(lib_a-vfiprintf.o)
                0x0040155c                _vfiprintf_r
 .text.__sbprintf
                0x004021ec       0x84 s:/program files (x86)/atmel/studio/7.0/toolchain/arm/arm-gnu-toolchain/bin/../lib/gcc/arm-none-eabi/6.3.1/../../../../arm-none-eabi/lib/thumb/v7e-m\libc.a(lib_a-vfiprintf.o)
 .text.__swsetup_r
                0x00402270       0xc8 s:/program files (x86)/atmel/studio/7.0/toolchain/arm/arm-gnu-toolchain/bin/../lib/gcc/arm-none-eabi/6.3.1/../../../../arm-none-eabi/lib/thumb/v7e-m\libc.a(lib_a-wsetup.o)
                0x00402270                __swsetup_r
 .text.startup.register_fini
                0x00402338       0x14 s:/program files (x86)/atmel/studio/7.0/toolchain/arm/arm-gnu-toolchain/bin/../lib/gcc/arm-none-eabi/6.3.1/../../../../arm-none-eabi/lib/thumb/v7e-m\libc.a(lib_a-__call_atexit.o)
 .text.atexit   0x0040234c        0xc s:/program files (x86)/atmel/studio/7.0/toolchain/arm/arm-gnu-toolchain/bin/../lib/gcc/arm-none-eabi/6.3.1/../../../../arm-none-eabi/lib/thumb/v7e-m\libc.a(lib_a-atexit.o)
                0x0040234c                atexit
 .text.__sflush_r
                0x00402358      0x140 s:/program files (x86)/atmel/studio/7.0/toolchain/arm/arm-gnu-toolchain/bin/../lib/gcc/arm-none-eabi/6.3.1/../../../../arm-none-eabi/lib/thumb/v7e-m\libc.a(lib_a-fflush.o)
                0x00402358                __sflush_r
 .text._fflush_r
                0x00402498       0x54 s:/program files (x86)/atmel/studio/7.0/toolchain/arm/arm-gnu-toolchain/bin/../lib/gcc/arm-none-eabi/6.3.1/../../../../arm-none-eabi/lib/thumb/v7e-m\libc.a(lib_a-fflush.o)
                0x00402498                _fflush_r
 .text._cleanup_r
                0x004024ec        0xc s:/program files (x86)/atmel/studio/7.0/toolchain/arm/arm-gnu-toolchain/bin/../lib/gcc/arm-none-eabi/6.3.1/../../../../arm-none-eabi/lib/thumb/v7e-m\libc.a(lib_a-findfp.o)
                0x004024ec                _cleanup_r
 .text.std.isra.0
                0x004024f8       0x50 s:/program files (x86)/atmel/studio/7.0/toolchain/arm/arm-gnu-toolchain/bin/../lib/gcc/arm-none-eabi/6.3.1/../../../../arm-none-eabi/lib/thumb/v7e-m\libc.a(lib_a-findfp.o)
 .text.__sinit  0x00402548       0x58 s:/program files (x86)/atmel/studio/7.0/toolchain/arm/arm-gnu-toolchain/bin/../lib/gcc/arm-none-eabi/6.3.1/../../../../arm-none-eabi/lib/thumb/v7e-m\libc.a(lib_a-findfp.o)
                0x00402548                __sinit
 .text.__sfp_lock_acquire
                0x004025a0        0xc s:/program files (x86)/atmel/studio/7.0/toolchain/arm/arm-gnu-toolchain/bin/../lib/gcc/arm-none-eabi/6.3.1/../../../../arm-none-eabi/lib/thumb/v7e-m\libc.a(lib_a-findfp.o)
                0x004025a0                __sfp_lock_acquire
 .text.__sfp_lock_release
                0x004025ac        0xc s:/program files (x86)/atmel/studio/7.0/toolchain/arm/arm-gnu-toolchain/bin/../lib/gcc/arm-none-eabi/6.3.1/../../../../arm-none-eabi/lib/thumb/v7e-m\libc.a(lib_a-findfp.o)
                0x004025ac                __sfp_lock_release
 .text.__libc_fini_array
                0x004025b8       0x34 s:/program files (x86)/atmel/studio/7.0/toolchain/arm/arm-gnu-toolchain/bin/../lib/gcc/arm-none-eabi/6.3.1/../../../../arm-none-eabi/lib/thumb/v7e-m\libc.a(lib_a-fini.o)
                0x004025b8                __libc_fini_array
 .text.__fputwc
                0x004025ec       0xa0 s:/program files (x86)/atmel/studio/7.0/toolchain/arm/arm-gnu-toolchain/bin/../lib/gcc/arm-none-eabi/6.3.1/../../../../arm-none-eabi/lib/thumb/v7e-m\libc.a(lib_a-fputwc.o)
                0x004025ec                __fputwc
 .text._fputwc_r
                0x0040268c       0x68 s:/program files (x86)/atmel/studio/7.0/toolchain/arm/arm-gnu-toolchain/bin/../lib/gcc/arm-none-eabi/6.3.1/../../../../arm-none-eabi/lib/thumb/v7e-m\libc.a(lib_a-fputwc.o)
                0x0040268c                _fputwc_r
 .text._malloc_trim_r
                0x004026f4       0xa0 s:/program files (x86)/atmel/studio/7.0/toolchain/arm/arm-gnu-toolchain/bin/../lib/gcc/arm-none-eabi/6.3.1/../../../../arm-none-eabi/lib/thumb/v7e-m\libc.a(lib_a-freer.o)
                0x004026f4                _malloc_trim_r
 .text._free_r  0x00402794      0x1cc s:/program files (x86)/atmel/studio/7.0/toolchain/arm/arm-gnu-toolchain/bin/../lib/gcc/arm-none-eabi/6.3.1/../../../../arm-none-eabi/lib/thumb/v7e-m\libc.a(lib_a-freer.o)
                0x00402794                _free_r
 .text.__sfvwrite_r
                0x00402960      0x2f0 s:/program files (x86)/atmel/studio/7.0/toolchain/arm/arm-gnu-toolchain/bin/../lib/gcc/arm-none-eabi/6.3.1/../../../../arm-none-eabi/lib/thumb/v7e-m\libc.a(lib_a-fvwrite.o)
                0x00402960                __sfvwrite_r
 .text._fwalk_reent
                0x00402c50       0x54 s:/program files (x86)/atmel/studio/7.0/toolchain/arm/arm-gnu-toolchain/bin/../lib/gcc/arm-none-eabi/6.3.1/../../../../arm-none-eabi/lib/thumb/v7e-m\libc.a(lib_a-fwalk.o)
                0x00402c50                _fwalk_reent
 .text.__locale_mb_cur_max
                0x00402ca4       0x1c s:/program files (x86)/atmel/studio/7.0/toolchain/arm/arm-gnu-toolchain/bin/../lib/gcc/arm-none-eabi/6.3.1/../../../../arm-none-eabi/lib/thumb/v7e-m\libc.a(lib_a-locale.o)
                0x00402ca4                __locale_mb_cur_max
 .text.__retarget_lock_init_recursive
                0x00402cc0        0x4 s:/program files (x86)/atmel/studio/7.0/toolchain/arm/arm-gnu-toolchain/bin/../lib/gcc/arm-none-eabi/6.3.1/../../../../arm-none-eabi/lib/thumb/v7e-m\libc.a(lib_a-lock.o)
                0x00402cc0                __retarget_lock_init_recursive
 .text.__retarget_lock_close_recursive
                0x00402cc4        0x4 s:/program files (x86)/atmel/studio/7.0/toolchain/arm/arm-gnu-toolchain/bin/../lib/gcc/arm-none-eabi/6.3.1/../../../../arm-none-eabi/lib/thumb/v7e-m\libc.a(lib_a-lock.o)
                0x00402cc4                __retarget_lock_close_recursive
 .text.__retarget_lock_acquire_recursive
                0x00402cc8        0x4 s:/program files (x86)/atmel/studio/7.0/toolchain/arm/arm-gnu-toolchain/bin/../lib/gcc/arm-none-eabi/6.3.1/../../../../arm-none-eabi/lib/thumb/v7e-m\libc.a(lib_a-lock.o)
                0x00402cc8                __retarget_lock_acquire_recursive
 .text.__retarget_lock_release_recursive
                0x00402ccc        0x4 s:/program files (x86)/atmel/studio/7.0/toolchain/arm/arm-gnu-toolchain/bin/../lib/gcc/arm-none-eabi/6.3.1/../../../../arm-none-eabi/lib/thumb/v7e-m\libc.a(lib_a-lock.o)
                0x00402ccc                __retarget_lock_release_recursive
 .text.__swhatbuf_r
                0x00402cd0       0x5c s:/program files (x86)/atmel/studio/7.0/toolchain/arm/arm-gnu-toolchain/bin/../lib/gcc/arm-none-eabi/6.3.1/../../../../arm-none-eabi/lib/thumb/v7e-m\libc.a(lib_a-makebuf.o)
                0x00402cd0                __swhatbuf_r
 .text.__smakebuf_r
                0x00402d2c       0x94 s:/program files (x86)/atmel/studio/7.0/toolchain/arm/arm-gnu-toolchain/bin/../lib/gcc/arm-none-eabi/6.3.1/../../../../arm-none-eabi/lib/thumb/v7e-m\libc.a(lib_a-makebuf.o)
                0x00402d2c                __smakebuf_r
 .text.malloc   0x00402dc0       0x10 s:/program files (x86)/atmel/studio/7.0/toolchain/arm/arm-gnu-toolchain/bin/../lib/gcc/arm-none-eabi/6.3.1/../../../../arm-none-eabi/lib/thumb/v7e-m\libc.a(lib_a-malloc.o)
                0x00402dc0                malloc
 .text._malloc_r
                0x00402dd0      0x560 s:/program files (x86)/atmel/studio/7.0/toolchain/arm/arm-gnu-toolchain/bin/../lib/gcc/arm-none-eabi/6.3.1/../../../../arm-none-eabi/lib/thumb/v7e-m\libc.a(lib_a-mallocr.o)
                0x00402dd0                _malloc_r
 .text.__ascii_mbtowc
                0x00403330       0x2c s:/program files (x86)/atmel/studio/7.0/toolchain/arm/arm-gnu-toolchain/bin/../lib/gcc/arm-none-eabi/6.3.1/../../../../arm-none-eabi/lib/thumb/v7e-m\libc.a(lib_a-mbtowc_r.o)
                0x00403330                __ascii_mbtowc
 *fill*         0x0040335c        0x4 
 .text          0x00403360       0xa0 s:/program files (x86)/atmel/studio/7.0/toolchain/arm/arm-gnu-toolchain/bin/../lib/gcc/arm-none-eabi/6.3.1/../../../../arm-none-eabi/lib/thumb/v7e-m\libc.a(lib_a-memchr.o)
                0x00403360                memchr
 .text          0x00403400      0x134 s:/program files (x86)/atmel/studio/7.0/toolchain/arm/arm-gnu-toolchain/bin/../lib/gcc/arm-none-eabi/6.3.1/../../../../arm-none-eabi/lib/thumb/v7e-m\libc.a(lib_a-memcpy.o)
                0x00403400                memcpy
 .text.memmove  0x00403534       0xc8 s:/program files (x86)/atmel/studio/7.0/toolchain/arm/arm-gnu-toolchain/bin/../lib/gcc/arm-none-eabi/6.3.1/../../../../arm-none-eabi/lib/thumb/v7e-m\libc.a(lib_a-memmove.o)
                0x00403534                memmove
 .text.__malloc_lock
                0x004035fc        0xc s:/program files (x86)/atmel/studio/7.0/toolchain/arm/arm-gnu-toolchain/bin/../lib/gcc/arm-none-eabi/6.3.1/../../../../arm-none-eabi/lib/thumb/v7e-m\libc.a(lib_a-mlock.o)
                0x004035fc                __malloc_lock
 .text.__malloc_unlock
                0x00403608        0xc s:/program files (x86)/atmel/studio/7.0/toolchain/arm/arm-gnu-toolchain/bin/../lib/gcc/arm-none-eabi/6.3.1/../../../../arm-none-eabi/lib/thumb/v7e-m\libc.a(lib_a-mlock.o)
                0x00403608                __malloc_unlock
 .text._realloc_r
                0x00403614      0x34c s:/program files (x86)/atmel/studio/7.0/toolchain/arm/arm-gnu-toolchain/bin/../lib/gcc/arm-none-eabi/6.3.1/../../../../arm-none-eabi/lib/thumb/v7e-m\libc.a(lib_a-reallocr.o)
                0x00403614                _realloc_r
 .text._sbrk_r  0x00403960       0x24 s:/program files (x86)/atmel/studio/7.0/toolchain/arm/arm-gnu-toolchain/bin/../lib/gcc/arm-none-eabi/6.3.1/../../../../arm-none-eabi/lib/thumb/v7e-m\libc.a(lib_a-sbrkr.o)
                0x00403960                _sbrk_r
 .text.__sread  0x00403984       0x24 s:/program files (x86)/atmel/studio/7.0/toolchain/arm/arm-gnu-toolchain/bin/../lib/gcc/arm-none-eabi/6.3.1/../../../../arm-none-eabi/lib/thumb/v7e-m\libc.a(lib_a-stdio.o)
                0x00403984                __sread
 .text.__swrite
                0x004039a8       0x3c s:/program files (x86)/atmel/studio/7.0/toolchain/arm/arm-gnu-toolchain/bin/../lib/gcc/arm-none-eabi/6.3.1/../../../../arm-none-eabi/lib/thumb/v7e-m\libc.a(lib_a-stdio.o)
                0x004039a8                __swrite
 .text.__sseek  0x004039e4       0x20 s:/program files (x86)/atmel/studio/7.0/toolchain/arm/arm-gnu-toolchain/bin/../lib/gcc/arm-none-eabi/6.3.1/../../../../arm-none-eabi/lib/thumb/v7e-m\libc.a(lib_a-stdio.o)
                0x004039e4                __sseek
 .text.__sclose
                0x00403a04        0x8 s:/program files (x86)/atmel/studio/7.0/toolchain/arm/arm-gnu-toolchain/bin/../lib/gcc/arm-none-eabi/6.3.1/../../../../arm-none-eabi/lib/thumb/v7e-m\libc.a(lib_a-stdio.o)
                0x00403a04                __sclose
 .text.__swbuf_r
                0x00403a0c       0xb0 s:/program files (x86)/atmel/studio/7.0/toolchain/arm/arm-gnu-toolchain/bin/../lib/gcc/arm-none-eabi/6.3.1/../../../../arm-none-eabi/lib/thumb/v7e-m\libc.a(lib_a-wbuf.o)
                0x00403a0c                __swbuf_r
 .text._wcrtomb_r
                0x00403abc       0x54 s:/program files (x86)/atmel/studio/7.0/toolchain/arm/arm-gnu-toolchain/bin/../lib/gcc/arm-none-eabi/6.3.1/../../../../arm-none-eabi/lib/thumb/v7e-m\libc.a(lib_a-wcrtomb.o)
                0x00403abc                _wcrtomb_r
 .text.__ascii_wctomb
                0x00403b10       0x1c s:/program files (x86)/atmel/studio/7.0/toolchain/arm/arm-gnu-toolchain/bin/../lib/gcc/arm-none-eabi/6.3.1/../../../../arm-none-eabi/lib/thumb/v7e-m\libc.a(lib_a-wctomb_r.o)
                0x00403b10                __ascii_wctomb
 .text._write_r
                0x00403b2c       0x2c s:/program files (x86)/atmel/studio/7.0/toolchain/arm/arm-gnu-toolchain/bin/../lib/gcc/arm-none-eabi/6.3.1/../../../../arm-none-eabi/lib/thumb/v7e-m\libc.a(lib_a-writer.o)
                0x00403b2c                _write_r
 .text.__register_exitproc
                0x00403b58       0xc4 s:/program files (x86)/atmel/studio/7.0/toolchain/arm/arm-gnu-toolchain/bin/../lib/gcc/arm-none-eabi/6.3.1/../../../../arm-none-eabi/lib/thumb/v7e-m\libc.a(lib_a-__atexit.o)
                0x00403b58                __register_exitproc
 .text._close_r
                0x00403c1c       0x24 s:/program files (x86)/atmel/studio/7.0/toolchain/arm/arm-gnu-toolchain/bin/../lib/gcc/arm-none-eabi/6.3.1/../../../../arm-none-eabi/lib/thumb/v7e-m\libc.a(lib_a-closer.o)
                0x00403c1c                _close_r
 .text._fclose_r
                0x00403c40       0xc4 s:/program files (x86)/atmel/studio/7.0/toolchain/arm/arm-gnu-toolchain/bin/../lib/gcc/arm-none-eabi/6.3.1/../../../../arm-none-eabi/lib/thumb/v7e-m\libc.a(lib_a-fclose.o)
                0x00403c40                _fclose_r
 .text._fstat_r
                0x00403d04       0x28 s:/program files (x86)/atmel/studio/7.0/toolchain/arm/arm-gnu-toolchain/bin/../lib/gcc/arm-none-eabi/6.3.1/../../../../arm-none-eabi/lib/thumb/v7e-m\libc.a(lib_a-fstatr.o)
                0x00403d04                _fstat_r
 .text._isatty_r
                0x00403d2c       0x24 s:/program files (x86)/atmel/studio/7.0/toolchain/arm/arm-gnu-toolchain/bin/../lib/gcc/arm-none-eabi/6.3.1/../../../../arm-none-eabi/lib/thumb/v7e-m\libc.a(lib_a-isattyr.o)
                0x00403d2c                _isatty_r
 .text._lseek_r
                0x00403d50       0x2c s:/program files (x86)/atmel/studio/7.0/toolchain/arm/arm-gnu-toolchain/bin/../lib/gcc/arm-none-eabi/6.3.1/../../../../arm-none-eabi/lib/thumb/v7e-m\libc.a(lib_a-lseekr.o)
                0x00403d50                _lseek_r
 .text._read_r  0x00403d7c       0x2c s:/program files (x86)/atmel/studio/7.0/toolchain/arm/arm-gnu-toolchain/bin/../lib/gcc/arm-none-eabi/6.3.1/../../../../arm-none-eabi/lib/thumb/v7e-m\libc.a(lib_a-readr.o)
                0x00403d7c                _read_r
 .text          0x00403da8       0x30 s:/program files (x86)/atmel/studio/7.0/toolchain/arm/arm-gnu-toolchain/bin/../lib/gcc/arm-none-eabi/6.3.1/thumb/v7e-m\libgcc.a(_aeabi_uldivmod.o)
                0x00403da8                __aeabi_uldivmod
 .text          0x00403dd8      0x2dc s:/program files (x86)/atmel/studio/7.0/toolchain/arm/arm-gnu-toolchain/bin/../lib/gcc/arm-none-eabi/6.3.1/thumb/v7e-m\libgcc.a(_udivmoddi4.o)
                0x00403dd8                __udivmoddi4
 .text          0x004040b4        0x4 s:/program files (x86)/atmel/studio/7.0/toolchain/arm/arm-gnu-toolchain/bin/../lib/gcc/arm-none-eabi/6.3.1/thumb/v7e-m\libgcc.a(_dvmd_tls.o)
                0x004040b4                __aeabi_idiv0
                0x004040b4                __aeabi_ldiv0
 *(.glue_7t)
 .glue_7t       0x004040b8        0x0 linker stubs
 *(.glue_7)
 .glue_7        0x004040b8        0x0 linker stubs
 *(.rodata .rodata* .gnu.linkonce.r.*)
 .rodata.UART0_Handler.str1.4
                0x004040b8       0x20 src/main.o
 .rodata.main.str1.4
                0x004040d8       0x1a src/main.o
 *fill*         0x004040f2        0x2 
 .rodata.menu.str1.4
                0x004040f4       0xc2 src/main.o
 *fill*         0x004041b6        0x2 
 .rodata.tratamento_interrupcao_pioB.str1.4
                0x004041b8       0x45 src/main.o
                                 0x49 (size before relaxing)
 *fill*         0x004041fd        0x3 
 .rodata._global_impure_ptr
                0x00404200        0x4 s:/program files (x86)/atmel/studio/7.0/toolchain/arm/arm-gnu-toolchain/bin/../lib/gcc/arm-none-eabi/6.3.1/../../../../arm-none-eabi/lib/thumb/v7e-m\libc.a(lib_a-impure.o)
                0x00404200                _global_impure_ptr
 .rodata._puts_r.str1.4
                0x00404204        0x2 s:/program files (x86)/atmel/studio/7.0/toolchain/arm/arm-gnu-toolchain/bin/../lib/gcc/arm-none-eabi/6.3.1/../../../../arm-none-eabi/lib/thumb/v7e-m\libc.a(lib_a-puts.o)
 *fill*         0x00404206        0x2 
 .rodata._vfiprintf_r.str1.4
                0x00404208       0x2f s:/program files (x86)/atmel/studio/7.0/toolchain/arm/arm-gnu-toolchain/bin/../lib/gcc/arm-none-eabi/6.3.1/../../../../arm-none-eabi/lib/thumb/v7e-m\libc.a(lib_a-vfiprintf.o)
 *fill*         0x00404237        0x1 
 .rodata.blanks.7217
                0x00404238       0x10 s:/program files (x86)/atmel/studio/7.0/toolchain/arm/arm-gnu-toolchain/bin/../lib/gcc/arm-none-eabi/6.3.1/../../../../arm-none-eabi/lib/thumb/v7e-m\libc.a(lib_a-vfiprintf.o)
 .rodata.zeroes.7218
                0x00404248       0x10 s:/program files (x86)/atmel/studio/7.0/toolchain/arm/arm-gnu-toolchain/bin/../lib/gcc/arm-none-eabi/6.3.1/../../../../arm-none-eabi/lib/thumb/v7e-m\libc.a(lib_a-vfiprintf.o)
 .rodata._setlocale_r.str1.4
                0x00404258        0xa s:/program files (x86)/atmel/studio/7.0/toolchain/arm/arm-gnu-toolchain/bin/../lib/gcc/arm-none-eabi/6.3.1/../../../../arm-none-eabi/lib/thumb/v7e-m\libc.a(lib_a-locale.o)
                                  0xd (size before relaxing)
 *fill*         0x00404262        0x2 
 .rodata.str1.4
                0x00404264        0x4 s:/program files (x86)/atmel/studio/7.0/toolchain/arm/arm-gnu-toolchain/bin/../lib/gcc/arm-none-eabi/6.3.1/../../../../arm-none-eabi/lib/thumb/v7e-m\libc.a(lib_a-locale.o)
                                  0x2 (size before relaxing)
 .rodata._ctype_
                0x00404268      0x101 s:/program files (x86)/atmel/studio/7.0/toolchain/arm/arm-gnu-toolchain/bin/../lib/gcc/arm-none-eabi/6.3.1/../../../../arm-none-eabi/lib/thumb/v7e-m\libc.a(lib_a-ctype_.o)
                0x00404268                _ctype_
 *(.ARM.extab* .gnu.linkonce.armextab.*)
                0x0040436c                . = ALIGN (0x4)
 *fill*         0x00404369        0x3 
 *(.init)
 .init          0x0040436c        0x4 s:/program files (x86)/atmel/studio/7.0/toolchain/arm/arm-gnu-toolchain/bin/../lib/gcc/arm-none-eabi/6.3.1/thumb/v7e-m/crti.o
                0x0040436c                _init
 .init          0x00404370        0x8 s:/program files (x86)/atmel/studio/7.0/toolchain/arm/arm-gnu-toolchain/bin/../lib/gcc/arm-none-eabi/6.3.1/thumb/v7e-m/crtn.o
                0x00404378                . = ALIGN (0x4)
                0x00404378                __preinit_array_start = .
 *(.preinit_array)
                0x00404378                __preinit_array_end = .
                0x00404378                . = ALIGN (0x4)
                0x00404378                __init_array_start = .
 *(SORT(.init_array.*))
 .init_array.00000
                0x00404378        0x4 s:/program files (x86)/atmel/studio/7.0/toolchain/arm/arm-gnu-toolchain/bin/../lib/gcc/arm-none-eabi/6.3.1/../../../../arm-none-eabi/lib/thumb/v7e-m\libc.a(lib_a-__call_atexit.o)
 *(.init_array)
 .init_array    0x0040437c        0x4 s:/program files (x86)/atmel/studio/7.0/toolchain/arm/arm-gnu-toolchain/bin/../lib/gcc/arm-none-eabi/6.3.1/thumb/v7e-m/crtbegin.o
                0x00404380                __init_array_end = .
                0x00404380                . = ALIGN (0x4)
 *crtbegin.o(.ctors)
 *(EXCLUDE_FILE(*crtend.o) .ctors)
 *(SORT(.ctors.*))
 *crtend.o(.ctors)
                0x00404380                . = ALIGN (0x4)
 *(.fini)
 .fini          0x00404380        0x4 s:/program files (x86)/atmel/studio/7.0/toolchain/arm/arm-gnu-toolchain/bin/../lib/gcc/arm-none-eabi/6.3.1/thumb/v7e-m/crti.o
                0x00404380                _fini
 .fini          0x00404384        0x8 s:/program files (x86)/atmel/studio/7.0/toolchain/arm/arm-gnu-toolchain/bin/../lib/gcc/arm-none-eabi/6.3.1/thumb/v7e-m/crtn.o
                0x0040438c                . = ALIGN (0x4)
                0x0040438c                __fini_array_start = .
 *(.fini_array)
 .fini_array    0x0040438c        0x4 s:/program files (x86)/atmel/studio/7.0/toolchain/arm/arm-gnu-toolchain/bin/../lib/gcc/arm-none-eabi/6.3.1/thumb/v7e-m/crtbegin.o
 *(SORT(.fini_array.*))
                0x00404390                __fini_array_end = .
 *crtbegin.o(.dtors)
 *(EXCLUDE_FILE(*crtend.o) .dtors)
 *(SORT(.dtors.*))
 *crtend.o(.dtors)
                0x00404390                . = ALIGN (0x4)
                0x00404390                _efixed = .
                [!provide]                PROVIDE (__exidx_start, .)

.vfp11_veneer   0x00404390        0x0
 .vfp11_veneer  0x00404390        0x0 linker stubs

.v4_bx          0x00404390        0x0
 .v4_bx         0x00404390        0x0 linker stubs

.iplt           0x00404390        0x0
 .iplt          0x00404390        0x0 s:/program files (x86)/atmel/studio/7.0/toolchain/arm/arm-gnu-toolchain/bin/../lib/gcc/arm-none-eabi/6.3.1/thumb/v7e-m/crtbegin.o

.ARM.exidx      0x00404390        0x8
 *(.ARM.exidx* .gnu.linkonce.armexidx.*)
 .ARM.exidx     0x00404390        0x8 s:/program files (x86)/atmel/studio/7.0/toolchain/arm/arm-gnu-toolchain/bin/../lib/gcc/arm-none-eabi/6.3.1/thumb/v7e-m\libgcc.a(_udivmoddi4.o)
                [!provide]                PROVIDE (__exidx_end, .)

.eh_frame       0x00404398        0x0
 .eh_frame      0x00404398        0x0 s:/program files (x86)/atmel/studio/7.0/toolchain/arm/arm-gnu-toolchain/bin/../lib/gcc/arm-none-eabi/6.3.1/thumb/v7e-m/crtbegin.o

.rel.dyn        0x00404398        0x0
 .rel.iplt      0x00404398        0x0 s:/program files (x86)/atmel/studio/7.0/toolchain/arm/arm-gnu-toolchain/bin/../lib/gcc/arm-none-eabi/6.3.1/thumb/v7e-m/crtbegin.o

.jcr            0x00404398        0x0
 .jcr           0x00404398        0x0 s:/program files (x86)/atmel/studio/7.0/toolchain/arm/arm-gnu-toolchain/bin/../lib/gcc/arm-none-eabi/6.3.1/thumb/v7e-m/crtbegin.o

.igot.plt       0x00404398        0x0
 .igot.plt      0x00404398        0x0 s:/program files (x86)/atmel/studio/7.0/toolchain/arm/arm-gnu-toolchain/bin/../lib/gcc/arm-none-eabi/6.3.1/thumb/v7e-m/crtbegin.o
                0x00404398                . = ALIGN (0x4)
                0x00404398                _etext = .

.relocate       0x20000000      0x9c0 load address 0x00404398
                0x20000000                . = ALIGN (0x4)
                0x20000000                _srelocate = .
 *(.ramfunc .ramfunc.*)
 *(.data .data.*)
 .data.SystemCoreClock
                0x20000000        0x4 src/ASF/sam/utils/cmsis/sam4s/source/templates/system_sam4s.o
                0x20000000                SystemCoreClock
 .data.usart_options.8375
                0x20000004       0x10 src/main.o
 .data._impure_ptr
                0x20000014        0x4 s:/program files (x86)/atmel/studio/7.0/toolchain/arm/arm-gnu-toolchain/bin/../lib/gcc/arm-none-eabi/6.3.1/../../../../arm-none-eabi/lib/thumb/v7e-m\libc.a(lib_a-impure.o)
                0x20000014                _impure_ptr
 .data.impure_data
                0x20000018      0x428 s:/program files (x86)/atmel/studio/7.0/toolchain/arm/arm-gnu-toolchain/bin/../lib/gcc/arm-none-eabi/6.3.1/../../../../arm-none-eabi/lib/thumb/v7e-m\libc.a(lib_a-impure.o)
 .data.__atexit_recursive_mutex
                0x20000440        0x4 s:/program files (x86)/atmel/studio/7.0/toolchain/arm/arm-gnu-toolchain/bin/../lib/gcc/arm-none-eabi/6.3.1/../../../../arm-none-eabi/lib/thumb/v7e-m\libc.a(lib_a-__call_atexit.o)
                0x20000440                __atexit_recursive_mutex
 .data.__global_locale
                0x20000444      0x16c s:/program files (x86)/atmel/studio/7.0/toolchain/arm/arm-gnu-toolchain/bin/../lib/gcc/arm-none-eabi/6.3.1/../../../../arm-none-eabi/lib/thumb/v7e-m\libc.a(lib_a-locale.o)
                0x20000444                __global_locale
 .data.__malloc_av_
                0x200005b0      0x408 s:/program files (x86)/atmel/studio/7.0/toolchain/arm/arm-gnu-toolchain/bin/../lib/gcc/arm-none-eabi/6.3.1/../../../../arm-none-eabi/lib/thumb/v7e-m\libc.a(lib_a-mallocr.o)
                0x200005b0                __malloc_av_
 .data.__malloc_sbrk_base
                0x200009b8        0x4 s:/program files (x86)/atmel/studio/7.0/toolchain/arm/arm-gnu-toolchain/bin/../lib/gcc/arm-none-eabi/6.3.1/../../../../arm-none-eabi/lib/thumb/v7e-m\libc.a(lib_a-mallocr.o)
                0x200009b8                __malloc_sbrk_base
 .data.__malloc_trim_threshold
                0x200009bc        0x4 s:/program files (x86)/atmel/studio/7.0/toolchain/arm/arm-gnu-toolchain/bin/../lib/gcc/arm-none-eabi/6.3.1/../../../../arm-none-eabi/lib/thumb/v7e-m\libc.a(lib_a-mallocr.o)
                0x200009bc                __malloc_trim_threshold
                0x200009c0                . = ALIGN (0x4)
                0x200009c0                _erelocate = .

.bss            0x200009c0      0x10c load address 0x00404d58
                0x200009c0                . = ALIGN (0x4)
                0x200009c0                _sbss = .
                0x200009c0                _szero = .
 *(.bss .bss.*)
 .bss           0x200009c0       0x1c s:/program files (x86)/atmel/studio/7.0/toolchain/arm/arm-gnu-toolchain/bin/../lib/gcc/arm-none-eabi/6.3.1/thumb/v7e-m/crtbegin.o
 .bss.gs_interrupt_sources
                0x200009dc       0x70 src/ASF/sam/drivers/pio/pio_handler.o
 .bss.gs_ul_nb_sources
                0x20000a4c        0x4 src/ASF/sam/drivers/pio/pio_handler.o
 .bss.pio_capture_handler
                0x20000a50        0x4 src/ASF/sam/drivers/pio/pio_handler.o
 .bss.heap.5297
                0x20000a54        0x4 src/ASF/sam/utils/syscalls/gcc/syscalls.o
 .bss.__malloc_current_mallinfo
                0x20000a58       0x28 s:/program files (x86)/atmel/studio/7.0/toolchain/arm/arm-gnu-toolchain/bin/../lib/gcc/arm-none-eabi/6.3.1/../../../../arm-none-eabi/lib/thumb/v7e-m\libc.a(lib_a-mallocr.o)
                0x20000a58                __malloc_current_mallinfo
 .bss.__malloc_max_sbrked_mem
                0x20000a80        0x4 s:/program files (x86)/atmel/studio/7.0/toolchain/arm/arm-gnu-toolchain/bin/../lib/gcc/arm-none-eabi/6.3.1/../../../../arm-none-eabi/lib/thumb/v7e-m\libc.a(lib_a-mallocr.o)
                0x20000a80                __malloc_max_sbrked_mem
 .bss.__malloc_max_total_mem
                0x20000a84        0x4 s:/program files (x86)/atmel/studio/7.0/toolchain/arm/arm-gnu-toolchain/bin/../lib/gcc/arm-none-eabi/6.3.1/../../../../arm-none-eabi/lib/thumb/v7e-m\libc.a(lib_a-mallocr.o)
                0x20000a84                __malloc_max_total_mem
 .bss.__malloc_top_pad
                0x20000a88        0x4 s:/program files (x86)/atmel/studio/7.0/toolchain/arm/arm-gnu-toolchain/bin/../lib/gcc/arm-none-eabi/6.3.1/../../../../arm-none-eabi/lib/thumb/v7e-m\libc.a(lib_a-mallocr.o)
                0x20000a88                __malloc_top_pad
 *(COMMON)
 COMMON         0x20000a8c        0x4 src/ASF/common/utils/stdio/read.o
                0x20000a8c                ptr_get
 COMMON         0x20000a90        0x4 src/ASF/sam/drivers/pio/pio.o
                0x20000a90                pio_capture_enable_flag
 COMMON         0x20000a94        0x8 src/ASF/common/utils/stdio/write.o
                0x20000a94                ptr_put
                0x20000a98                stdio_base
 COMMON         0x20000a9c        0x8 src/main.o
                0x20000a9c                nova_tecla
                0x20000aa0                key
 COMMON         0x20000aa4       0x21 s:/program files (x86)/atmel/studio/7.0/toolchain/arm/arm-gnu-toolchain/bin/../lib/gcc/arm-none-eabi/6.3.1/../../../../arm-none-eabi/lib/thumb/v7e-m\libc.a(lib_a-lock.o)
                0x20000aa4                __lock___atexit_recursive_mutex
                0x20000aa8                __lock___arc4random_mutex
                0x20000aac                __lock___env_recursive_mutex
                0x20000ab0                __lock___sinit_recursive_mutex
                0x20000ab4                __lock___malloc_recursive_mutex
                0x20000ab8                __lock___at_quick_exit_mutex
                0x20000abc                __lock___dd_hash_mutex
                0x20000ac0                __lock___tz_mutex
                0x20000ac4                __lock___sfp_recursive_mutex
 *fill*         0x20000ac5        0x3 
 COMMON         0x20000ac8        0x4 s:/program files (x86)/atmel/studio/7.0/toolchain/arm/arm-gnu-toolchain/bin/../lib/gcc/arm-none-eabi/6.3.1/../../../../arm-none-eabi/lib/thumb/v7e-m\libc.a(lib_a-reent.o)
                0x20000ac8                errno
                0x20000acc                . = ALIGN (0x4)
                0x20000acc                _ebss = .
                0x20000acc                _ezero = .

.stack          0x20000acc     0x3004 load address 0x00404e64
                0x20000ad0                . = ALIGN (0x8)
 *fill*         0x20000acc        0x4 
                0x20000ad0                _sstack = .
                0x20003ad0                . = (. + __stack_size__)
 *fill*         0x20000ad0     0x3000 
                0x20003ad0                . = ALIGN (0x8)
                0x20003ad0                _estack = .
                0x20003ad0                . = ALIGN (0x4)
                0x20003ad0                _end = .
OUTPUT(UART-BT.elf elf32-littlearm)

.ARM.attributes
                0x00000000       0x2a
 .ARM.attributes
                0x00000000       0x1e s:/program files (x86)/atmel/studio/7.0/toolchain/arm/arm-gnu-toolchain/bin/../lib/gcc/arm-none-eabi/6.3.1/thumb/v7e-m/crti.o
 .ARM.attributes
                0x0000001e       0x2e s:/program files (x86)/atmel/studio/7.0/toolchain/arm/arm-gnu-toolchain/bin/../lib/gcc/arm-none-eabi/6.3.1/thumb/v7e-m/crtbegin.o
 .ARM.attributes
                0x0000004c       0x33 src/ASF/common/services/clock/sam4s/sysclk.o
 .ARM.attributes
                0x0000007f       0x33 src/ASF/common/utils/stdio/read.o
 .ARM.attributes
                0x000000b2       0x33 src/ASF/sam/boards/sam4s_ek2/init.o
 .ARM.attributes
                0x000000e5       0x33 src/ASF/sam/drivers/pio/pio.o
 .ARM.attributes
                0x00000118       0x33 src/ASF/sam/drivers/pio/pio_handler.o
 .ARM.attributes
                0x0000014b       0x33 src/ASF/sam/drivers/pmc/pmc.o
 .ARM.attributes
                0x0000017e       0x33 src/ASF/sam/drivers/usart/usart.o
 .ARM.attributes
                0x000001b1       0x33 src/ASF/common/utils/stdio/write.o
 .ARM.attributes
                0x000001e4       0x33 src/ASF/sam/drivers/uart/uart.o
 .ARM.attributes
                0x00000217       0x33 src/ASF/sam/utils/cmsis/sam4s/source/templates/gcc/startup_sam4s.o
 .ARM.attributes
                0x0000024a       0x33 src/ASF/sam/utils/cmsis/sam4s/source/templates/system_sam4s.o
 .ARM.attributes
                0x0000027d       0x33 src/ASF/sam/utils/syscalls/gcc/syscalls.o
 .ARM.attributes
                0x000002b0       0x33 src/main.o
 .ARM.attributes
                0x000002e3       0x2e s:/program files (x86)/atmel/studio/7.0/toolchain/arm/arm-gnu-toolchain/bin/../lib/gcc/arm-none-eabi/6.3.1/../../../../arm-none-eabi/lib/thumb/v7e-m\libc.a(lib_a-impure.o)
 .ARM.attributes
                0x00000311       0x2e s:/program files (x86)/atmel/studio/7.0/toolchain/arm/arm-gnu-toolchain/bin/../lib/gcc/arm-none-eabi/6.3.1/../../../../arm-none-eabi/lib/thumb/v7e-m\libc.a(lib_a-init.o)
 .ARM.attributes
                0x0000033f       0x2e s:/program files (x86)/atmel/studio/7.0/toolchain/arm/arm-gnu-toolchain/bin/../lib/gcc/arm-none-eabi/6.3.1/../../../../arm-none-eabi/lib/thumb/v7e-m\libc.a(lib_a-iprintf.o)
 .ARM.attributes
                0x0000036d       0x2e s:/program files (x86)/atmel/studio/7.0/toolchain/arm/arm-gnu-toolchain/bin/../lib/gcc/arm-none-eabi/6.3.1/../../../../arm-none-eabi/lib/thumb/v7e-m\libc.a(lib_a-memset.o)
 .ARM.attributes
                0x0000039b       0x2e s:/program files (x86)/atmel/studio/7.0/toolchain/arm/arm-gnu-toolchain/bin/../lib/gcc/arm-none-eabi/6.3.1/../../../../arm-none-eabi/lib/thumb/v7e-m\libc.a(lib_a-puts.o)
 .ARM.attributes
                0x000003c9       0x2e s:/program files (x86)/atmel/studio/7.0/toolchain/arm/arm-gnu-toolchain/bin/../lib/gcc/arm-none-eabi/6.3.1/../../../../arm-none-eabi/lib/thumb/v7e-m\libc.a(lib_a-setbuf.o)
 .ARM.attributes
                0x000003f7       0x2e s:/program files (x86)/atmel/studio/7.0/toolchain/arm/arm-gnu-toolchain/bin/../lib/gcc/arm-none-eabi/6.3.1/../../../../arm-none-eabi/lib/thumb/v7e-m\libc.a(lib_a-setvbuf.o)
 .ARM.attributes
                0x00000425       0x1c s:/program files (x86)/atmel/studio/7.0/toolchain/arm/arm-gnu-toolchain/bin/../lib/gcc/arm-none-eabi/6.3.1/../../../../arm-none-eabi/lib/thumb/v7e-m\libc.a(lib_a-strlen.o)
 .ARM.attributes
                0x00000441       0x2e s:/program files (x86)/atmel/studio/7.0/toolchain/arm/arm-gnu-toolchain/bin/../lib/gcc/arm-none-eabi/6.3.1/../../../../arm-none-eabi/lib/thumb/v7e-m\libc.a(lib_a-vfiprintf.o)
 .ARM.attributes
                0x0000046f       0x2e s:/program files (x86)/atmel/studio/7.0/toolchain/arm/arm-gnu-toolchain/bin/../lib/gcc/arm-none-eabi/6.3.1/../../../../arm-none-eabi/lib/thumb/v7e-m\libc.a(lib_a-wsetup.o)
 .ARM.attributes
                0x0000049d       0x2e s:/program files (x86)/atmel/studio/7.0/toolchain/arm/arm-gnu-toolchain/bin/../lib/gcc/arm-none-eabi/6.3.1/../../../../arm-none-eabi/lib/thumb/v7e-m\libc.a(lib_a-__call_atexit.o)
 .ARM.attributes
                0x000004cb       0x2e s:/program files (x86)/atmel/studio/7.0/toolchain/arm/arm-gnu-toolchain/bin/../lib/gcc/arm-none-eabi/6.3.1/../../../../arm-none-eabi/lib/thumb/v7e-m\libc.a(lib_a-atexit.o)
 .ARM.attributes
                0x000004f9       0x2e s:/program files (x86)/atmel/studio/7.0/toolchain/arm/arm-gnu-toolchain/bin/../lib/gcc/arm-none-eabi/6.3.1/../../../../arm-none-eabi/lib/thumb/v7e-m\libc.a(lib_a-fflush.o)
 .ARM.attributes
                0x00000527       0x2e s:/program files (x86)/atmel/studio/7.0/toolchain/arm/arm-gnu-toolchain/bin/../lib/gcc/arm-none-eabi/6.3.1/../../../../arm-none-eabi/lib/thumb/v7e-m\libc.a(lib_a-findfp.o)
 .ARM.attributes
                0x00000555       0x2e s:/program files (x86)/atmel/studio/7.0/toolchain/arm/arm-gnu-toolchain/bin/../lib/gcc/arm-none-eabi/6.3.1/../../../../arm-none-eabi/lib/thumb/v7e-m\libc.a(lib_a-fini.o)
 .ARM.attributes
                0x00000583       0x2e s:/program files (x86)/atmel/studio/7.0/toolchain/arm/arm-gnu-toolchain/bin/../lib/gcc/arm-none-eabi/6.3.1/../../../../arm-none-eabi/lib/thumb/v7e-m\libc.a(lib_a-fputwc.o)
 .ARM.attributes
                0x000005b1       0x2e s:/program files (x86)/atmel/studio/7.0/toolchain/arm/arm-gnu-toolchain/bin/../lib/gcc/arm-none-eabi/6.3.1/../../../../arm-none-eabi/lib/thumb/v7e-m\libc.a(lib_a-freer.o)
 .ARM.attributes
                0x000005df       0x2e s:/program files (x86)/atmel/studio/7.0/toolchain/arm/arm-gnu-toolchain/bin/../lib/gcc/arm-none-eabi/6.3.1/../../../../arm-none-eabi/lib/thumb/v7e-m\libc.a(lib_a-fvwrite.o)
 .ARM.attributes
                0x0000060d       0x2e s:/program files (x86)/atmel/studio/7.0/toolchain/arm/arm-gnu-toolchain/bin/../lib/gcc/arm-none-eabi/6.3.1/../../../../arm-none-eabi/lib/thumb/v7e-m\libc.a(lib_a-fwalk.o)
 .ARM.attributes
                0x0000063b       0x2e s:/program files (x86)/atmel/studio/7.0/toolchain/arm/arm-gnu-toolchain/bin/../lib/gcc/arm-none-eabi/6.3.1/../../../../arm-none-eabi/lib/thumb/v7e-m\libc.a(lib_a-locale.o)
 .ARM.attributes
                0x00000669       0x2e s:/program files (x86)/atmel/studio/7.0/toolchain/arm/arm-gnu-toolchain/bin/../lib/gcc/arm-none-eabi/6.3.1/../../../../arm-none-eabi/lib/thumb/v7e-m\libc.a(lib_a-lock.o)
 .ARM.attributes
                0x00000697       0x2e s:/program files (x86)/atmel/studio/7.0/toolchain/arm/arm-gnu-toolchain/bin/../lib/gcc/arm-none-eabi/6.3.1/../../../../arm-none-eabi/lib/thumb/v7e-m\libc.a(lib_a-makebuf.o)
 .ARM.attributes
                0x000006c5       0x2e s:/program files (x86)/atmel/studio/7.0/toolchain/arm/arm-gnu-toolchain/bin/../lib/gcc/arm-none-eabi/6.3.1/../../../../arm-none-eabi/lib/thumb/v7e-m\libc.a(lib_a-malloc.o)
 .ARM.attributes
                0x000006f3       0x2e s:/program files (x86)/atmel/studio/7.0/toolchain/arm/arm-gnu-toolchain/bin/../lib/gcc/arm-none-eabi/6.3.1/../../../../arm-none-eabi/lib/thumb/v7e-m\libc.a(lib_a-mallocr.o)
 .ARM.attributes
                0x00000721       0x2e s:/program files (x86)/atmel/studio/7.0/toolchain/arm/arm-gnu-toolchain/bin/../lib/gcc/arm-none-eabi/6.3.1/../../../../arm-none-eabi/lib/thumb/v7e-m\libc.a(lib_a-mbtowc_r.o)
 .ARM.attributes
                0x0000074f       0x1c s:/program files (x86)/atmel/studio/7.0/toolchain/arm/arm-gnu-toolchain/bin/../lib/gcc/arm-none-eabi/6.3.1/../../../../arm-none-eabi/lib/thumb/v7e-m\libc.a(lib_a-memchr.o)
 .ARM.attributes
                0x0000076b       0x1c s:/program files (x86)/atmel/studio/7.0/toolchain/arm/arm-gnu-toolchain/bin/../lib/gcc/arm-none-eabi/6.3.1/../../../../arm-none-eabi/lib/thumb/v7e-m\libc.a(lib_a-memcpy.o)
 .ARM.attributes
                0x00000787       0x2e s:/program files (x86)/atmel/studio/7.0/toolchain/arm/arm-gnu-toolchain/bin/../lib/gcc/arm-none-eabi/6.3.1/../../../../arm-none-eabi/lib/thumb/v7e-m\libc.a(lib_a-memmove.o)
 .ARM.attributes
                0x000007b5       0x2e s:/program files (x86)/atmel/studio/7.0/toolchain/arm/arm-gnu-toolchain/bin/../lib/gcc/arm-none-eabi/6.3.1/../../../../arm-none-eabi/lib/thumb/v7e-m\libc.a(lib_a-mlock.o)
 .ARM.attributes
                0x000007e3       0x2e s:/program files (x86)/atmel/studio/7.0/toolchain/arm/arm-gnu-toolchain/bin/../lib/gcc/arm-none-eabi/6.3.1/../../../../arm-none-eabi/lib/thumb/v7e-m\libc.a(lib_a-reallocr.o)
 .ARM.attributes
                0x00000811       0x2e s:/program files (x86)/atmel/studio/7.0/toolchain/arm/arm-gnu-toolchain/bin/../lib/gcc/arm-none-eabi/6.3.1/../../../../arm-none-eabi/lib/thumb/v7e-m\libc.a(lib_a-sbrkr.o)
 .ARM.attributes
                0x0000083f       0x2e s:/program files (x86)/atmel/studio/7.0/toolchain/arm/arm-gnu-toolchain/bin/../lib/gcc/arm-none-eabi/6.3.1/../../../../arm-none-eabi/lib/thumb/v7e-m\libc.a(lib_a-stdio.o)
 .ARM.attributes
                0x0000086d       0x2e s:/program files (x86)/atmel/studio/7.0/toolchain/arm/arm-gnu-toolchain/bin/../lib/gcc/arm-none-eabi/6.3.1/../../../../arm-none-eabi/lib/thumb/v7e-m\libc.a(lib_a-wbuf.o)
 .ARM.attributes
                0x0000089b       0x2e s:/program files (x86)/atmel/studio/7.0/toolchain/arm/arm-gnu-toolchain/bin/../lib/gcc/arm-none-eabi/6.3.1/../../../../arm-none-eabi/lib/thumb/v7e-m\libc.a(lib_a-wcrtomb.o)
 .ARM.attributes
                0x000008c9       0x2e s:/program files (x86)/atmel/studio/7.0/toolchain/arm/arm-gnu-toolchain/bin/../lib/gcc/arm-none-eabi/6.3.1/../../../../arm-none-eabi/lib/thumb/v7e-m\libc.a(lib_a-wctomb_r.o)
 .ARM.attributes
                0x000008f7       0x2e s:/program files (x86)/atmel/studio/7.0/toolchain/arm/arm-gnu-toolchain/bin/../lib/gcc/arm-none-eabi/6.3.1/../../../../arm-none-eabi/lib/thumb/v7e-m\libc.a(lib_a-writer.o)
 .ARM.attributes
                0x00000925       0x2e s:/program files (x86)/atmel/studio/7.0/toolchain/arm/arm-gnu-toolchain/bin/../lib/gcc/arm-none-eabi/6.3.1/../../../../arm-none-eabi/lib/thumb/v7e-m\libc.a(lib_a-__atexit.o)
 .ARM.attributes
                0x00000953       0x2e s:/program files (x86)/atmel/studio/7.0/toolchain/arm/arm-gnu-toolchain/bin/../lib/gcc/arm-none-eabi/6.3.1/../../../../arm-none-eabi/lib/thumb/v7e-m\libc.a(lib_a-closer.o)
 .ARM.attributes
                0x00000981       0x2e s:/program files (x86)/atmel/studio/7.0/toolchain/arm/arm-gnu-toolchain/bin/../lib/gcc/arm-none-eabi/6.3.1/../../../../arm-none-eabi/lib/thumb/v7e-m\libc.a(lib_a-ctype_.o)
 .ARM.attributes
                0x000009af       0x2e s:/program files (x86)/atmel/studio/7.0/toolchain/arm/arm-gnu-toolchain/bin/../lib/gcc/arm-none-eabi/6.3.1/../../../../arm-none-eabi/lib/thumb/v7e-m\libc.a(lib_a-fclose.o)
 .ARM.attributes
                0x000009dd       0x2e s:/program files (x86)/atmel/studio/7.0/toolchain/arm/arm-gnu-toolchain/bin/../lib/gcc/arm-none-eabi/6.3.1/../../../../arm-none-eabi/lib/thumb/v7e-m\libc.a(lib_a-fstatr.o)
 .ARM.attributes
                0x00000a0b       0x2e s:/program files (x86)/atmel/studio/7.0/toolchain/arm/arm-gnu-toolchain/bin/../lib/gcc/arm-none-eabi/6.3.1/../../../../arm-none-eabi/lib/thumb/v7e-m\libc.a(lib_a-isattyr.o)
 .ARM.attributes
                0x00000a39       0x2e s:/program files (x86)/atmel/studio/7.0/toolchain/arm/arm-gnu-toolchain/bin/../lib/gcc/arm-none-eabi/6.3.1/../../../../arm-none-eabi/lib/thumb/v7e-m\libc.a(lib_a-lseekr.o)
 .ARM.attributes
                0x00000a67       0x2e s:/program files (x86)/atmel/studio/7.0/toolchain/arm/arm-gnu-toolchain/bin/../lib/gcc/arm-none-eabi/6.3.1/../../../../arm-none-eabi/lib/thumb/v7e-m\libc.a(lib_a-readr.o)
 .ARM.attributes
                0x00000a95       0x2e s:/program files (x86)/atmel/studio/7.0/toolchain/arm/arm-gnu-toolchain/bin/../lib/gcc/arm-none-eabi/6.3.1/../../../../arm-none-eabi/lib/thumb/v7e-m\libc.a(lib_a-reent.o)
 .ARM.attributes
                0x00000ac3       0x1e s:/program files (x86)/atmel/studio/7.0/toolchain/arm/arm-gnu-toolchain/bin/../lib/gcc/arm-none-eabi/6.3.1/thumb/v7e-m\libgcc.a(_aeabi_uldivmod.o)
 .ARM.attributes
                0x00000ae1       0x2e s:/program files (x86)/atmel/studio/7.0/toolchain/arm/arm-gnu-toolchain/bin/../lib/gcc/arm-none-eabi/6.3.1/thumb/v7e-m\libgcc.a(_udivmoddi4.o)
 .ARM.attributes
                0x00000b0f       0x1e s:/program files (x86)/atmel/studio/7.0/toolchain/arm/arm-gnu-toolchain/bin/../lib/gcc/arm-none-eabi/6.3.1/thumb/v7e-m\libgcc.a(_dvmd_tls.o)
 .ARM.attributes
                0x00000b2d       0x1e s:/program files (x86)/atmel/studio/7.0/toolchain/arm/arm-gnu-toolchain/bin/../lib/gcc/arm-none-eabi/6.3.1/thumb/v7e-m/crtn.o

.comment        0x00000000       0x59
 .comment       0x00000000       0x59 src/ASF/common/services/clock/sam4s/sysclk.o
                                 0x5a (size before relaxing)
 .comment       0x00000059       0x5a src/ASF/common/utils/stdio/read.o
 .comment       0x00000059       0x5a src/ASF/sam/boards/sam4s_ek2/init.o
 .comment       0x00000059       0x5a src/ASF/sam/drivers/pio/pio.o
 .comment       0x00000059       0x5a src/ASF/sam/drivers/pio/pio_handler.o
 .comment       0x00000059       0x5a src/ASF/sam/drivers/pmc/pmc.o
 .comment       0x00000059       0x5a src/ASF/sam/drivers/usart/usart.o
 .comment       0x00000059       0x5a src/ASF/common/utils/stdio/write.o
 .comment       0x00000059       0x5a src/ASF/sam/drivers/uart/uart.o
 .comment       0x00000059       0x5a src/ASF/sam/utils/cmsis/sam4s/source/templates/gcc/startup_sam4s.o
 .comment       0x00000059       0x5a src/ASF/sam/utils/cmsis/sam4s/source/templates/system_sam4s.o
 .comment       0x00000059       0x5a src/ASF/sam/utils/syscalls/gcc/syscalls.o
 .comment       0x00000059       0x5a src/main.o

.debug_info     0x00000000    0x10489
 .debug_info    0x00000000     0x12c2 src/ASF/common/services/clock/sam4s/sysclk.o
 .debug_info    0x000012c2      0xac9 src/ASF/common/utils/stdio/read.o
 .debug_info    0x00001d8b     0x1472 src/ASF/sam/boards/sam4s_ek2/init.o
 .debug_info    0x000031fd     0x221d src/ASF/sam/drivers/pio/pio.o
 .debug_info    0x0000541a     0x191a src/ASF/sam/drivers/pio/pio_handler.o
 .debug_info    0x00006d34     0x19bc src/ASF/sam/drivers/pmc/pmc.o
 .debug_info    0x000086f0     0x205d src/ASF/sam/drivers/usart/usart.o
 .debug_info    0x0000a74d      0xac6 src/ASF/common/utils/stdio/write.o
 .debug_info    0x0000b213     0x1176 src/ASF/sam/drivers/uart/uart.o
 .debug_info    0x0000c389      0x6d2 src/ASF/sam/utils/cmsis/sam4s/source/templates/gcc/startup_sam4s.o
 .debug_info    0x0000ca5b      0x458 src/ASF/sam/utils/cmsis/sam4s/source/templates/system_sam4s.o
 .debug_info    0x0000ceb3      0xdb0 src/ASF/sam/utils/syscalls/gcc/syscalls.o
 .debug_info    0x0000dc63     0x2826 src/main.o

.debug_abbrev   0x00000000     0x240b
 .debug_abbrev  0x00000000      0x333 src/ASF/common/services/clock/sam4s/sysclk.o
 .debug_abbrev  0x00000333      0x1fe src/ASF/common/utils/stdio/read.o
 .debug_abbrev  0x00000531      0x26f src/ASF/sam/boards/sam4s_ek2/init.o
 .debug_abbrev  0x000007a0      0x3ff src/ASF/sam/drivers/pio/pio.o
 .debug_abbrev  0x00000b9f      0x37f src/ASF/sam/drivers/pio/pio_handler.o
 .debug_abbrev  0x00000f1e      0x315 src/ASF/sam/drivers/pmc/pmc.o
 .debug_abbrev  0x00001233      0x406 src/ASF/sam/drivers/usart/usart.o
 .debug_abbrev  0x00001639      0x1e9 src/ASF/common/utils/stdio/write.o
 .debug_abbrev  0x00001822      0x288 src/ASF/sam/drivers/uart/uart.o
 .debug_abbrev  0x00001aaa      0x15e src/ASF/sam/utils/cmsis/sam4s/source/templates/gcc/startup_sam4s.o
 .debug_abbrev  0x00001c08      0x102 src/ASF/sam/utils/cmsis/sam4s/source/templates/system_sam4s.o
 .debug_abbrev  0x00001d0a      0x264 src/ASF/sam/utils/syscalls/gcc/syscalls.o
 .debug_abbrev  0x00001f6e      0x49d src/main.o

.debug_loc      0x00000000     0x3c6a
 .debug_loc     0x00000000      0x1d9 src/ASF/common/services/clock/sam4s/sysclk.o
 .debug_loc     0x000001d9       0xb3 src/ASF/common/utils/stdio/read.o
 .debug_loc     0x0000028c       0x5c src/ASF/sam/boards/sam4s_ek2/init.o
 .debug_loc     0x000002e8      0xdef src/ASF/sam/drivers/pio/pio.o
 .debug_loc     0x000010d7      0x551 src/ASF/sam/drivers/pio/pio_handler.o
 .debug_loc     0x00001628      0xb91 src/ASF/sam/drivers/pmc/pmc.o
 .debug_loc     0x000021b9      0xe59 src/ASF/sam/drivers/usart/usart.o
 .debug_loc     0x00003012      0x12b src/ASF/common/utils/stdio/write.o
 .debug_loc     0x0000313d      0x241 src/ASF/sam/drivers/uart/uart.o
 .debug_loc     0x0000337e       0xa1 src/ASF/sam/utils/cmsis/sam4s/source/templates/gcc/startup_sam4s.o
 .debug_loc     0x0000341f       0xfd src/ASF/sam/utils/syscalls/gcc/syscalls.o
 .debug_loc     0x0000351c      0x74e src/main.o

.debug_aranges  0x00000000      0x8b0
 .debug_aranges
                0x00000000       0x40 src/ASF/common/services/clock/sam4s/sysclk.o
 .debug_aranges
                0x00000040       0x20 src/ASF/common/utils/stdio/read.o
 .debug_aranges
                0x00000060       0x20 src/ASF/sam/boards/sam4s_ek2/init.o
 .debug_aranges
                0x00000080      0x1a8 src/ASF/sam/drivers/pio/pio.o
 .debug_aranges
                0x00000228       0x58 src/ASF/sam/drivers/pio/pio_handler.o
 .debug_aranges
                0x00000280      0x208 src/ASF/sam/drivers/pmc/pmc.o
 .debug_aranges
                0x00000488      0x210 src/ASF/sam/drivers/usart/usart.o
 .debug_aranges
                0x00000698       0x20 src/ASF/common/utils/stdio/write.o
 .debug_aranges
                0x000006b8       0xe8 src/ASF/sam/drivers/uart/uart.o
 .debug_aranges
                0x000007a0       0x28 src/ASF/sam/utils/cmsis/sam4s/source/templates/gcc/startup_sam4s.o
 .debug_aranges
                0x000007c8       0x30 src/ASF/sam/utils/cmsis/sam4s/source/templates/system_sam4s.o
 .debug_aranges
                0x000007f8       0x60 src/ASF/sam/utils/syscalls/gcc/syscalls.o
 .debug_aranges
                0x00000858       0x58 src/main.o

.debug_ranges   0x00000000      0x828
 .debug_ranges  0x00000000       0x30 src/ASF/common/services/clock/sam4s/sysclk.o
 .debug_ranges  0x00000030       0x10 src/ASF/common/utils/stdio/read.o
 .debug_ranges  0x00000040       0x10 src/ASF/sam/boards/sam4s_ek2/init.o
 .debug_ranges  0x00000050      0x1b0 src/ASF/sam/drivers/pio/pio.o
 .debug_ranges  0x00000200       0x60 src/ASF/sam/drivers/pio/pio_handler.o
 .debug_ranges  0x00000260      0x1f8 src/ASF/sam/drivers/pmc/pmc.o
 .debug_ranges  0x00000458      0x200 src/ASF/sam/drivers/usart/usart.o
 .debug_ranges  0x00000658       0x10 src/ASF/common/utils/stdio/write.o
 .debug_ranges  0x00000668       0xd8 src/ASF/sam/drivers/uart/uart.o
 .debug_ranges  0x00000740       0x18 src/ASF/sam/utils/cmsis/sam4s/source/templates/gcc/startup_sam4s.o
 .debug_ranges  0x00000758       0x20 src/ASF/sam/utils/cmsis/sam4s/source/templates/system_sam4s.o
 .debug_ranges  0x00000778       0x50 src/ASF/sam/utils/syscalls/gcc/syscalls.o
 .debug_ranges  0x000007c8       0x60 src/main.o

.debug_macro    0x00000000    0x140ca
 .debug_macro   0x00000000      0x5b3 src/ASF/common/services/clock/sam4s/sysclk.o
 .debug_macro   0x000005b3      0x8ce src/ASF/common/services/clock/sam4s/sysclk.o
 .debug_macro   0x00000e81      0x71d src/ASF/common/services/clock/sam4s/sysclk.o
 .debug_macro   0x0000159e       0x46 src/ASF/common/services/clock/sam4s/sysclk.o
 .debug_macro   0x000015e4      0x16d src/ASF/common/services/clock/sam4s/sysclk.o
 .debug_macro   0x00001751       0x76 src/ASF/common/services/clock/sam4s/sysclk.o
 .debug_macro   0x000017c7       0x16 src/ASF/common/services/clock/sam4s/sysclk.o
 .debug_macro   0x000017dd      0x6da src/ASF/common/services/clock/sam4s/sysclk.o
 .debug_macro   0x00001eb7       0x22 src/ASF/common/services/clock/sam4s/sysclk.o
 .debug_macro   0x00001ed9       0x87 src/ASF/common/services/clock/sam4s/sysclk.o
 .debug_macro   0x00001f60       0x51 src/ASF/common/services/clock/sam4s/sysclk.o
 .debug_macro   0x00001fb1       0xef src/ASF/common/services/clock/sam4s/sysclk.o
 .debug_macro   0x000020a0       0x6a src/ASF/common/services/clock/sam4s/sysclk.o
 .debug_macro   0x0000210a      0x1df src/ASF/common/services/clock/sam4s/sysclk.o
 .debug_macro   0x000022e9       0x27 src/ASF/common/services/clock/sam4s/sysclk.o
 .debug_macro   0x00002310       0x1c src/ASF/common/services/clock/sam4s/sysclk.o
 .debug_macro   0x0000232c       0x22 src/ASF/common/services/clock/sam4s/sysclk.o
 .debug_macro   0x0000234e       0xdf src/ASF/common/services/clock/sam4s/sysclk.o
 .debug_macro   0x0000242d     0x102d src/ASF/common/services/clock/sam4s/sysclk.o
 .debug_macro   0x0000345a      0x11f src/ASF/common/services/clock/sam4s/sysclk.o
 .debug_macro   0x00003579      0x154 src/ASF/common/services/clock/sam4s/sysclk.o
 .debug_macro   0x000036cd      0xaa5 src/ASF/common/services/clock/sam4s/sysclk.o
 .debug_macro   0x00004172      0x1b4 src/ASF/common/services/clock/sam4s/sysclk.o
 .debug_macro   0x00004326      0x11e src/ASF/common/services/clock/sam4s/sysclk.o
 .debug_macro   0x00004444       0xac src/ASF/common/services/clock/sam4s/sysclk.o
 .debug_macro   0x000044f0      0x3f7 src/ASF/common/services/clock/sam4s/sysclk.o
 .debug_macro   0x000048e7      0x106 src/ASF/common/services/clock/sam4s/sysclk.o
 .debug_macro   0x000049ed       0x1c src/ASF/common/services/clock/sam4s/sysclk.o
 .debug_macro   0x00004a09      0x72f src/ASF/common/services/clock/sam4s/sysclk.o
 .debug_macro   0x00005138      0x2c9 src/ASF/common/services/clock/sam4s/sysclk.o
 .debug_macro   0x00005401       0xbe src/ASF/common/services/clock/sam4s/sysclk.o
 .debug_macro   0x000054bf     0x2807 src/ASF/common/services/clock/sam4s/sysclk.o
 .debug_macro   0x00007cc6      0x76e src/ASF/common/services/clock/sam4s/sysclk.o
 .debug_macro   0x00008434      0xa84 src/ASF/common/services/clock/sam4s/sysclk.o
 .debug_macro   0x00008eb8       0x9a src/ASF/common/services/clock/sam4s/sysclk.o
 .debug_macro   0x00008f52      0x3cf src/ASF/common/services/clock/sam4s/sysclk.o
 .debug_macro   0x00009321       0x64 src/ASF/common/services/clock/sam4s/sysclk.o
 .debug_macro   0x00009385      0x1a6 src/ASF/common/services/clock/sam4s/sysclk.o
 .debug_macro   0x0000952b      0x37c src/ASF/common/services/clock/sam4s/sysclk.o
 .debug_macro   0x000098a7      0x61b src/ASF/common/services/clock/sam4s/sysclk.o
 .debug_macro   0x00009ec2      0x686 src/ASF/common/services/clock/sam4s/sysclk.o
 .debug_macro   0x0000a548      0x595 src/ASF/common/services/clock/sam4s/sysclk.o
 .debug_macro   0x0000aadd      0x344 src/ASF/common/services/clock/sam4s/sysclk.o
 .debug_macro   0x0000ae21      0x283 src/ASF/common/services/clock/sam4s/sysclk.o
 .debug_macro   0x0000b0a4      0x2cd src/ASF/common/services/clock/sam4s/sysclk.o
 .debug_macro   0x0000b371      0x6cf src/ASF/common/services/clock/sam4s/sysclk.o
 .debug_macro   0x0000ba40       0x76 src/ASF/common/services/clock/sam4s/sysclk.o
 .debug_macro   0x0000bab6       0xb8 src/ASF/common/services/clock/sam4s/sysclk.o
 .debug_macro   0x0000bb6e       0xb2 src/ASF/common/services/clock/sam4s/sysclk.o
 .debug_macro   0x0000bc20       0x88 src/ASF/common/services/clock/sam4s/sysclk.o
 .debug_macro   0x0000bca8      0x100 src/ASF/common/services/clock/sam4s/sysclk.o
 .debug_macro   0x0000bda8      0x100 src/ASF/common/services/clock/sam4s/sysclk.o
 .debug_macro   0x0000bea8       0x88 src/ASF/common/services/clock/sam4s/sysclk.o
 .debug_macro   0x0000bf30       0x88 src/ASF/common/services/clock/sam4s/sysclk.o
 .debug_macro   0x0000bfb8      0x2cd src/ASF/common/services/clock/sam4s/sysclk.o
 .debug_macro   0x0000c285       0xb2 src/ASF/common/services/clock/sam4s/sysclk.o
 .debug_macro   0x0000c337       0xb2 src/ASF/common/services/clock/sam4s/sysclk.o
 .debug_macro   0x0000c3e9       0x52 src/ASF/common/services/clock/sam4s/sysclk.o
 .debug_macro   0x0000c43b       0xac src/ASF/common/services/clock/sam4s/sysclk.o
 .debug_macro   0x0000c4e7       0x7c src/ASF/common/services/clock/sam4s/sysclk.o
 .debug_macro   0x0000c563       0x40 src/ASF/common/services/clock/sam4s/sysclk.o
 .debug_macro   0x0000c5a3       0x64 src/ASF/common/services/clock/sam4s/sysclk.o
 .debug_macro   0x0000c607       0x46 src/ASF/common/services/clock/sam4s/sysclk.o
 .debug_macro   0x0000c64d       0x88 src/ASF/common/services/clock/sam4s/sysclk.o
 .debug_macro   0x0000c6d5       0x4c src/ASF/common/services/clock/sam4s/sysclk.o
 .debug_macro   0x0000c721       0xa6 src/ASF/common/services/clock/sam4s/sysclk.o
 .debug_macro   0x0000c7c7       0x7c src/ASF/common/services/clock/sam4s/sysclk.o
 .debug_macro   0x0000c843       0x16 src/ASF/common/services/clock/sam4s/sysclk.o
 .debug_macro   0x0000c859       0x7c src/ASF/common/services/clock/sam4s/sysclk.o
 .debug_macro   0x0000c8d5       0x22 src/ASF/common/services/clock/sam4s/sysclk.o
 .debug_macro   0x0000c8f7       0x22 src/ASF/common/services/clock/sam4s/sysclk.o
 .debug_macro   0x0000c919      0x18b src/ASF/common/services/clock/sam4s/sysclk.o
 .debug_macro   0x0000caa4      0x15b src/ASF/common/services/clock/sam4s/sysclk.o
 .debug_macro   0x0000cbff      0x15b src/ASF/common/services/clock/sam4s/sysclk.o
 .debug_macro   0x0000cd5a       0x1c src/ASF/common/services/clock/sam4s/sysclk.o
 .debug_macro   0x0000cd76       0x2e src/ASF/common/services/clock/sam4s/sysclk.o
 .debug_macro   0x0000cda4       0x22 src/ASF/common/services/clock/sam4s/sysclk.o
 .debug_macro   0x0000cdc6       0x1c src/ASF/common/services/clock/sam4s/sysclk.o
 .debug_macro   0x0000cde2       0x52 src/ASF/common/services/clock/sam4s/sysclk.o
 .debug_macro   0x0000ce34       0x10 src/ASF/common/services/clock/sam4s/sysclk.o
 .debug_macro   0x0000ce44      0x234 src/ASF/common/services/clock/sam4s/sysclk.o
 .debug_macro   0x0000d078      0x92e src/ASF/common/services/clock/sam4s/sysclk.o
 .debug_macro   0x0000d9a6      0x12a src/ASF/common/services/clock/sam4s/sysclk.o
 .debug_macro   0x0000dad0       0x58 src/ASF/common/services/clock/sam4s/sysclk.o
 .debug_macro   0x0000db28       0x35 src/ASF/common/services/clock/sam4s/sysclk.o
 .debug_macro   0x0000db5d       0x9c src/ASF/common/services/clock/sam4s/sysclk.o
 .debug_macro   0x0000dbf9       0x16 src/ASF/common/services/clock/sam4s/sysclk.o
 .debug_macro   0x0000dc0f       0x35 src/ASF/common/services/clock/sam4s/sysclk.o
 .debug_macro   0x0000dc44      0x34d src/ASF/common/services/clock/sam4s/sysclk.o
 .debug_macro   0x0000df91       0x10 src/ASF/common/services/clock/sam4s/sysclk.o
 .debug_macro   0x0000dfa1       0x58 src/ASF/common/services/clock/sam4s/sysclk.o
 .debug_macro   0x0000dff9       0x1f src/ASF/common/services/clock/sam4s/sysclk.o
 .debug_macro   0x0000e018       0x43 src/ASF/common/services/clock/sam4s/sysclk.o
 .debug_macro   0x0000e05b       0x20 src/ASF/common/services/clock/sam4s/sysclk.o
 .debug_macro   0x0000e07b      0x187 src/ASF/common/services/clock/sam4s/sysclk.o
 .debug_macro   0x0000e202       0x10 src/ASF/common/services/clock/sam4s/sysclk.o
 .debug_macro   0x0000e212       0x1c src/ASF/common/services/clock/sam4s/sysclk.o
 .debug_macro   0x0000e22e       0x52 src/ASF/common/services/clock/sam4s/sysclk.o
 .debug_macro   0x0000e280       0x40 src/ASF/common/services/clock/sam4s/sysclk.o
 .debug_macro   0x0000e2c0       0x10 src/ASF/common/services/clock/sam4s/sysclk.o
 .debug_macro   0x0000e2d0       0x40 src/ASF/common/services/clock/sam4s/sysclk.o
 .debug_macro   0x0000e310       0xd7 src/ASF/common/services/clock/sam4s/sysclk.o
 .debug_macro   0x0000e3e7       0x16 src/ASF/common/services/clock/sam4s/sysclk.o
 .debug_macro   0x0000e3fd      0x18b src/ASF/common/services/clock/sam4s/sysclk.o
 .debug_macro   0x0000e588       0x22 src/ASF/common/services/clock/sam4s/sysclk.o
 .debug_macro   0x0000e5aa       0x16 src/ASF/common/services/clock/sam4s/sysclk.o
 .debug_macro   0x0000e5c0       0x16 src/ASF/common/services/clock/sam4s/sysclk.o
 .debug_macro   0x0000e5d6       0x29 src/ASF/common/services/clock/sam4s/sysclk.o
 .debug_macro   0x0000e5ff       0x73 src/ASF/common/services/clock/sam4s/sysclk.o
 .debug_macro   0x0000e672       0x3e src/ASF/common/services/clock/sam4s/sysclk.o
 .debug_macro   0x0000e6b0      0x3ca src/ASF/common/services/clock/sam4s/sysclk.o
 .debug_macro   0x0000ea7a      0x2d9 src/ASF/common/services/clock/sam4s/sysclk.o
 .debug_macro   0x0000ed53      0xa3f src/ASF/common/services/clock/sam4s/sysclk.o
 .debug_macro   0x0000f792       0x58 src/ASF/common/services/clock/sam4s/sysclk.o
 .debug_macro   0x0000f7ea       0x64 src/ASF/common/services/clock/sam4s/sysclk.o
 .debug_macro   0x0000f84e       0x46 src/ASF/common/services/clock/sam4s/sysclk.o
 .debug_macro   0x0000f894       0x90 src/ASF/common/services/clock/sam4s/sysclk.o
 .debug_macro   0x0000f924      0x539 src/ASF/common/utils/stdio/read.o
 .debug_macro   0x0000fe5d      0x5f4 src/ASF/sam/boards/sam4s_ek2/init.o
 .debug_macro   0x00010451      0x2df src/ASF/sam/boards/sam4s_ek2/init.o
 .debug_macro   0x00010730       0x46 src/ASF/sam/boards/sam4s_ek2/init.o
 .debug_macro   0x00010776       0x94 src/ASF/sam/boards/sam4s_ek2/init.o
 .debug_macro   0x0001080a       0x40 src/ASF/sam/boards/sam4s_ek2/init.o
 .debug_macro   0x0001084a       0x82 src/ASF/sam/boards/sam4s_ek2/init.o
 .debug_macro   0x000108cc      0x54e src/ASF/sam/drivers/pio/pio.o
 .debug_macro   0x00010e1a       0x8e src/ASF/sam/drivers/pio/pio.o
 .debug_macro   0x00010ea8      0x558 src/ASF/sam/drivers/pio/pio_handler.o
 .debug_macro   0x00011400      0x54e src/ASF/sam/drivers/pmc/pmc.o
 .debug_macro   0x0001194e       0x52 src/ASF/sam/drivers/pmc/pmc.o
 .debug_macro   0x000119a0      0x57e src/ASF/sam/drivers/usart/usart.o
 .debug_macro   0x00011f1e       0x28 src/ASF/sam/drivers/usart/usart.o
 .debug_macro   0x00011f46      0x539 src/ASF/common/utils/stdio/write.o
 .debug_macro   0x0001247f      0x548 src/ASF/sam/drivers/uart/uart.o
 .debug_macro   0x000129c7       0x16 src/ASF/sam/drivers/uart/uart.o
 .debug_macro   0x000129dd      0x33a src/ASF/sam/utils/cmsis/sam4s/source/templates/gcc/startup_sam4s.o
 .debug_macro   0x00012d17      0x342 src/ASF/sam/utils/cmsis/sam4s/source/templates/system_sam4s.o
 .debug_macro   0x00013059      0x1d6 src/ASF/sam/utils/syscalls/gcc/syscalls.o
 .debug_macro   0x0001322f       0x52 src/ASF/sam/utils/syscalls/gcc/syscalls.o
 .debug_macro   0x00013281       0x8d src/ASF/sam/utils/syscalls/gcc/syscalls.o
 .debug_macro   0x0001330e       0x57 src/ASF/sam/utils/syscalls/gcc/syscalls.o
 .debug_macro   0x00013365       0x97 src/ASF/sam/utils/syscalls/gcc/syscalls.o
 .debug_macro   0x000133fc      0x353 src/ASF/sam/utils/syscalls/gcc/syscalls.o
 .debug_macro   0x0001374f       0xf6 src/ASF/sam/utils/syscalls/gcc/syscalls.o
 .debug_macro   0x00013845       0x4c src/ASF/sam/utils/syscalls/gcc/syscalls.o
 .debug_macro   0x00013891       0x16 src/ASF/sam/utils/syscalls/gcc/syscalls.o
 .debug_macro   0x000138a7       0x10 src/ASF/sam/utils/syscalls/gcc/syscalls.o
 .debug_macro   0x000138b7       0x10 src/ASF/sam/utils/syscalls/gcc/syscalls.o
 .debug_macro   0x000138c7       0x35 src/ASF/sam/utils/syscalls/gcc/syscalls.o
 .debug_macro   0x000138fc      0x122 src/ASF/sam/utils/syscalls/gcc/syscalls.o
 .debug_macro   0x00013a1e      0x69c src/main.o
 .debug_macro   0x000140ba       0x10 src/main.o

.debug_line     0x00000000     0x9bbf
 .debug_line    0x00000000      0xc3b src/ASF/common/services/clock/sam4s/sysclk.o
 .debug_line    0x00000c3b      0xac1 src/ASF/common/utils/stdio/read.o
 .debug_line    0x000016fc      0xcd0 src/ASF/sam/boards/sam4s_ek2/init.o
 .debug_line    0x000023cc      0xf70 src/ASF/sam/drivers/pio/pio.o
 .debug_line    0x0000333c      0xb97 src/ASF/sam/drivers/pio/pio_handler.o
 .debug_line    0x00003ed3     0x1057 src/ASF/sam/drivers/pmc/pmc.o
 .debug_line    0x00004f2a     0x103d src/ASF/sam/drivers/usart/usart.o
 .debug_line    0x00005f67      0xab9 src/ASF/common/utils/stdio/write.o
 .debug_line    0x00006a20      0xc74 src/ASF/sam/drivers/uart/uart.o
 .debug_line    0x00007694      0x894 src/ASF/sam/utils/cmsis/sam4s/source/templates/gcc/startup_sam4s.o
 .debug_line    0x00007f28      0x8cd src/ASF/sam/utils/cmsis/sam4s/source/templates/system_sam4s.o
 .debug_line    0x000087f5      0x40b src/ASF/sam/utils/syscalls/gcc/syscalls.o
 .debug_line    0x00008c00      0xfbf src/main.o

.debug_str      0x00000000    0x56178
 .debug_str     0x00000000    0x526a0 src/ASF/common/services/clock/sam4s/sysclk.o
                              0x52a9f (size before relaxing)
 .debug_str     0x000526a0       0x3f src/ASF/common/utils/stdio/read.o
                              0x4db25 (size before relaxing)
 .debug_str     0x000526df      0xcae src/ASF/sam/boards/sam4s_ek2/init.o
                              0x53371 (size before relaxing)
 .debug_str     0x0005338d      0x598 src/ASF/sam/drivers/pio/pio.o
                              0x4e740 (size before relaxing)
 .debug_str     0x00053925      0x3d2 src/ASF/sam/drivers/pio/pio_handler.o
                              0x4e680 (size before relaxing)
 .debug_str     0x00053cf7      0x5be src/ASF/sam/drivers/pmc/pmc.o
                              0x4e58c (size before relaxing)
 .debug_str     0x000542b5      0x96a src/ASF/sam/drivers/usart/usart.o
                              0x4e525 (size before relaxing)
 .debug_str     0x00054c1f       0x2e src/ASF/common/utils/stdio/write.o
                              0x4db26 (size before relaxing)
 .debug_str     0x00054c4d      0x338 src/ASF/sam/drivers/uart/uart.o
                              0x4dedf (size before relaxing)
 .debug_str     0x00054f85      0x435 src/ASF/sam/utils/cmsis/sam4s/source/templates/gcc/startup_sam4s.o
                              0x3d74f (size before relaxing)
 .debug_str     0x000553ba       0xb9 src/ASF/sam/utils/cmsis/sam4s/source/templates/system_sam4s.o
                              0x3d4e7 (size before relaxing)
 .debug_str     0x00055473      0x787 src/ASF/sam/utils/syscalls/gcc/syscalls.o
                               0x7418 (size before relaxing)
 .debug_str     0x00055bfa      0x57e src/main.o
                              0x53f36 (size before relaxing)

.debug_frame    0x00000000     0x1f9c
 .debug_frame   0x00000000       0x88 src/ASF/common/services/clock/sam4s/sysclk.o
 .debug_frame   0x00000088       0x30 src/ASF/common/utils/stdio/read.o
 .debug_frame   0x000000b8       0x2c src/ASF/sam/boards/sam4s_ek2/init.o
 .debug_frame   0x000000e4      0x384 src/ASF/sam/drivers/pio/pio.o
 .debug_frame   0x00000468       0xf4 src/ASF/sam/drivers/pio/pio_handler.o
 .debug_frame   0x0000055c      0x408 src/ASF/sam/drivers/pmc/pmc.o
 .debug_frame   0x00000964      0x48c src/ASF/sam/drivers/usart/usart.o
 .debug_frame   0x00000df0       0x48 src/ASF/common/utils/stdio/write.o
 .debug_frame   0x00000e38      0x1bc src/ASF/sam/drivers/uart/uart.o
 .debug_frame   0x00000ff4       0x38 src/ASF/sam/utils/cmsis/sam4s/source/templates/gcc/startup_sam4s.o
 .debug_frame   0x0000102c       0x40 src/ASF/sam/utils/cmsis/sam4s/source/templates/system_sam4s.o
 .debug_frame   0x0000106c       0xa0 src/ASF/sam/utils/syscalls/gcc/syscalls.o
 .debug_frame   0x0000110c      0x110 src/main.o
 .debug_frame   0x0000121c       0x2c s:/program files (x86)/atmel/studio/7.0/toolchain/arm/arm-gnu-toolchain/bin/../lib/gcc/arm-none-eabi/6.3.1/../../../../arm-none-eabi/lib/thumb/v7e-m\libc.a(lib_a-init.o)
 .debug_frame   0x00001248       0x74 s:/program files (x86)/atmel/studio/7.0/toolchain/arm/arm-gnu-toolchain/bin/../lib/gcc/arm-none-eabi/6.3.1/../../../../arm-none-eabi/lib/thumb/v7e-m\libc.a(lib_a-iprintf.o)
 .debug_frame   0x000012bc       0x34 s:/program files (x86)/atmel/studio/7.0/toolchain/arm/arm-gnu-toolchain/bin/../lib/gcc/arm-none-eabi/6.3.1/../../../../arm-none-eabi/lib/thumb/v7e-m\libc.a(lib_a-memset.o)
 .debug_frame   0x000012f0       0x4c s:/program files (x86)/atmel/studio/7.0/toolchain/arm/arm-gnu-toolchain/bin/../lib/gcc/arm-none-eabi/6.3.1/../../../../arm-none-eabi/lib/thumb/v7e-m\libc.a(lib_a-puts.o)
 .debug_frame   0x0000133c       0x20 s:/program files (x86)/atmel/studio/7.0/toolchain/arm/arm-gnu-toolchain/bin/../lib/gcc/arm-none-eabi/6.3.1/../../../../arm-none-eabi/lib/thumb/v7e-m\libc.a(lib_a-setbuf.o)
 .debug_frame   0x0000135c       0x48 s:/program files (x86)/atmel/studio/7.0/toolchain/arm/arm-gnu-toolchain/bin/../lib/gcc/arm-none-eabi/6.3.1/../../../../arm-none-eabi/lib/thumb/v7e-m\libc.a(lib_a-setvbuf.o)
 .debug_frame   0x000013a4       0xd8 s:/program files (x86)/atmel/studio/7.0/toolchain/arm/arm-gnu-toolchain/bin/../lib/gcc/arm-none-eabi/6.3.1/../../../../arm-none-eabi/lib/thumb/v7e-m\libc.a(lib_a-vfiprintf.o)
 .debug_frame   0x0000147c       0x2c s:/program files (x86)/atmel/studio/7.0/toolchain/arm/arm-gnu-toolchain/bin/../lib/gcc/arm-none-eabi/6.3.1/../../../../arm-none-eabi/lib/thumb/v7e-m\libc.a(lib_a-wsetup.o)
 .debug_frame   0x000014a8       0x5c s:/program files (x86)/atmel/studio/7.0/toolchain/arm/arm-gnu-toolchain/bin/../lib/gcc/arm-none-eabi/6.3.1/../../../../arm-none-eabi/lib/thumb/v7e-m\libc.a(lib_a-__call_atexit.o)
 .debug_frame   0x00001504       0x20 s:/program files (x86)/atmel/studio/7.0/toolchain/arm/arm-gnu-toolchain/bin/../lib/gcc/arm-none-eabi/6.3.1/../../../../arm-none-eabi/lib/thumb/v7e-m\libc.a(lib_a-atexit.o)
 .debug_frame   0x00001524       0x5c s:/program files (x86)/atmel/studio/7.0/toolchain/arm/arm-gnu-toolchain/bin/../lib/gcc/arm-none-eabi/6.3.1/../../../../arm-none-eabi/lib/thumb/v7e-m\libc.a(lib_a-fflush.o)
 .debug_frame   0x00001580      0x148 s:/program files (x86)/atmel/studio/7.0/toolchain/arm/arm-gnu-toolchain/bin/../lib/gcc/arm-none-eabi/6.3.1/../../../../arm-none-eabi/lib/thumb/v7e-m\libc.a(lib_a-findfp.o)
 .debug_frame   0x000016c8       0x34 s:/program files (x86)/atmel/studio/7.0/toolchain/arm/arm-gnu-toolchain/bin/../lib/gcc/arm-none-eabi/6.3.1/../../../../arm-none-eabi/lib/thumb/v7e-m\libc.a(lib_a-fini.o)
 .debug_frame   0x000016fc       0x94 s:/program files (x86)/atmel/studio/7.0/toolchain/arm/arm-gnu-toolchain/bin/../lib/gcc/arm-none-eabi/6.3.1/../../../../arm-none-eabi/lib/thumb/v7e-m\libc.a(lib_a-fputwc.o)
 .debug_frame   0x00001790       0x74 s:/program files (x86)/atmel/studio/7.0/toolchain/arm/arm-gnu-toolchain/bin/../lib/gcc/arm-none-eabi/6.3.1/../../../../arm-none-eabi/lib/thumb/v7e-m\libc.a(lib_a-freer.o)
 .debug_frame   0x00001804       0x68 s:/program files (x86)/atmel/studio/7.0/toolchain/arm/arm-gnu-toolchain/bin/../lib/gcc/arm-none-eabi/6.3.1/../../../../arm-none-eabi/lib/thumb/v7e-m\libc.a(lib_a-fvwrite.o)
 .debug_frame   0x0000186c       0x54 s:/program files (x86)/atmel/studio/7.0/toolchain/arm/arm-gnu-toolchain/bin/../lib/gcc/arm-none-eabi/6.3.1/../../../../arm-none-eabi/lib/thumb/v7e-m\libc.a(lib_a-fwalk.o)
 .debug_frame   0x000018c0       0x6c s:/program files (x86)/atmel/studio/7.0/toolchain/arm/arm-gnu-toolchain/bin/../lib/gcc/arm-none-eabi/6.3.1/../../../../arm-none-eabi/lib/thumb/v7e-m\libc.a(lib_a-locale.o)
 .debug_frame   0x0000192c       0xb0 s:/program files (x86)/atmel/studio/7.0/toolchain/arm/arm-gnu-toolchain/bin/../lib/gcc/arm-none-eabi/6.3.1/../../../../arm-none-eabi/lib/thumb/v7e-m\libc.a(lib_a-lock.o)
 .debug_frame   0x000019dc       0x68 s:/program files (x86)/atmel/studio/7.0/toolchain/arm/arm-gnu-toolchain/bin/../lib/gcc/arm-none-eabi/6.3.1/../../../../arm-none-eabi/lib/thumb/v7e-m\libc.a(lib_a-makebuf.o)
 .debug_frame   0x00001a44       0x30 s:/program files (x86)/atmel/studio/7.0/toolchain/arm/arm-gnu-toolchain/bin/../lib/gcc/arm-none-eabi/6.3.1/../../../../arm-none-eabi/lib/thumb/v7e-m\libc.a(lib_a-malloc.o)
 .debug_frame   0x00001a74       0x58 s:/program files (x86)/atmel/studio/7.0/toolchain/arm/arm-gnu-toolchain/bin/../lib/gcc/arm-none-eabi/6.3.1/../../../../arm-none-eabi/lib/thumb/v7e-m\libc.a(lib_a-mallocr.o)
 .debug_frame   0x00001acc       0x4c s:/program files (x86)/atmel/studio/7.0/toolchain/arm/arm-gnu-toolchain/bin/../lib/gcc/arm-none-eabi/6.3.1/../../../../arm-none-eabi/lib/thumb/v7e-m\libc.a(lib_a-mbtowc_r.o)
 .debug_frame   0x00001b18       0x30 s:/program files (x86)/atmel/studio/7.0/toolchain/arm/arm-gnu-toolchain/bin/../lib/gcc/arm-none-eabi/6.3.1/../../../../arm-none-eabi/lib/thumb/v7e-m\libc.a(lib_a-memmove.o)
 .debug_frame   0x00001b48       0x30 s:/program files (x86)/atmel/studio/7.0/toolchain/arm/arm-gnu-toolchain/bin/../lib/gcc/arm-none-eabi/6.3.1/../../../../arm-none-eabi/lib/thumb/v7e-m\libc.a(lib_a-mlock.o)
 .debug_frame   0x00001b78       0x68 s:/program files (x86)/atmel/studio/7.0/toolchain/arm/arm-gnu-toolchain/bin/../lib/gcc/arm-none-eabi/6.3.1/../../../../arm-none-eabi/lib/thumb/v7e-m\libc.a(lib_a-reallocr.o)
 .debug_frame   0x00001be0       0x2c s:/program files (x86)/atmel/studio/7.0/toolchain/arm/arm-gnu-toolchain/bin/../lib/gcc/arm-none-eabi/6.3.1/../../../../arm-none-eabi/lib/thumb/v7e-m\libc.a(lib_a-sbrkr.o)
 .debug_frame   0x00001c0c       0x88 s:/program files (x86)/atmel/studio/7.0/toolchain/arm/arm-gnu-toolchain/bin/../lib/gcc/arm-none-eabi/6.3.1/../../../../arm-none-eabi/lib/thumb/v7e-m\libc.a(lib_a-stdio.o)
 .debug_frame   0x00001c94       0x40 s:/program files (x86)/atmel/studio/7.0/toolchain/arm/arm-gnu-toolchain/bin/../lib/gcc/arm-none-eabi/6.3.1/../../../../arm-none-eabi/lib/thumb/v7e-m\libc.a(lib_a-wbuf.o)
 .debug_frame   0x00001cd4       0x5c s:/program files (x86)/atmel/studio/7.0/toolchain/arm/arm-gnu-toolchain/bin/../lib/gcc/arm-none-eabi/6.3.1/../../../../arm-none-eabi/lib/thumb/v7e-m\libc.a(lib_a-wcrtomb.o)
 .debug_frame   0x00001d30       0x3c s:/program files (x86)/atmel/studio/7.0/toolchain/arm/arm-gnu-toolchain/bin/../lib/gcc/arm-none-eabi/6.3.1/../../../../arm-none-eabi/lib/thumb/v7e-m\libc.a(lib_a-wctomb_r.o)
 .debug_frame   0x00001d6c       0x2c s:/program files (x86)/atmel/studio/7.0/toolchain/arm/arm-gnu-toolchain/bin/../lib/gcc/arm-none-eabi/6.3.1/../../../../arm-none-eabi/lib/thumb/v7e-m\libc.a(lib_a-writer.o)
 .debug_frame   0x00001d98       0x34 s:/program files (x86)/atmel/studio/7.0/toolchain/arm/arm-gnu-toolchain/bin/../lib/gcc/arm-none-eabi/6.3.1/../../../../arm-none-eabi/lib/thumb/v7e-m\libc.a(lib_a-__atexit.o)
 .debug_frame   0x00001dcc       0x2c s:/program files (x86)/atmel/studio/7.0/toolchain/arm/arm-gnu-toolchain/bin/../lib/gcc/arm-none-eabi/6.3.1/../../../../arm-none-eabi/lib/thumb/v7e-m\libc.a(lib_a-closer.o)
 .debug_frame   0x00001df8       0x3c s:/program files (x86)/atmel/studio/7.0/toolchain/arm/arm-gnu-toolchain/bin/../lib/gcc/arm-none-eabi/6.3.1/../../../../arm-none-eabi/lib/thumb/v7e-m\libc.a(lib_a-fclose.o)
 .debug_frame   0x00001e34       0x2c s:/program files (x86)/atmel/studio/7.0/toolchain/arm/arm-gnu-toolchain/bin/../lib/gcc/arm-none-eabi/6.3.1/../../../../arm-none-eabi/lib/thumb/v7e-m\libc.a(lib_a-fstatr.o)
 .debug_frame   0x00001e60       0x2c s:/program files (x86)/atmel/studio/7.0/toolchain/arm/arm-gnu-toolchain/bin/../lib/gcc/arm-none-eabi/6.3.1/../../../../arm-none-eabi/lib/thumb/v7e-m\libc.a(lib_a-isattyr.o)
 .debug_frame   0x00001e8c       0x2c s:/program files (x86)/atmel/studio/7.0/toolchain/arm/arm-gnu-toolchain/bin/../lib/gcc/arm-none-eabi/6.3.1/../../../../arm-none-eabi/lib/thumb/v7e-m\libc.a(lib_a-lseekr.o)
 .debug_frame   0x00001eb8       0x2c s:/program files (x86)/atmel/studio/7.0/toolchain/arm/arm-gnu-toolchain/bin/../lib/gcc/arm-none-eabi/6.3.1/../../../../arm-none-eabi/lib/thumb/v7e-m\libc.a(lib_a-readr.o)
 .debug_frame   0x00001ee4       0x58 s:/program files (x86)/atmel/studio/7.0/toolchain/arm/arm-gnu-toolchain/bin/../lib/gcc/arm-none-eabi/6.3.1/../../../../arm-none-eabi/lib/thumb/v7e-m\libc.a(lib_a-reent.o)
 .debug_frame   0x00001f3c       0x2c s:/program files (x86)/atmel/studio/7.0/toolchain/arm/arm-gnu-toolchain/bin/../lib/gcc/arm-none-eabi/6.3.1/thumb/v7e-m\libgcc.a(_aeabi_uldivmod.o)
 .debug_frame   0x00001f68       0x34 s:/program files (x86)/atmel/studio/7.0/toolchain/arm/arm-gnu-toolchain/bin/../lib/gcc/arm-none-eabi/6.3.1/thumb/v7e-m\libgcc.a(_udivmoddi4.o)

Cross Reference Table

Symbol                                            File
ACC_Handler                                       src/ASF/sam/utils/cmsis/sam4s/source/templates/gcc/startup_sam4s.o
ADC_Handler                                       src/ASF/sam/utils/cmsis/sam4s/source/templates/gcc/startup_sam4s.o
BusFault_Handler                                  src/ASF/sam/utils/cmsis/sam4s/source/templates/gcc/startup_sam4s.o
CRCCU_Handler                                     src/ASF/sam/utils/cmsis/sam4s/source/templates/gcc/startup_sam4s.o
DACC_Handler                                      src/ASF/sam/utils/cmsis/sam4s/source/templates/gcc/startup_sam4s.o
DebugMon_Handler                                  src/ASF/sam/utils/cmsis/sam4s/source/templates/gcc/startup_sam4s.o
Dummy_Handler                                     src/ASF/sam/utils/cmsis/sam4s/source/templates/gcc/startup_sam4s.o
EFC0_Handler                                      src/ASF/sam/utils/cmsis/sam4s/source/templates/gcc/startup_sam4s.o
EFC1_Handler                                      src/ASF/sam/utils/cmsis/sam4s/source/templates/gcc/startup_sam4s.o
HSMCI_Handler                                     src/ASF/sam/utils/cmsis/sam4s/source/templates/gcc/startup_sam4s.o
HardFault_Handler                                 src/ASF/sam/utils/cmsis/sam4s/source/templates/gcc/startup_sam4s.o
LED_Off                                           src/ASF/sam/boards/sam4s_ek2/led.o
LED_On                                            src/ASF/sam/boards/sam4s_ek2/led.o
MemManage_Handler                                 src/ASF/sam/utils/cmsis/sam4s/source/templates/gcc/startup_sam4s.o
NMI_Handler                                       src/ASF/sam/utils/cmsis/sam4s/source/templates/gcc/startup_sam4s.o
PIOA_Handler                                      src/ASF/sam/drivers/pio/pio_handler.o
PIOB_Handler                                      src/ASF/sam/drivers/pio/pio_handler.o
PIOC_Handler                                      src/ASF/sam/drivers/pio/pio_handler.o
PMC_Handler                                       src/ASF/sam/utils/cmsis/sam4s/source/templates/gcc/startup_sam4s.o
PWM_Handler                                       src/ASF/sam/utils/cmsis/sam4s/source/templates/gcc/startup_sam4s.o
PendSV_Handler                                    src/ASF/sam/utils/cmsis/sam4s/source/templates/gcc/startup_sam4s.o
RSTC_Handler                                      src/ASF/sam/utils/cmsis/sam4s/source/templates/gcc/startup_sam4s.o
RTC_Handler                                       src/ASF/sam/utils/cmsis/sam4s/source/templates/gcc/startup_sam4s.o
RTT_Handler                                       src/ASF/sam/utils/cmsis/sam4s/source/templates/gcc/startup_sam4s.o
Reset_Handler                                     src/ASF/sam/utils/cmsis/sam4s/source/templates/gcc/startup_sam4s.o
SPI_Handler                                       src/ASF/sam/utils/cmsis/sam4s/source/templates/gcc/startup_sam4s.o
SSC_Handler                                       src/ASF/sam/utils/cmsis/sam4s/source/templates/gcc/startup_sam4s.o
SUPC_Handler                                      src/ASF/sam/utils/cmsis/sam4s/source/templates/gcc/startup_sam4s.o
SVC_Handler                                       src/ASF/sam/utils/cmsis/sam4s/source/templates/gcc/startup_sam4s.o
SysTick_Handler                                   src/ASF/sam/utils/cmsis/sam4s/source/templates/gcc/startup_sam4s.o
SystemCoreClock                                   src/ASF/sam/utils/cmsis/sam4s/source/templates/system_sam4s.o
SystemCoreClockUpdate                             src/ASF/sam/utils/cmsis/sam4s/source/templates/system_sam4s.o
                                                  src/ASF/common/services/clock/sam4s/sysclk.o
SystemInit                                        src/ASF/sam/utils/cmsis/sam4s/source/templates/system_sam4s.o
TC0_Handler                                       src/ASF/sam/utils/cmsis/sam4s/source/templates/gcc/startup_sam4s.o
TC1_Handler                                       src/ASF/sam/utils/cmsis/sam4s/source/templates/gcc/startup_sam4s.o
TC2_Handler                                       src/ASF/sam/utils/cmsis/sam4s/source/templates/gcc/startup_sam4s.o
TC3_Handler                                       src/ASF/sam/utils/cmsis/sam4s/source/templates/gcc/startup_sam4s.o
TC4_Handler                                       src/ASF/sam/utils/cmsis/sam4s/source/templates/gcc/startup_sam4s.o
TC5_Handler                                       src/ASF/sam/utils/cmsis/sam4s/source/templates/gcc/startup_sam4s.o
TWI0_Handler                                      src/ASF/sam/utils/cmsis/sam4s/source/templates/gcc/startup_sam4s.o
TWI1_Handler                                      src/ASF/sam/utils/cmsis/sam4s/source/templates/gcc/startup_sam4s.o
UART0_Handler                                     src/main.o
                                                  src/ASF/sam/utils/cmsis/sam4s/source/templates/gcc/startup_sam4s.o
UART1_Handler                                     src/ASF/sam/utils/cmsis/sam4s/source/templates/gcc/startup_sam4s.o
UDP_Handler                                       src/ASF/sam/utils/cmsis/sam4s/source/templates/gcc/startup_sam4s.o
USART0_Handler                                    src/ASF/sam/utils/cmsis/sam4s/source/templates/gcc/startup_sam4s.o
USART1_Handler                                    src/ASF/sam/utils/cmsis/sam4s/source/templates/gcc/startup_sam4s.o
UsageFault_Handler                                src/ASF/sam/utils/cmsis/sam4s/source/templates/gcc/startup_sam4s.o
WDT_Handler                                       src/ASF/sam/utils/cmsis/sam4s/source/templates/gcc/startup_sam4s.o
_Jv_RegisterClasses                               s:/program files (x86)/atmel/studio/7.0/toolchain/arm/arm-gnu-toolchain/bin/../lib/gcc/arm-none-eabi/6.3.1/thumb/v7e-m/crtbegin.o
_PathLocale                                       s:/program files (x86)/atmel/studio/7.0/toolchain/arm/arm-gnu-toolchain/bin/../lib/gcc/arm-none-eabi/6.3.1/../../../../arm-none-eabi/lib/thumb/v7e-m\libc.a(lib_a-locale.o)
__aeabi_idiv0                                     s:/program files (x86)/atmel/studio/7.0/toolchain/arm/arm-gnu-toolchain/bin/../lib/gcc/arm-none-eabi/6.3.1/thumb/v7e-m\libgcc.a(_dvmd_tls.o)
__aeabi_ldiv0                                     s:/program files (x86)/atmel/studio/7.0/toolchain/arm/arm-gnu-toolchain/bin/../lib/gcc/arm-none-eabi/6.3.1/thumb/v7e-m\libgcc.a(_dvmd_tls.o)
                                                  s:/program files (x86)/atmel/studio/7.0/toolchain/arm/arm-gnu-toolchain/bin/../lib/gcc/arm-none-eabi/6.3.1/thumb/v7e-m\libgcc.a(_aeabi_uldivmod.o)
__aeabi_uldivmod                                  s:/program files (x86)/atmel/studio/7.0/toolchain/arm/arm-gnu-toolchain/bin/../lib/gcc/arm-none-eabi/6.3.1/thumb/v7e-m\libgcc.a(_aeabi_uldivmod.o)
                                                  s:/program files (x86)/atmel/studio/7.0/toolchain/arm/arm-gnu-toolchain/bin/../lib/gcc/arm-none-eabi/6.3.1/../../../../arm-none-eabi/lib/thumb/v7e-m\libc.a(lib_a-vfiprintf.o)