Archive member included to satisfy reference by file (symbol)

s:/program files (x86)/atmel/studio/7.0/toolchain/arm/arm-gnu-toolchain/bin/../lib/gcc/arm-none-eabi/6.3.1/../../../../arm-none-eabi/lib/thumb/v7e-m\libc.a(lib_a-exit.o)
                              s:/program files (x86)/atmel/studio/7.0/toolchain/arm/arm-gnu-toolchain/bin/../lib/gcc/arm-none-eabi/6.3.1/../../../../arm-none-eabi/lib/thumb/v7e-m/crt0.o (exit)
s:/program files (x86)/atmel/studio/7.0/toolchain/arm/arm-gnu-toolchain/bin/../lib/gcc/arm-none-eabi/6.3.1/../../../../arm-none-eabi/lib/thumb/v7e-m\libc.a(lib_a-impure.o)
                              s:/program files (x86)/atmel/studio/7.0/toolchain/arm/arm-gnu-toolchain/bin/../lib/gcc/arm-none-eabi/6.3.1/../../../../arm-none-eabi/lib/thumb/v7e-m\libc.a(lib_a-exit.o) (_global_impure_ptr)
s:/program files (x86)/atmel/studio/7.0/toolchain/arm/arm-gnu-toolchain/bin/../lib/gcc/arm-none-eabi/6.3.1/../../../../arm-none-eabi/lib/thumb/v7e-m\libc.a(lib_a-init.o)
                              s:/program files (x86)/atmel/studio/7.0/toolchain/arm/arm-gnu-toolchain/bin/../lib/gcc/arm-none-eabi/6.3.1/../../../../arm-none-eabi/lib/thumb/v7e-m/crt0.o (__libc_init_array)
s:/program files (x86)/atmel/studio/7.0/toolchain/arm/arm-gnu-toolchain/bin/../lib/gcc/arm-none-eabi/6.3.1/../../../../arm-none-eabi/lib/thumb/v7e-m\libc.a(lib_a-memset.o)
                              s:/program files (x86)/atmel/studio/7.0/toolchain/arm/arm-gnu-toolchain/bin/../lib/gcc/arm-none-eabi/6.3.1/../../../../arm-none-eabi/lib/thumb/v7e-m/crt0.o (memset)
s:/program files (x86)/atmel/studio/7.0/toolchain/arm/arm-gnu-toolchain/bin/../lib/gcc/arm-none-eabi/6.3.1/../../../../arm-none-eabi/lib/thumb/v7e-m\libc.a(lib_a-__call_atexit.o)
                              s:/program files (x86)/atmel/studio/7.0/toolchain/arm/arm-gnu-toolchain/bin/../lib/gcc/arm-none-eabi/6.3.1/../../../../arm-none-eabi/lib/thumb/v7e-m\libc.a(lib_a-exit.o) (__call_exitprocs)
s:/program files (x86)/atmel/studio/7.0/toolchain/arm/arm-gnu-toolchain/bin/../lib/gcc/arm-none-eabi/6.3.1/../../../../arm-none-eabi/lib/thumb/v7e-m\libc.a(lib_a-atexit.o)
                              s:/program files (x86)/atmel/studio/7.0/toolchain/arm/arm-gnu-toolchain/bin/../lib/gcc/arm-none-eabi/6.3.1/../../../../arm-none-eabi/lib/thumb/v7e-m\libc.a(lib_a-__call_atexit.o) (atexit)
s:/program files (x86)/atmel/studio/7.0/toolchain/arm/arm-gnu-toolchain/bin/../lib/gcc/arm-none-eabi/6.3.1/../../../../arm-none-eabi/lib/thumb/v7e-m\libc.a(lib_a-fini.o)
                              s:/program files (x86)/atmel/studio/7.0/toolchain/arm/arm-gnu-toolchain/bin/../lib/gcc/arm-none-eabi/6.3.1/../../../../arm-none-eabi/lib/thumb/v7e-m\libc.a(lib_a-__call_atexit.o) (__libc_fini_array)
s:/program files (x86)/atmel/studio/7.0/toolchain/arm/arm-gnu-toolchain/bin/../lib/gcc/arm-none-eabi/6.3.1/../../../../arm-none-eabi/lib/thumb/v7e-m\libc.a(lib_a-lock.o)
                              s:/program files (x86)/atmel/studio/7.0/toolchain/arm/arm-gnu-toolchain/bin/../lib/gcc/arm-none-eabi/6.3.1/../../../../arm-none-eabi/lib/thumb/v7e-m\libc.a(lib_a-__call_atexit.o) (__retarget_lock_acquire_recursive)
s:/program files (x86)/atmel/studio/7.0/toolchain/arm/arm-gnu-toolchain/bin/../lib/gcc/arm-none-eabi/6.3.1/../../../../arm-none-eabi/lib/thumb/v7e-m\libc.a(lib_a-__atexit.o)
                              s:/program files (x86)/atmel/studio/7.0/toolchain/arm/arm-gnu-toolchain/bin/../lib/gcc/arm-none-eabi/6.3.1/../../../../arm-none-eabi/lib/thumb/v7e-m\libc.a(lib_a-atexit.o) (__register_exitproc)

Allocating common symbols
Common symbol       size              file

__lock___atexit_recursive_mutex
                    0x1               s:/program files (x86)/atmel/studio/7.0/toolchain/arm/arm-gnu-toolchain/bin/../lib/gcc/arm-none-eabi/6.3.1/../../../../arm-none-eabi/lib/thumb/v7e-m\libc.a(lib_a-lock.o)
__lock___arc4random_mutex
                    0x1               s:/program files (x86)/atmel/studio/7.0/toolchain/arm/arm-gnu-toolchain/bin/../lib/gcc/arm-none-eabi/6.3.1/../../../../arm-none-eabi/lib/thumb/v7e-m\libc.a(lib_a-lock.o)
g_pwm_channel_led   0x28              src/main.o
__lock___env_recursive_mutex
                    0x1               s:/program files (x86)/atmel/studio/7.0/toolchain/arm/arm-gnu-toolchain/bin/../lib/gcc/arm-none-eabi/6.3.1/../../../../arm-none-eabi/lib/thumb/v7e-m\libc.a(lib_a-lock.o)
__lock___sinit_recursive_mutex
                    0x1               s:/program files (x86)/atmel/studio/7.0/toolchain/arm/arm-gnu-toolchain/bin/../lib/gcc/arm-none-eabi/6.3.1/../../../../arm-none-eabi/lib/thumb/v7e-m\libc.a(lib_a-lock.o)
__lock___malloc_recursive_mutex
                    0x1               s:/program files (x86)/atmel/studio/7.0/toolchain/arm/arm-gnu-toolchain/bin/../lib/gcc/arm-none-eabi/6.3.1/../../../../arm-none-eabi/lib/thumb/v7e-m\libc.a(lib_a-lock.o)
pio_capture_enable_flag
                    0x4               src/ASF/sam/drivers/pio/pio.o
__lock___at_quick_exit_mutex
[...]
Memory Configuration

Name             Origin             Length             Attributes
rom              0x00400000         0x00200000         xr
ram              0x20000000         0x00028000         xrw
*default*        0x00000000         0xffffffff

Linker script and memory map

LOAD s:/program files (x86)/atmel/studio/7.0/toolchain/arm/arm-gnu-toolchain/bin/../lib/gcc/arm-none-eabi/6.3.1/thumb/v7e-m/crti.o
LOAD s:/program files (x86)/atmel/studio/7.0/toolchain/arm/arm-gnu-toolchain/bin/../lib/gcc/arm-none-eabi/6.3.1/thumb/v7e-m/crtbegin.o
LOAD s:/program files (x86)/atmel/studio/7.0/toolchain/arm/arm-gnu-toolchain/bin/../lib/gcc/arm-none-eabi/6.3.1/../../../../arm-none-eabi/lib/thumb/v7e-m/crt0.o
LOAD src/ASF/common/services/clock/sam4s/sysclk.o
LOAD src/ASF/common/services/delay/sam/cycle_counter.o
LOAD src/ASF/common/utils/interrupt/interrupt_sam_nvic.o
LOAD src/ASF/sam/boards/sam4s_ek2/init.o
LOAD src/ASF/sam/boards/sam4s_ek2/led.o
LOAD src/ASF/sam/drivers/pio/pio.o
LOAD src/ASF/sam/drivers/pio/pio_handler.o
LOAD src/ASF/sam/drivers/pmc/pmc.o
LOAD src/ASF/sam/drivers/pmc/sleep.o
LOAD src/ASF/sam/drivers/pwm/pwm.o
LOAD src/ASF/sam/utils/cmsis/sam4s/source/templates/gcc/startup_sam4s.o
LOAD src/ASF/sam/utils/cmsis/sam4s/source/templates/system_sam4s.o
LOAD src/ASF/sam/utils/syscalls/gcc/syscalls.o
LOAD src/main.o
START GROUP
LOAD ../src/ASF/thirdparty/CMSIS/Lib/GCC\libarm_cortexM4l_math.a
LOAD s:/program files (x86)/atmel/studio/7.0/toolchain/arm/arm-gnu-toolchain/bin/../lib/gcc/arm-none-eabi/6.3.1/../../../../arm-none-eabi/lib/thumb/v7e-m\libm.a
END GROUP
START GROUP
LOAD s:/program files (x86)/atmel/studio/7.0/toolchain/arm/arm-gnu-toolchain/bin/../lib/gcc/arm-none-eabi/6.3.1/thumb/v7e-m\libgcc.a
LOAD s:/program files (x86)/atmel/studio/7.0/toolchain/arm/arm-gnu-toolchain/bin/../lib/gcc/arm-none-eabi/6.3.1/../../../../arm-none-eabi/lib/thumb/v7e-m\libc.a
END GROUP
LOAD s:/program files (x86)/atmel/studio/7.0/toolchain/arm/arm-gnu-toolchain/bin/../lib/gcc/arm-none-eabi/6.3.1/thumb/v7e-m/crtend.o
LOAD s:/program files (x86)/atmel/studio/7.0/toolchain/arm/arm-gnu-toolchain/bin/../lib/gcc/arm-none-eabi/6.3.1/thumb/v7e-m/crtn.o
                0x00003000                __stack_size__ = DEFINED (__stack_size__)?__stack_size__:0x3000
                0x20027ffc                __ram_end__ = ((ORIGIN (ram) + LENGTH (ram)) - 0x4)

.text           0x00400000      0xfe4
                0x00400000                . = ALIGN (0x4)
                0x00400000                _sfixed = .
 *(.vectors .vectors.*)
 .vectors       0x00400000       0xcc src/ASF/sam/utils/cmsis/sam4s/source/templates/gcc/startup_sam4s.o
                0x00400000                exception_table
 *(.text .text.* .gnu.linkonce.t.*)
 .text          0x004000cc       0x6c s:/program files (x86)/atmel/studio/7.0/toolchain/arm/arm-gnu-toolchain/bin/../lib/gcc/arm-none-eabi/6.3.1/thumb/v7e-m/crtbegin.o
 .text.sysclk_init
                0x00400138       0x64 src/ASF/common/services/clock/sam4s/sysclk.o
                0x00400138                sysclk_init
 .text.board_init
                0x0040019c      0x144 src/ASF/sam/boards/sam4s_ek2/init.o
                0x0040019c                board_init
 .text.pio_set_peripheral
                0x004002e0       0x90 src/ASF/sam/drivers/pio/pio.o
                0x004002e0                pio_set_peripheral
 .text.pio_set_input
                0x00400370       0x32 src/ASF/sam/drivers/pio/pio.o
                0x00400370                pio_set_input
 .text.pio_set_output
                0x004003a2       0x26 src/ASF/sam/drivers/pio/pio.o
                0x004003a2                pio_set_output
 .text.pio_configure_interrupt
                0x004003c8       0x2e src/ASF/sam/drivers/pio/pio.o
                0x004003c8                pio_configure_interrupt
 .text.pio_enable_interrupt
                0x004003f6        0x4 src/ASF/sam/drivers/pio/pio.o
                0x004003f6                pio_enable_interrupt
 .text.pio_get_interrupt_status
                0x004003fa        0x4 src/ASF/sam/drivers/pio/pio.o
                0x004003fa                pio_get_interrupt_status
 .text.pio_get_interrupt_mask
                0x004003fe        0x4 src/ASF/sam/drivers/pio/pio.o
                0x004003fe                pio_get_interrupt_mask
 .text.pio_set_pin_low
                0x00400402       0x1a src/ASF/sam/drivers/pio/pio.o
                0x00400402                pio_set_pin_low
 .text.pio_configure_pin
                0x0040041c      0x120 src/ASF/sam/drivers/pio/pio.o
                0x0040041c                pio_configure_pin
 .text.pio_configure_pin_group
                0x0040053c       0xd8 src/ASF/sam/drivers/pio/pio.o
                0x0040053c                pio_configure_pin_group
 .text.pio_handler_process
                0x00400614       0x68 src/ASF/sam/drivers/pio/pio_handler.o
                0x00400614                pio_handler_process
 .text.pio_handler_set
                0x0040067c       0x70 src/ASF/sam/drivers/pio/pio_handler.o
                0x0040067c                pio_handler_set
 .text.PIOA_Handler
                0x004006ec       0x14 src/ASF/sam/drivers/pio/pio_handler.o
                0x004006ec                PIOA_Handler
 .text.PIOB_Handler
                0x00400700       0x14 src/ASF/sam/drivers/pio/pio_handler.o
                0x00400700                PIOB_Handler
 .text.PIOC_Handler
                0x00400714       0x14 src/ASF/sam/drivers/pio/pio_handler.o
                0x00400714                PIOC_Handler
 .text.pmc_switch_mck_to_pllack
                0x00400728       0x64 src/ASF/sam/drivers/pmc/pmc.o
                0x00400728                pmc_switch_mck_to_pllack
 .text.pmc_switch_mainck_to_xtal
                0x0040078c       0x54 src/ASF/sam/drivers/pmc/pmc.o
                0x0040078c                pmc_switch_mainck_to_xtal
 .text.pmc_osc_is_ready_mainck
                0x004007e0       0x10 src/ASF/sam/drivers/pmc/pmc.o
                0x004007e0                pmc_osc_is_ready_mainck
 .text.pmc_disable_pllack
                0x004007f0       0x10 src/ASF/sam/drivers/pmc/pmc.o
                0x004007f0                pmc_disable_pllack
 .text.pmc_is_locked_pllack
                0x00400800       0x10 src/ASF/sam/drivers/pmc/pmc.o
                0x00400800                pmc_is_locked_pllack
 .text.pmc_enable_periph_clk
                0x00400810       0x54 src/ASF/sam/drivers/pmc/pmc.o
                0x00400810                pmc_enable_periph_clk
 .text.pwm_clocks_generate
                0x00400864       0x54 src/ASF/sam/drivers/pwm/pwm.o
 .text.pwm_init
                0x004008b8       0x44 src/ASF/sam/drivers/pwm/pwm.o
                0x004008b8                pwm_init
 .text.pwm_channel_init
                0x004008fc       0xe6 src/ASF/sam/drivers/pwm/pwm.o
                0x004008fc                pwm_channel_init
 .text.pwm_channel_update_duty
                0x004009e2       0x1c src/ASF/sam/drivers/pwm/pwm.o
                0x004009e2                pwm_channel_update_duty
 .text.pwm_channel_enable
                0x004009fe        0xa src/ASF/sam/drivers/pwm/pwm.o
                0x004009fe                pwm_channel_enable
 .text.pwm_channel_disable
                0x00400a08        0xa src/ASF/sam/drivers/pwm/pwm.o
                0x00400a08                pwm_channel_disable
 .text.Dummy_Handler
                0x00400a12        0x2 src/ASF/sam/utils/cmsis/sam4s/source/templates/gcc/startup_sam4s.o
                0x00400a12                DACC_Handler
                0x00400a12                DebugMon_Handler
                0x00400a12                HardFault_Handler
                0x00400a12                TC2_Handler
                0x00400a12                SPI_Handler
                0x00400a12                SysTick_Handler
                0x00400a12                TWI1_Handler
                0x00400a12                PendSV_Handler
                0x00400a12                NMI_Handler
                0x00400a12                ADC_Handler
                0x00400a12                CRCCU_Handler
                0x00400a12                USART0_Handler
                0x00400a12                RTT_Handler
                0x00400a12                EFC1_Handler
                0x00400a12                RTC_Handler
                0x00400a12                UsageFault_Handler
                0x00400a12                WDT_Handler
                0x00400a12                TC4_Handler
                0x00400a12                TC1_Handler
                0x00400a12                HSMCI_Handler
                0x00400a12                UART1_Handler
                0x00400a12                TC3_Handler
                0x00400a12                Dummy_Handler
                0x00400a12                TWI0_Handler
                0x00400a12                USART1_Handler
                0x00400a12                SSC_Handler
                0x00400a12                EFC0_Handler
                0x00400a12                ACC_Handler
                0x00400a12                PMC_Handler
                0x00400a12                PWM_Handler
                0x00400a12                MemManage_Handler
                0x00400a12                SUPC_Handler
                0x00400a12                SVC_Handler
                0x00400a12                UART0_Handler
                0x00400a12                UDP_Handler
                0x00400a12                BusFault_Handler
                0x00400a12                RSTC_Handler
                0x00400a12                TC0_Handler
                0x00400a12                TC5_Handler
 .text.Reset_Handler
                0x00400a14       0xac src/ASF/sam/utils/cmsis/sam4s/source/templates/gcc/startup_sam4s.o
                0x00400a14                Reset_Handler
 .text.SystemCoreClockUpdate
                0x00400ac0      0x110 src/ASF/sam/utils/cmsis/sam4s/source/templates/system_sam4s.o
                0x00400ac0                SystemCoreClockUpdate
 .text.system_init_flash
                0x00400bd0       0x94 src/ASF/sam/utils/cmsis/sam4s/source/templates/system_sam4s.o
                0x00400bd0                system_init_flash
 .text.aumenta  0x00400c64       0x38 src/main.o
                0x00400c64                aumenta
 .text.diminui  0x00400c9c       0x38 src/main.o
                0x00400c9c                diminui
 .text.configurar_botao1
                0x00400cd4       0x54 src/main.o
                0x00400cd4                configurar_botao1
 .text.configurar_botao2
                0x00400d28       0x58 src/main.o
                0x00400d28                configurar_botao2
 .text.main     0x00400d80       0xa0 src/main.o
                0x00400d80                main
 .text.__libc_init_array
                0x00400e20       0x50 s:/program files (x86)/atmel/studio/7.0/toolchain/arm/arm-gnu-toolchain/bin/../lib/gcc/arm-none-eabi/6.3.1/../../../../arm-none-eabi/lib/thumb/v7e-m\libc.a(lib_a-init.o)
                0x00400e20                __libc_init_array
 .text.startup.register_fini
                0x00400e70       0x14 s:/program files (x86)/atmel/studio/7.0/toolchain/arm/arm-gnu-toolchain/bin/../lib/gcc/arm-none-eabi/6.3.1/../../../../arm-none-eabi/lib/thumb/v7e-m\libc.a(lib_a-__call_atexit.o)
 .text.atexit   0x00400e84        0xc s:/program files (x86)/atmel/studio/7.0/toolchain/arm/arm-gnu-toolchain/bin/../lib/gcc/arm-none-eabi/6.3.1/../../../../arm-none-eabi/lib/thumb/v7e-m\libc.a(lib_a-atexit.o)
                0x00400e84                atexit
 .text.__libc_fini_array
                0x00400e90       0x34 s:/program files (x86)/atmel/studio/7.0/toolchain/arm/arm-gnu-toolchain/bin/../lib/gcc/arm-none-eabi/6.3.1/../../../../arm-none-eabi/lib/thumb/v7e-m\libc.a(lib_a-fini.o)
                0x00400e90                __libc_fini_array
 .text.__retarget_lock_acquire_recursive
                0x00400ec4        0x4 s:/program files (x86)/atmel/studio/7.0/toolchain/arm/arm-gnu-toolchain/bin/../lib/gcc/arm-none-eabi/6.3.1/../../../../arm-none-eabi/lib/thumb/v7e-m\libc.a(lib_a-lock.o)
                0x00400ec4                __retarget_lock_acquire_recursive
 .text.__retarget_lock_release_recursive
                0x00400ec8        0x4 s:/program files (x86)/atmel/studio/7.0/toolchain/arm/arm-gnu-toolchain/bin/../lib/gcc/arm-none-eabi/6.3.1/../../../../arm-none-eabi/lib/thumb/v7e-m\libc.a(lib_a-lock.o)
                0x00400ec8                __retarget_lock_release_recursive
 .text.__register_exitproc
                0x00400ecc       0xc4 s:/program files (x86)/atmel/studio/7.0/toolchain/arm/arm-gnu-toolchain/bin/../lib/gcc/arm-none-eabi/6.3.1/../../../../arm-none-eabi/lib/thumb/v7e-m\libc.a(lib_a-__atexit.o)
                0x00400ecc                __register_exitproc
 *(.glue_7t)
 .glue_7t       0x00400f90        0x0 linker stubs
 *(.glue_7)
 .glue_7        0x00400f90        0x0 linker stubs
 *(.rodata .rodata* .gnu.linkonce.r.*)
 .rodata        0x00400f90       0x2c src/ASF/sam/drivers/pwm/pwm.o
 .rodata._global_impure_ptr
                0x00400fbc        0x4 s:/program files (x86)/atmel/studio/7.0/toolchain/arm/arm-gnu-toolchain/bin/../lib/gcc/arm-none-eabi/6.3.1/../../../../arm-none-eabi/lib/thumb/v7e-m\libc.a(lib_a-impure.o)
                0x00400fbc                _global_impure_ptr
 *(.ARM.extab* .gnu.linkonce.armextab.*)
                0x00400fc0                . = ALIGN (0x4)
 *(.init)
 .init          0x00400fc0        0x4 s:/program files (x86)/atmel/studio/7.0/toolchain/arm/arm-gnu-toolchain/bin/../lib/gcc/arm-none-eabi/6.3.1/thumb/v7e-m/crti.o
                0x00400fc0                _init
 .init          0x00400fc4        0x8 s:/program files (x86)/atmel/studio/7.0/toolchain/arm/arm-gnu-toolchain/bin/../lib/gcc/arm-none-eabi/6.3.1/thumb/v7e-m/crtn.o
                0x00400fcc                . = ALIGN (0x4)
                0x00400fcc                __preinit_array_start = .
 *(.preinit_array)
                0x00400fcc                __preinit_array_end = .
                0x00400fcc                . = ALIGN (0x4)
                0x00400fcc                __init_array_start = .
 *(SORT(.init_array.*))
 .init_array.00000
                0x00400fcc        0x4 s:/program files (x86)/atmel/studio/7.0/toolchain/arm/arm-gnu-toolchain/bin/../lib/gcc/arm-none-eabi/6.3.1/../../../../arm-none-eabi/lib/thumb/v7e-m\libc.a(lib_a-__call_atexit.o)
 *(.init_array)
 .init_array    0x00400fd0        0x4 s:/program files (x86)/atmel/studio/7.0/toolchain/arm/arm-gnu-toolchain/bin/../lib/gcc/arm-none-eabi/6.3.1/thumb/v7e-m/crtbegin.o
                0x00400fd4                __init_array_end = .
                0x00400fd4                . = ALIGN (0x4)
 *crtbegin.o(.ctors)
 *(EXCLUDE_FILE(*crtend.o) .ctors)
 *(SORT(.ctors.*))
 *crtend.o(.ctors)
                0x00400fd4                . = ALIGN (0x4)
 *(.fini)
 .fini          0x00400fd4        0x4 s:/program files (x86)/atmel/studio/7.0/toolchain/arm/arm-gnu-toolchain/bin/../lib/gcc/arm-none-eabi/6.3.1/thumb/v7e-m/crti.o
                0x00400fd4                _fini
 .fini          0x00400fd8        0x8 s:/program files (x86)/atmel/studio/7.0/toolchain/arm/arm-gnu-toolchain/bin/../lib/gcc/arm-none-eabi/6.3.1/thumb/v7e-m/crtn.o
                0x00400fe0                . = ALIGN (0x4)
                0x00400fe0                __fini_array_start = .
 *(.fini_array)
 .fini_array    0x00400fe0        0x4 s:/program files (x86)/atmel/studio/7.0/toolchain/arm/arm-gnu-toolchain/bin/../lib/gcc/arm-none-eabi/6.3.1/thumb/v7e-m/crtbegin.o
 *(SORT(.fini_array.*))
                0x00400fe4                __fini_array_end = .
 *crtbegin.o(.dtors)
 *(EXCLUDE_FILE(*crtend.o) .dtors)
 *(SORT(.dtors.*))
 *crtend.o(.dtors)
                0x00400fe4                . = ALIGN (0x4)
                0x00400fe4                _efixed = .
                [!provide]                PROVIDE (__exidx_start, .)

.vfp11_veneer   0x00400fe4        0x0
 .vfp11_veneer  0x00400fe4        0x0 linker stubs

.v4_bx          0x00400fe4        0x0
 .v4_bx         0x00400fe4        0x0 linker stubs

.iplt           0x00400fe4        0x0
 .iplt          0x00400fe4        0x0 s:/program files (x86)/atmel/studio/7.0/toolchain/arm/arm-gnu-toolchain/bin/../lib/gcc/arm-none-eabi/6.3.1/thumb/v7e-m/crtbegin.o

.eh_frame       0x00400fe4        0x0
 .eh_frame      0x00400fe4        0x0 s:/program files (x86)/atmel/studio/7.0/toolchain/arm/arm-gnu-toolchain/bin/../lib/gcc/arm-none-eabi/6.3.1/thumb/v7e-m/crtbegin.o

.rel.dyn        0x00400fe4        0x0
 .rel.iplt      0x00400fe4        0x0 s:/program files (x86)/atmel/studio/7.0/toolchain/arm/arm-gnu-toolchain/bin/../lib/gcc/arm-none-eabi/6.3.1/thumb/v7e-m/crtbegin.o

.jcr            0x00400fe4        0x0
 .jcr           0x00400fe4        0x0 s:/program files (x86)/atmel/studio/7.0/toolchain/arm/arm-gnu-toolchain/bin/../lib/gcc/arm-none-eabi/6.3.1/thumb/v7e-m/crtbegin.o

.igot.plt       0x00400fe4        0x0
 .igot.plt      0x00400fe4        0x0 s:/program files (x86)/atmel/studio/7.0/toolchain/arm/arm-gnu-toolchain/bin/../lib/gcc/arm-none-eabi/6.3.1/thumb/v7e-m/crtbegin.o

.ARM.exidx
 *(.ARM.exidx* .gnu.linkonce.armexidx.*)
                [!provide]                PROVIDE (__exidx_end, .)
                0x00400fe4                . = ALIGN (0x4)
                0x00400fe4                _etext = .

.relocate       0x20000000      0x434 load address 0x00400fe4
                0x20000000                . = ALIGN (0x4)
                0x20000000                _srelocate = .
 *(.ramfunc .ramfunc.*)
 *(.data .data.*)
 .data.SystemCoreClock
                0x20000000        0x4 src/ASF/sam/utils/cmsis/sam4s/source/templates/system_sam4s.o
                0x20000000                SystemCoreClock
 *fill*         0x20000004        0x4 
 .data.impure_data
                0x20000008      0x428 s:/program files (x86)/atmel/studio/7.0/toolchain/arm/arm-gnu-toolchain/bin/../lib/gcc/arm-none-eabi/6.3.1/../../../../arm-none-eabi/lib/thumb/v7e-m\libc.a(lib_a-impure.o)
 .data.__atexit_recursive_mutex
                0x20000430        0x4 s:/program files (x86)/atmel/studio/7.0/toolchain/arm/arm-gnu-toolchain/bin/../lib/gcc/arm-none-eabi/6.3.1/../../../../arm-none-eabi/lib/thumb/v7e-m\libc.a(lib_a-__call_atexit.o)
                0x20000430                __atexit_recursive_mutex
                0x20000434                . = ALIGN (0x4)
                0x20000434                _erelocate = .

.bss            0x20000434       0xe8 load address 0x00401418
                0x20000434                . = ALIGN (0x4)
                0x20000434                _sbss = .
                0x20000434                _szero = .
 *(.bss .bss.*)
 .bss           0x20000434       0x1c s:/program files (x86)/atmel/studio/7.0/toolchain/arm/arm-gnu-toolchain/bin/../lib/gcc/arm-none-eabi/6.3.1/thumb/v7e-m/crtbegin.o
 .bss.gs_interrupt_sources
                0x20000450       0x70 src/ASF/sam/drivers/pio/pio_handler.o
 .bss.gs_ul_nb_sources
                0x200004c0        0x4 src/ASF/sam/drivers/pio/pio_handler.o
 .bss.pio_capture_handler
                0x200004c4        0x4 src/ASF/sam/drivers/pio/pio_handler.o
 .bss.ul_duty   0x200004c8        0x4 src/main.o
                0x200004c8                ul_duty
 *(COMMON)
 COMMON         0x200004cc        0x4 src/ASF/sam/drivers/pio/pio.o
                0x200004cc                pio_capture_enable_flag
 COMMON         0x200004d0       0x28 src/main.o
                0x200004d0                g_pwm_channel_led
 COMMON         0x200004f8       0x21 s:/program files (x86)/atmel/studio/7.0/toolchain/arm/arm-gnu-toolchain/bin/../lib/gcc/arm-none-eabi/6.3.1/../../../../arm-none-eabi/lib/thumb/v7e-m\libc.a(lib_a-lock.o)
                0x200004f8                __lock___atexit_recursive_mutex
                0x200004fc                __lock___arc4random_mutex
                0x20000500                __lock___env_recursive_mutex
                0x20000504                __lock___sinit_recursive_mutex
                0x20000508                __lock___malloc_recursive_mutex
                0x2000050c                __lock___at_quick_exit_mutex
                0x20000510                __lock___dd_hash_mutex
                0x20000514                __lock___tz_mutex
                0x20000518                __lock___sfp_recursive_mutex
                0x2000051c                . = ALIGN (0x4)
 *fill*         0x20000519        0x3 
                0x2000051c                _ebss = .
                0x2000051c                _ezero = .

.stack          0x2000051c     0x3004 load address 0x00401500
                0x20000520                . = ALIGN (0x8)
 *fill*         0x2000051c        0x4 
                0x20000520                _sstack = .
                0x20003520                . = (. + __stack_size__)
 *fill*         0x20000520     0x3000 
                0x20003520                . = ALIGN (0x8)
                0x20003520                _estack = .
                0x20003520                . = ALIGN (0x4)
                0x20003520                _end = .
OUTPUT(PWM_Simples.elf elf32-littlearm)

.ARM.attributes
                0x00000000       0x2a
 .ARM.attributes
                0x00000000       0x1e s:/program files (x86)/atmel/studio/7.0/toolchain/arm/arm-gnu-toolchain/bin/../lib/gcc/arm-none-eabi/6.3.1/thumb/v7e-m/crti.o
 .ARM.attributes
                0x0000001e       0x2e s:/program files (x86)/atmel/studio/7.0/toolchain/arm/arm-gnu-toolchain/bin/../lib/gcc/arm-none-eabi/6.3.1/thumb/v7e-m/crtbegin.o
 .ARM.attributes
                0x0000004c       0x33 src/ASF/common/services/clock/sam4s/sysclk.o
 .ARM.attributes
                0x0000007f       0x33 src/ASF/sam/boards/sam4s_ek2/init.o
 .ARM.attributes
                0x000000b2       0x33 src/ASF/sam/drivers/pio/pio.o
 .ARM.attributes
                0x000000e5       0x33 src/ASF/sam/drivers/pio/pio_handler.o
 .ARM.attributes
                0x00000118       0x33 src/ASF/sam/drivers/pmc/pmc.o
 .ARM.attributes
                0x0000014b       0x33 src/ASF/sam/drivers/pwm/pwm.o
 .ARM.attributes
                0x0000017e       0x33 src/ASF/sam/utils/cmsis/sam4s/source/templates/gcc/startup_sam4s.o
 .ARM.attributes
                0x000001b1       0x33 src/ASF/sam/utils/cmsis/sam4s/source/templates/system_sam4s.o
 .ARM.attributes
                0x000001e4       0x33 src/main.o
 .ARM.attributes
                0x00000217       0x2e s:/program files (x86)/atmel/studio/7.0/toolchain/arm/arm-gnu-toolchain/bin/../lib/gcc/arm-none-eabi/6.3.1/../../../../arm-none-eabi/lib/thumb/v7e-m\libc.a(lib_a-impure.o)
 .ARM.attributes
                0x00000245       0x2e s:/program files (x86)/atmel/studio/7.0/toolchain/arm/arm-gnu-toolchain/bin/../lib/gcc/arm-none-eabi/6.3.1/../../../../arm-none-eabi/lib/thumb/v7e-m\libc.a(lib_a-init.o)
 .ARM.attributes
                0x00000273       0x2e s:/program files (x86)/atmel/studio/7.0/toolchain/arm/arm-gnu-toolchain/bin/../lib/gcc/arm-none-eabi/6.3.1/../../../../arm-none-eabi/lib/thumb/v7e-m\libc.a(lib_a-__call_atexit.o)
 .ARM.attributes
                0x000002a1       0x2e s:/program files (x86)/atmel/studio/7.0/toolchain/arm/arm-gnu-toolchain/bin/../lib/gcc/arm-none-eabi/6.3.1/../../../../arm-none-eabi/lib/thumb/v7e-m\libc.a(lib_a-atexit.o)
 .ARM.attributes
                0x000002cf       0x2e s:/program files (x86)/atmel/studio/7.0/toolchain/arm/arm-gnu-toolchain/bin/../lib/gcc/arm-none-eabi/6.3.1/../../../../arm-none-eabi/lib/thumb/v7e-m\libc.a(lib_a-fini.o)
 .ARM.attributes
                0x000002fd       0x2e s:/program files (x86)/atmel/studio/7.0/toolchain/arm/arm-gnu-toolchain/bin/../lib/gcc/arm-none-eabi/6.3.1/../../../../arm-none-eabi/lib/thumb/v7e-m\libc.a(lib_a-lock.o)
 .ARM.attributes
                0x0000032b       0x2e s:/program files (x86)/atmel/studio/7.0/toolchain/arm/arm-gnu-toolchain/bin/../lib/gcc/arm-none-eabi/6.3.1/../../../../arm-none-eabi/lib/thumb/v7e-m\libc.a(lib_a-__atexit.o)
 .ARM.attributes
                0x00000359       0x1e s:/program files (x86)/atmel/studio/7.0/toolchain/arm/arm-gnu-toolchain/bin/../lib/gcc/arm-none-eabi/6.3.1/thumb/v7e-m/crtn.o

.comment        0x00000000       0x59
 .comment       0x00000000       0x59 src/ASF/common/services/clock/sam4s/sysclk.o
                                 0x5a (size before relaxing)
 .comment       0x00000059       0x5a src/ASF/sam/boards/sam4s_ek2/init.o
 .comment       0x00000059       0x5a src/ASF/sam/drivers/pio/pio.o
 .comment       0x00000059       0x5a src/ASF/sam/drivers/pio/pio_handler.o
 .comment       0x00000059       0x5a src/ASF/sam/drivers/pmc/pmc.o
 .comment       0x00000059       0x5a src/ASF/sam/drivers/pwm/pwm.o
 .comment       0x00000059       0x5a src/ASF/sam/utils/cmsis/sam4s/source/templates/gcc/startup_sam4s.o
 .comment       0x00000059       0x5a src/ASF/sam/utils/cmsis/sam4s/source/templates/system_sam4s.o
 .comment       0x00000059       0x5a src/main.o

.debug_info     0x00000000     0xc461
 .debug_info    0x00000000     0x12c2 src/ASF/common/services/clock/sam4s/sysclk.o
 .debug_info    0x000012c2     0x1472 src/ASF/sam/boards/sam4s_ek2/init.o
 .debug_info    0x00002734     0x221d src/ASF/sam/drivers/pio/pio.o
 .debug_info    0x00004951     0x191a src/ASF/sam/drivers/pio/pio_handler.o
 .debug_info    0x0000626b     0x19bc src/ASF/sam/drivers/pmc/pmc.o
 .debug_info    0x00007c27     0x1e61 src/ASF/sam/drivers/pwm/pwm.o
 .debug_info    0x00009a88      0x6d2 src/ASF/sam/utils/cmsis/sam4s/source/templates/gcc/startup_sam4s.o
 .debug_info    0x0000a15a      0x458 src/ASF/sam/utils/cmsis/sam4s/source/templates/system_sam4s.o
 .debug_info    0x0000a5b2     0x1eaf src/main.o

.debug_abbrev   0x00000000     0x1910
 .debug_abbrev  0x00000000      0x333 src/ASF/common/services/clock/sam4s/sysclk.o
 .debug_abbrev  0x00000333      0x26f src/ASF/sam/boards/sam4s_ek2/init.o
 .debug_abbrev  0x000005a2      0x3ff src/ASF/sam/drivers/pio/pio.o
 .debug_abbrev  0x000009a1      0x37f src/ASF/sam/drivers/pio/pio_handler.o
 .debug_abbrev  0x00000d20      0x315 src/ASF/sam/drivers/pmc/pmc.o
 .debug_abbrev  0x00001035      0x324 src/ASF/sam/drivers/pwm/pwm.o
 .debug_abbrev  0x00001359      0x15e src/ASF/sam/utils/cmsis/sam4s/source/templates/gcc/startup_sam4s.o
 .debug_abbrev  0x000014b7      0x102 src/ASF/sam/utils/cmsis/sam4s/source/templates/system_sam4s.o
 .debug_abbrev  0x000015b9      0x357 src/main.o

.debug_loc      0x00000000     0x3034
 .debug_loc     0x00000000      0x1d9 src/ASF/common/services/clock/sam4s/sysclk.o
 .debug_loc     0x000001d9       0x5c src/ASF/sam/boards/sam4s_ek2/init.o
 .debug_loc     0x00000235      0xdef src/ASF/sam/drivers/pio/pio.o
 .debug_loc     0x00001024      0x551 src/ASF/sam/drivers/pio/pio_handler.o
 .debug_loc     0x00001575      0xb91 src/ASF/sam/drivers/pmc/pmc.o
 .debug_loc     0x00002106      0xcb5 src/ASF/sam/drivers/pwm/pwm.o
 .debug_loc     0x00002dbb       0xa1 src/ASF/sam/utils/cmsis/sam4s/source/templates/gcc/startup_sam4s.o
 .debug_loc     0x00002e5c      0x1d8 src/main.o

.debug_aranges  0x00000000      0x658
 .debug_aranges
                0x00000000       0x40 src/ASF/common/services/clock/sam4s/sysclk.o
 .debug_aranges
                0x00000040       0x20 src/ASF/sam/boards/sam4s_ek2/init.o
 .debug_aranges
                0x00000060      0x1a8 src/ASF/sam/drivers/pio/pio.o
 .debug_aranges
                0x00000208       0x58 src/ASF/sam/drivers/pio/pio_handler.o
 .debug_aranges
                0x00000260      0x208 src/ASF/sam/drivers/pmc/pmc.o
 .debug_aranges
                0x00000468      0x158 src/ASF/sam/drivers/pwm/pwm.o
 .debug_aranges
                0x000005c0       0x28 src/ASF/sam/utils/cmsis/sam4s/source/templates/gcc/startup_sam4s.o
 .debug_aranges
                0x000005e8       0x30 src/ASF/sam/utils/cmsis/sam4s/source/templates/system_sam4s.o
 .debug_aranges
                0x00000618       0x40 src/main.o

.debug_ranges   0x00000000      0x5f8
 .debug_ranges  0x00000000       0x30 src/ASF/common/services/clock/sam4s/sysclk.o
 .debug_ranges  0x00000030       0x10 src/ASF/sam/boards/sam4s_ek2/init.o
 .debug_ranges  0x00000040      0x1b0 src/ASF/sam/drivers/pio/pio.o
 .debug_ranges  0x000001f0       0x60 src/ASF/sam/drivers/pio/pio_handler.o
 .debug_ranges  0x00000250      0x1f8 src/ASF/sam/drivers/pmc/pmc.o
 .debug_ranges  0x00000448      0x148 src/ASF/sam/drivers/pwm/pwm.o
 .debug_ranges  0x00000590       0x18 src/ASF/sam/utils/cmsis/sam4s/source/templates/gcc/startup_sam4s.o
 .debug_ranges  0x000005a8       0x20 src/ASF/sam/utils/cmsis/sam4s/source/templates/system_sam4s.o
 .debug_ranges  0x000005c8       0x30 src/main.o

.debug_macro    0x00000000    0x127af
 .debug_macro   0x00000000      0x5b3 src/ASF/common/services/clock/sam4s/sysclk.o
 .debug_macro   0x000005b3      0x8ce src/ASF/common/services/clock/sam4s/sysclk.o
 .debug_macro   0x00000e81      0x71d src/ASF/common/services/clock/sam4s/sysclk.o
 .debug_macro   0x0000159e       0x46 src/ASF/common/services/clock/sam4s/sysclk.o
 .debug_macro   0x000015e4      0x16d src/ASF/common/services/clock/sam4s/sysclk.o
 .debug_macro   0x00001751       0x76 src/ASF/common/services/clock/sam4s/sysclk.o
 .debug_macro   0x000017c7       0x16 src/ASF/common/services/clock/sam4s/sysclk.o
 .debug_macro   0x000017dd      0x6da src/ASF/common/services/clock/sam4s/sysclk.o
 .debug_macro   0x00001eb7       0x22 src/ASF/common/services/clock/sam4s/sysclk.o
 .debug_macro   0x00001ed9       0x87 src/ASF/common/services/clock/sam4s/sysclk.o
 .debug_macro   0x00001f60       0x51 src/ASF/common/services/clock/sam4s/sysclk.o
 .debug_macro   0x00001fb1       0xef src/ASF/common/services/clock/sam4s/sysclk.o
 .debug_macro   0x000020a0       0x6a src/ASF/common/services/clock/sam4s/sysclk.o
 .debug_macro   0x0000210a      0x1df src/ASF/common/services/clock/sam4s/sysclk.o
 .debug_macro   0x000022e9       0x27 src/ASF/common/services/clock/sam4s/sysclk.o
 .debug_macro   0x00002310       0x1c src/ASF/common/services/clock/sam4s/sysclk.o
 .debug_macro   0x0000232c       0x22 src/ASF/common/services/clock/sam4s/sysclk.o
 .debug_macro   0x0000234e       0xdf src/ASF/common/services/clock/sam4s/sysclk.o
 .debug_macro   0x0000242d     0x102d src/ASF/common/services/clock/sam4s/sysclk.o
 .debug_macro   0x0000345a      0x11f src/ASF/common/services/clock/sam4s/sysclk.o
 .debug_macro   0x00003579      0x154 src/ASF/common/services/clock/sam4s/sysclk.o
 .debug_macro   0x000036cd      0xaa5 src/ASF/common/services/clock/sam4s/sysclk.o
 .debug_macro   0x00004172      0x1b4 src/ASF/common/services/clock/sam4s/sysclk.o
 .debug_macro   0x00004326      0x11e src/ASF/common/services/clock/sam4s/sysclk.o
 .debug_macro   0x00004444       0xac src/ASF/common/services/clock/sam4s/sysclk.o
 .debug_macro   0x000044f0      0x3f7 src/ASF/common/services/clock/sam4s/sysclk.o
 .debug_macro   0x000048e7      0x106 src/ASF/common/services/clock/sam4s/sysclk.o
 .debug_macro   0x000049ed       0x1c src/ASF/common/services/clock/sam4s/sysclk.o
 .debug_macro   0x00004a09      0x72f src/ASF/common/services/clock/sam4s/sysclk.o
 .debug_macro   0x00005138      0x2c9 src/ASF/common/services/clock/sam4s/sysclk.o
 .debug_macro   0x00005401       0xbe src/ASF/common/services/clock/sam4s/sysclk.o
 .debug_macro   0x000054bf     0x2807 src/ASF/common/services/clock/sam4s/sysclk.o
 .debug_macro   0x00007cc6      0x76e src/ASF/common/services/clock/sam4s/sysclk.o
 .debug_macro   0x00008434      0xa84 src/ASF/common/services/clock/sam4s/sysclk.o
 .debug_macro   0x00008eb8       0x9a src/ASF/common/services/clock/sam4s/sysclk.o
 .debug_macro   0x00008f52      0x3cf src/ASF/common/services/clock/sam4s/sysclk.o
 .debug_macro   0x00009321       0x64 src/ASF/common/services/clock/sam4s/sysclk.o
 .debug_macro   0x00009385      0x1a6 src/ASF/common/services/clock/sam4s/sysclk.o
 .debug_macro   0x0000952b      0x37c src/ASF/common/services/clock/sam4s/sysclk.o
 .debug_macro   0x000098a7      0x61b src/ASF/common/services/clock/sam4s/sysclk.o
 .debug_macro   0x00009ec2      0x686 src/ASF/common/services/clock/sam4s/sysclk.o
 .debug_macro   0x0000a548      0x595 src/ASF/common/services/clock/sam4s/sysclk.o
 .debug_macro   0x0000aadd      0x344 src/ASF/common/services/clock/sam4s/sysclk.o
 .debug_macro   0x0000ae21      0x283 src/ASF/common/services/clock/sam4s/sysclk.o
 .debug_macro   0x0000b0a4      0x2cd src/ASF/common/services/clock/sam4s/sysclk.o
 .debug_macro   0x0000b371      0x6cf src/ASF/common/services/clock/sam4s/sysclk.o
 .debug_macro   0x0000ba40       0x76 src/ASF/common/services/clock/sam4s/sysclk.o
 .debug_macro   0x0000bab6       0xb8 src/ASF/common/services/clock/sam4s/sysclk.o
 .debug_macro   0x0000bb6e       0xb2 src/ASF/common/services/clock/sam4s/sysclk.o
 .debug_macro   0x0000bc20       0x88 src/ASF/common/services/clock/sam4s/sysclk.o
 .debug_macro   0x0000bca8      0x100 src/ASF/common/services/clock/sam4s/sysclk.o
 .debug_macro   0x0000bda8      0x100 src/ASF/common/services/clock/sam4s/sysclk.o
 .debug_macro   0x0000bea8       0x88 src/ASF/common/services/clock/sam4s/sysclk.o
 .debug_macro   0x0000bf30       0x88 src/ASF/common/services/clock/sam4s/sysclk.o
 .debug_macro   0x0000bfb8      0x2cd src/ASF/common/services/clock/sam4s/sysclk.o
 .debug_macro   0x0000c285       0xb2 src/ASF/common/services/clock/sam4s/sysclk.o
 .debug_macro   0x0000c337       0xb2 src/ASF/common/services/clock/sam4s/sysclk.o
 .debug_macro   0x0000c3e9       0x52 src/ASF/common/services/clock/sam4s/sysclk.o
 .debug_macro   0x0000c43b       0xac src/ASF/common/services/clock/sam4s/sysclk.o
 .debug_macro   0x0000c4e7       0x7c src/ASF/common/services/clock/sam4s/sysclk.o
 .debug_macro   0x0000c563       0x40 src/ASF/common/services/clock/sam4s/sysclk.o
 .debug_macro   0x0000c5a3       0x64 src/ASF/common/services/clock/sam4s/sysclk.o
 .debug_macro   0x0000c607       0x46 src/ASF/common/services/clock/sam4s/sysclk.o
 .debug_macro   0x0000c64d       0x88 src/ASF/common/services/clock/sam4s/sysclk.o
 .debug_macro   0x0000c6d5       0x4c src/ASF/common/services/clock/sam4s/sysclk.o
 .debug_macro   0x0000c721       0xa6 src/ASF/common/services/clock/sam4s/sysclk.o
 .debug_macro   0x0000c7c7       0x7c src/ASF/common/services/clock/sam4s/sysclk.o
 .debug_macro   0x0000c843       0x16 src/ASF/common/services/clock/sam4s/sysclk.o
 .debug_macro   0x0000c859       0x7c src/ASF/common/services/clock/sam4s/sysclk.o
 .debug_macro   0x0000c8d5       0x22 src/ASF/common/services/clock/sam4s/sysclk.o
 .debug_macro   0x0000c8f7       0x22 src/ASF/common/services/clock/sam4s/sysclk.o
 .debug_macro   0x0000c919      0x18b src/ASF/common/services/clock/sam4s/sysclk.o
 .debug_macro   0x0000caa4      0x15b src/ASF/common/services/clock/sam4s/sysclk.o
 .debug_macro   0x0000cbff      0x15b src/ASF/common/services/clock/sam4s/sysclk.o
 .debug_macro   0x0000cd5a       0x1c src/ASF/common/services/clock/sam4s/sysclk.o
 .debug_macro   0x0000cd76       0x2e src/ASF/common/services/clock/sam4s/sysclk.o
 .debug_macro   0x0000cda4       0x22 src/ASF/common/services/clock/sam4s/sysclk.o
 .debug_macro   0x0000cdc6       0x1c src/ASF/common/services/clock/sam4s/sysclk.o
 .debug_macro   0x0000cde2       0x52 src/ASF/common/services/clock/sam4s/sysclk.o
 .debug_macro   0x0000ce34       0x10 src/ASF/common/services/clock/sam4s/sysclk.o
 .debug_macro   0x0000ce44      0x234 src/ASF/common/services/clock/sam4s/sysclk.o
 .debug_macro   0x0000d078      0x92e src/ASF/common/services/clock/sam4s/sysclk.o
 .debug_macro   0x0000d9a6      0x12a src/ASF/common/services/clock/sam4s/sysclk.o
 .debug_macro   0x0000dad0       0x58 src/ASF/common/services/clock/sam4s/sysclk.o
 .debug_macro   0x0000db28       0x35 src/ASF/common/services/clock/sam4s/sysclk.o
 .debug_macro   0x0000db5d       0x9c src/ASF/common/services/clock/sam4s/sysclk.o
 .debug_macro   0x0000dbf9       0x16 src/ASF/common/services/clock/sam4s/sysclk.o
 .debug_macro   0x0000dc0f       0x35 src/ASF/common/services/clock/sam4s/sysclk.o
 .debug_macro   0x0000dc44      0x34d src/ASF/common/services/clock/sam4s/sysclk.o
 .debug_macro   0x0000df91       0x10 src/ASF/common/services/clock/sam4s/sysclk.o
 .debug_macro   0x0000dfa1       0x58 src/ASF/common/services/clock/sam4s/sysclk.o
 .debug_macro   0x0000dff9       0x1f src/ASF/common/services/clock/sam4s/sysclk.o
 .debug_macro   0x0000e018       0x43 src/ASF/common/services/clock/sam4s/sysclk.o
 .debug_macro   0x0000e05b       0x20 src/ASF/common/services/clock/sam4s/sysclk.o
 .debug_macro   0x0000e07b      0x187 src/ASF/common/services/clock/sam4s/sysclk.o
 .debug_macro   0x0000e202       0x10 src/ASF/common/services/clock/sam4s/sysclk.o
 .debug_macro   0x0000e212       0x1c src/ASF/common/services/clock/sam4s/sysclk.o
 .debug_macro   0x0000e22e       0x52 src/ASF/common/services/clock/sam4s/sysclk.o
 .debug_macro   0x0000e280       0x40 src/ASF/common/services/clock/sam4s/sysclk.o
 .debug_macro   0x0000e2c0       0x10 src/ASF/common/services/clock/sam4s/sysclk.o
 .debug_macro   0x0000e2d0       0x40 src/ASF/common/services/clock/sam4s/sysclk.o
 .debug_macro   0x0000e310       0xd7 src/ASF/common/services/clock/sam4s/sysclk.o
 .debug_macro   0x0000e3e7       0x16 src/ASF/common/services/clock/sam4s/sysclk.o
 .debug_macro   0x0000e3fd      0x18b src/ASF/common/services/clock/sam4s/sysclk.o
 .debug_macro   0x0000e588       0x22 src/ASF/common/services/clock/sam4s/sysclk.o
 .debug_macro   0x0000e5aa       0x16 src/ASF/common/services/clock/sam4s/sysclk.o
 .debug_macro   0x0000e5c0       0x16 src/ASF/common/services/clock/sam4s/sysclk.o
 .debug_macro   0x0000e5d6       0x29 src/ASF/common/services/clock/sam4s/sysclk.o
 .debug_macro   0x0000e5ff       0x73 src/ASF/common/services/clock/sam4s/sysclk.o
 .debug_macro   0x0000e672       0x3e src/ASF/common/services/clock/sam4s/sysclk.o
 .debug_macro   0x0000e6b0      0x3ca src/ASF/common/services/clock/sam4s/sysclk.o
 .debug_macro   0x0000ea7a      0x2d9 src/ASF/common/services/clock/sam4s/sysclk.o
 .debug_macro   0x0000ed53      0xa3f src/ASF/common/services/clock/sam4s/sysclk.o
 .debug_macro   0x0000f792       0x58 src/ASF/common/services/clock/sam4s/sysclk.o
 .debug_macro   0x0000f7ea       0x64 src/ASF/common/services/clock/sam4s/sysclk.o
 .debug_macro   0x0000f84e       0x46 src/ASF/common/services/clock/sam4s/sysclk.o
 .debug_macro   0x0000f894       0x90 src/ASF/common/services/clock/sam4s/sysclk.o
 .debug_macro   0x0000f924      0x5f4 src/ASF/sam/boards/sam4s_ek2/init.o
 .debug_macro   0x0000ff18      0x2df src/ASF/sam/boards/sam4s_ek2/init.o
 .debug_macro   0x000101f7       0x46 src/ASF/sam/boards/sam4s_ek2/init.o
 .debug_macro   0x0001023d       0x94 src/ASF/sam/boards/sam4s_ek2/init.o
 .debug_macro   0x000102d1       0x40 src/ASF/sam/boards/sam4s_ek2/init.o
 .debug_macro   0x00010311       0x82 src/ASF/sam/boards/sam4s_ek2/init.o
 .debug_macro   0x00010393      0x54e src/ASF/sam/drivers/pio/pio.o
 .debug_macro   0x000108e1       0x8e src/ASF/sam/drivers/pio/pio.o
 .debug_macro   0x0001096f      0x558 src/ASF/sam/drivers/pio/pio_handler.o
 .debug_macro   0x00010ec7      0x54e src/ASF/sam/drivers/pmc/pmc.o
 .debug_macro   0x00011415       0x52 src/ASF/sam/drivers/pmc/pmc.o
 .debug_macro   0x00011467      0x555 src/ASF/sam/drivers/pwm/pwm.o
 .debug_macro   0x000119bc      0x33a src/ASF/sam/utils/cmsis/sam4s/source/templates/gcc/startup_sam4s.o
 .debug_macro   0x00011cf6      0x342 src/ASF/sam/utils/cmsis/sam4s/source/templates/system_sam4s.o
 .debug_macro   0x00012038      0x685 src/main.o
 .debug_macro   0x000126bd       0x28 src/main.o
 .debug_macro   0x000126e5       0x22 src/main.o
 .debug_macro   0x00012707       0x88 src/main.o
 .debug_macro   0x0001278f       0x10 src/main.o
 .debug_macro   0x0001279f       0x10 src/main.o

.debug_line     0x00000000     0x71e8
 .debug_line    0x00000000      0xc3b src/ASF/common/services/clock/sam4s/sysclk.o
 .debug_line    0x00000c3b      0xcd0 src/ASF/sam/boards/sam4s_ek2/init.o
 .debug_line    0x0000190b      0xf70 src/ASF/sam/drivers/pio/pio.o
 .debug_line    0x0000287b      0xb97 src/ASF/sam/drivers/pio/pio_handler.o
 .debug_line    0x00003412     0x1057 src/ASF/sam/drivers/pmc/pmc.o
 .debug_line    0x00004469      0xe2d src/ASF/sam/drivers/pwm/pwm.o
 .debug_line    0x00005296      0x894 src/ASF/sam/utils/cmsis/sam4s/source/templates/gcc/startup_sam4s.o
 .debug_line    0x00005b2a      0x8cd src/ASF/sam/utils/cmsis/sam4s/source/templates/system_sam4s.o
 .debug_line    0x000063f7      0xdf1 src/main.o

.debug_str      0x00000000    0x5582e
 .debug_str     0x00000000    0x526b6 src/ASF/common/services/clock/sam4s/sysclk.o
                              0x52aa7 (size before relaxing)
 .debug_str     0x000526b6      0xcae src/ASF/sam/boards/sam4s_ek2/init.o
                              0x53379 (size before relaxing)
 .debug_str     0x00053364      0x598 src/ASF/sam/drivers/pio/pio.o
                              0x4e748 (size before relaxing)
 .debug_str     0x000538fc      0x3d2 src/ASF/sam/drivers/pio/pio_handler.o
                              0x4e688 (size before relaxing)
 .debug_str     0x00053cce      0x5be src/ASF/sam/drivers/pmc/pmc.o
                              0x4e594 (size before relaxing)
 .debug_str     0x0005428c      0xb78 src/ASF/sam/drivers/pwm/pwm.o
                              0x4e723 (size before relaxing)
 .debug_str     0x00054e04      0x435 src/ASF/sam/utils/cmsis/sam4s/source/templates/gcc/startup_sam4s.o
                              0x3d757 (size before relaxing)
 .debug_str     0x00055239       0xb9 src/ASF/sam/utils/cmsis/sam4s/source/templates/system_sam4s.o
                              0x3d4ef (size before relaxing)
 .debug_str     0x000552f2      0x53c src/main.o
                              0x53fb0 (size before relaxing)

.debug_frame    0x00000000      0xf10
 .debug_frame   0x00000000       0x88 src/ASF/common/services/clock/sam4s/sysclk.o
 .debug_frame   0x00000088       0x2c src/ASF/sam/boards/sam4s_ek2/init.o
 .debug_frame   0x000000b4      0x384 src/ASF/sam/drivers/pio/pio.o
 .debug_frame   0x00000438       0xf4 src/ASF/sam/drivers/pio/pio_handler.o
 .debug_frame   0x0000052c      0x408 src/ASF/sam/drivers/pmc/pmc.o
 .debug_frame   0x00000934      0x30c src/ASF/sam/drivers/pwm/pwm.o
 .debug_frame   0x00000c40       0x38 src/ASF/sam/utils/cmsis/sam4s/source/templates/gcc/startup_sam4s.o
 .debug_frame   0x00000c78       0x40 src/ASF/sam/utils/cmsis/sam4s/source/templates/system_sam4s.o
 .debug_frame   0x00000cb8       0x98 src/main.o
 .debug_frame   0x00000d50       0x2c s:/program files (x86)/atmel/studio/7.0/toolchain/arm/arm-gnu-toolchain/bin/../lib/gcc/arm-none-eabi/6.3.1/../../../../arm-none-eabi/lib/thumb/v7e-m\libc.a(lib_a-init.o)
 .debug_frame   0x00000d7c       0x5c s:/program files (x86)/atmel/studio/7.0/toolchain/arm/arm-gnu-toolchain/bin/../lib/gcc/arm-none-eabi/6.3.1/../../../../arm-none-eabi/lib/thumb/v7e-m\libc.a(lib_a-__call_atexit.o)
 .debug_frame   0x00000dd8       0x20 s:/program files (x86)/atmel/studio/7.0/toolchain/arm/arm-gnu-toolchain/bin/../lib/gcc/arm-none-eabi/6.3.1/../../../../arm-none-eabi/lib/thumb/v7e-m\libc.a(lib_a-atexit.o)
 .debug_frame   0x00000df8       0x34 s:/program files (x86)/atmel/studio/7.0/toolchain/arm/arm-gnu-toolchain/bin/../lib/gcc/arm-none-eabi/6.3.1/../../../../arm-none-eabi/lib/thumb/v7e-m\libc.a(lib_a-fini.o)
 .debug_frame   0x00000e2c       0xb0 s:/program files (x86)/atmel/studio/7.0/toolchain/arm/arm-gnu-toolchain/bin/../lib/gcc/arm-none-eabi/6.3.1/../../../../arm-none-eabi/lib/thumb/v7e-m\libc.a(lib_a-lock.o)
 .debug_frame   0x00000edc       0x34 s:/program files (x86)/atmel/studio/7.0/toolchain/arm/arm-gnu-toolchain/bin/../lib/gcc/arm-none-eabi/6.3.1/../../../../arm-none-eabi/lib/thumb/v7e-m\libc.a(lib_a-__atexit.o)

Cross Reference Table

Symbol                                            File
ACC_Handler                                       src/ASF/sam/utils/cmsis/sam4s/source/templates/gcc/startup_sam4s.o
ADC_Handler                                       src/ASF/sam/utils/cmsis/sam4s/source/templates/gcc/startup_sam4s.o
BusFault_Handler                                  src/ASF/sam/utils/cmsis/sam4s/source/templates/gcc/startup_sam4s.o
CRCCU_Handler                                     src/ASF/sam/utils/cmsis/sam4s/source/templates/gcc/startup_sam4s.o
DACC_Handler                                      src/ASF/sam/utils/cmsis/sam4s/source/templates/gcc/startup_sam4s.o
DebugMon_Handler                                  src/ASF/sam/utils/cmsis/sam4s/source/templates/gcc/startup_sam4s.o
Dummy_Handler                                     src/ASF/sam/utils/cmsis/sam4s/source/templates/gcc/startup_sam4s.o
EFC0_Handler                                      src/ASF/sam/utils/cmsis/sam4s/source/templates/gcc/startup_sam4s.o
EFC1_Handler                                      src/ASF/sam/utils/cmsis/sam4s/source/templates/gcc/startup_sam4s.o
HSMCI_Handler                                     src/ASF/sam/utils/cmsis/sam4s/source/templates/gcc/startup_sam4s.o
HardFault_Handler                                 src/ASF/sam/utils/cmsis/sam4s/source/templates/gcc/startup_sam4s.o
LED_Off                                           src/ASF/sam/boards/sam4s_ek2/led.o
LED_On                                            src/ASF/sam/boards/sam4s_ek2/led.o
MemManage_Handler                                 src/ASF/sam/utils/cmsis/sam4s/source/templates/gcc/startup_sam4s.o
NMI_Handler                                       src/ASF/sam/utils/cmsis/sam4s/source/templates/gcc/startup_sam4s.o
PIOA_Handler                                      src/ASF/sam/drivers/pio/pio_handler.o
PIOB_Handler                                      src/ASF/sam/drivers/pio/pio_handler.o
PIOC_Handler                                      src/ASF/sam/drivers/pio/pio_handler.o
PMC_Handler                                       src/ASF/sam/utils/cmsis/sam4s/source/templates/gcc/startup_sam4s.o
PWM_Handler                                       src/ASF/sam/utils/cmsis/sam4s/source/templates/gcc/startup_sam4s.o
PendSV_Handler                                    src/ASF/sam/utils/cmsis/sam4s/source/templates/gcc/startup_sam4s.o
RSTC_Handler                                      src/ASF/sam/utils/cmsis/sam4s/source/templates/gcc/startup_sam4s.o
RTC_Handler                                       src/ASF/sam/utils/cmsis/sam4s/source/templates/gcc/startup_sam4s.o
RTT_Handler                                       src/ASF/sam/utils/cmsis/sam4s/source/templates/gcc/startup_sam4s.o
Reset_Handler                                     src/ASF/sam/utils/cmsis/sam4s/source/templates/gcc/startup_sam4s.o
SPI_Handler                                       src/ASF/sam/utils/cmsis/sam4s/source/templates/gcc/startup_sam4s.o
SSC_Handler                                       src/ASF/sam/utils/cmsis/sam4s/source/templates/gcc/startup_sam4s.o
SUPC_Handler                                      src/ASF/sam/utils/cmsis/sam4s/source/templates/gcc/startup_sam4s.o
SVC_Handler                                       src/ASF/sam/utils/cmsis/sam4s/source/templates/gcc/startup_sam4s.o
SysTick_Handler                                   src/ASF/sam/utils/cmsis/sam4s/source/templates/gcc/startup_sam4s.o
SystemCoreClock                                   src/ASF/sam/utils/cmsis/sam4s/source/templates/system_sam4s.o
SystemCoreClockUpdate                             src/ASF/sam/utils/cmsis/sam4s/source/templates/system_sam4s.o
                                                  src/ASF/common/services/clock/sam4s/sysclk.o
SystemInit                                        src/ASF/sam/utils/cmsis/sam4s/source/templates/system_sam4s.o
TC0_Handler                                       src/ASF/sam/utils/cmsis/sam4s/source/templates/gcc/startup_sam4s.o
TC1_Handler                                       src/ASF/sam/utils/cmsis/sam4s/source/templates/gcc/startup_sam4s.o
TC2_Handler                                       src/ASF/sam/utils/cmsis/sam4s/source/templates/gcc/startup_sam4s.o
TC3_Handler                                       src/ASF/sam/utils/cmsis/sam4s/source/templates/gcc/startup_sam4s.o
TC4_Handler                                       src/ASF/sam/utils/cmsis/sam4s/source/templates/gcc/startup_sam4s.o
TC5_Handler                                       src/ASF/sam/utils/cmsis/sam4s/source/templates/gcc/startup_sam4s.o
TWI0_Handler                                      src/ASF/sam/utils/cmsis/sam4s/source/templates/gcc/startup_sam4s.o
TWI1_Handler                                      src/ASF/sam/utils/cmsis/sam4s/source/templates/gcc/startup_sam4s.o
UART0_Handler                                     src/ASF/sam/utils/cmsis/sam4s/source/templates/gcc/startup_sam4s.o
UART1_Handler                                     src/ASF/sam/utils/cmsis/sam4s/source/templates/gcc/startup_sam4s.o
UDP_Handler                                       src/ASF/sam/utils/cmsis/sam4s/source/templates/gcc/startup_sam4s.o
USART0_Handler                                    src/ASF/sam/utils/cmsis/sam4s/source/templates/gcc/startup_sam4s.o
USART1_Handler                                    src/ASF/sam/utils/cmsis/sam4s/source/templates/gcc/startup_sam4s.o
UsageFault_Handler                                src/ASF/sam/utils/cmsis/sam4s/source/templates/gcc/startup_sam4s.o
WDT_Handler                                       src/ASF/sam/utils/cmsis/sam4s/source/templates/gcc/startup_sam4s.o
_Jv_RegisterClasses                               s:/program files (x86)/atmel/studio/7.0/toolchain/arm/arm-gnu-toolchain/bin/../lib/gcc/arm-none-eabi/6.3.1/thumb/v7e-m/crtbegin.o
__atexit_recursive_mutex                          s:/program files (x86)/atmel/studio/7.0/toolchain/arm/arm-gnu-toolchain/bin/../lib/gcc/arm-none-eabi/6.3.1/../../../../arm-none-eabi/lib/thumb/v7e-m\libc.a(lib_a-__call_atexit.o)
                                                  s:/program files (x86)/atmel/studio/7.0/toolchain/arm/arm-gnu-toolchain/bin/../lib/gcc/arm-none-eabi/6.3.1/../../../../arm-none-eabi/lib/thumb/v7e-m\libc.a(lib_a-__atexit.o)
__bss_end__                                       s:/program files (x86)/atmel/studio/7.0/toolchain/arm/arm-gnu-toolchain/bin/../lib/gcc/arm-none-eabi/6.3.1/../../../../arm-none-eabi/lib/thumb/v7e-m/crt0.o
__bss_start__                                     s:/program files (x86)/atmel/studio/7.0/toolchain/arm/arm-gnu-toolchain/bin/../lib/gcc/arm-none-eabi/6.3.1/../../../../arm-none-eabi/lib/thumb/v7e-m/crt0.o
__call_exitprocs                                  s:/program files (x86)/atmel/studio/7.0/toolchain/arm/arm-gnu-toolchain/bin/../lib/gcc/arm-none-eabi/6.3.1/../../../../arm-none-eabi/lib/thumb/v7e-m\libc.a(lib_a-__call_atexit.o)
                                                  s:/program files (x86)/atmel/studio/7.0/toolchain/arm/arm-gnu-toolchain/bin/../lib/gcc/arm-none-eabi/6.3.1/../../../../arm-none-eabi/lib/thumb/v7e-m\libc.a(lib_a-exit.o)
__deregister_frame_info                           s:/program files (x86)/atmel/studio/7.0/toolchain/arm/arm-gnu-toolchain/bin/../lib/gcc/arm-none-eabi/6.3.1/thumb/v7e-m/crtbegin.o
__dso_handle                                      s:/program files (x86)/atmel/studio/7.0/toolchain/arm/arm-gnu-toolchain/bin/../lib/gcc/arm-none-eabi/6.3.1/thumb/v7e-m/crtbegin.o
__fini_array_end                                  s:/program files (x86)/atmel/studio/7.0/toolchain/arm/arm-gnu-toolchain/bin/../lib/gcc/arm-none-eabi/6.3.1/../../../../arm-none-eabi/lib/thumb/v7e-m\libc.a(lib_a-fini.o)
__fini_array_start                                s:/program files (x86)/atmel/studio/7.0/toolchain/arm/arm-gnu-toolchain/bin/../lib/gcc/arm-none-eabi/6.3.1/../../../../arm-none-eabi/lib/thumb/v7e-m\libc.a(lib_a-fini.o)
__init_array_end                                  s:/program files (x86)/atmel/studio/7.0/toolchain/arm/arm-gnu-toolchain/bin/../lib/gcc/arm-none-eabi/6.3.1/../../../../arm-none-eabi/lib/thumb/v7e-m\libc.a(lib_a-init.o)
__init_array_start                                s:/program files (x86)/atmel/studio/7.0/toolchain/arm/arm-gnu-toolchain/bin/../lib/gcc/arm-none-eabi/6.3.1/../../../../arm-none-eabi/lib/thumb/v7e-m\libc.a(lib_a-init.o)
__libc_fini                                       s:/program files (x86)/atmel/studio/7.0/toolchain/arm/arm-gnu-toolchain/bin/../lib/gcc/arm-none-eabi/6.3.1/../../../../arm-none-eabi/lib/thumb/v7e-m\libc.a(lib_a-__call_atexit.o)
__libc_fini_array                                 s:/program files (x86)/atmel/studio/7.0/toolchain/arm/arm-gnu-toolchain/bin/../lib/gcc/arm-none-eabi/6.3.1/../../../../arm-none-eabi/lib/thumb/v7e-m\libc.a(lib_a-fini.o)
                                                  s:/program files (x86)/atmel/studio/7.0/toolchain/arm/arm-gnu-toolchain/bin/../lib/gcc/arm-none-eabi/6.3.1/../../../../arm-none-eabi/lib/thumb/v7e-m\libc.a(lib_a-__call_atexit.o)
                                                  s:/program files (x86)/atmel/studio/7.0/toolchain/arm/arm-gnu-toolchain/bin/../lib/gcc/arm-none-eabi/6.3.1/../../../../arm-none-eabi/lib/thumb/v7e-m/crt0.o
__libc_init_array                                 s:/program files (x86)/atmel/studio/7.0/toolchain/arm/arm-gnu-toolchain/bin/../lib/gcc/arm-none-eabi/6.3.1/../../../../arm-none-eabi/lib/thumb/v7e-m\libc.a(lib_a-init.o)
                                                  src/ASF/sam/utils/cmsis/sam4s/source/templates/gcc/startup_sam4s.o
                                                  s:/program files (x86)/atmel/studio/7.0/toolchain/arm/arm-gnu-toolchain/bin/../lib/gcc/arm-none-eabi/6.3.1/../../../../arm-none-eabi/lib/thumb/v7e-m/crt0.o
__lock___arc4random_mutex                         s:/program files (x86)/atmel/studio/7.0/toolchain/arm/arm-gnu-toolchain/bin/../lib/gcc/arm-none-eabi/6.3.1/../../../../arm-none-eabi/lib/thumb/v7e-m\libc.a(lib_a-lock.o)
__lock___at_quick_exit_mutex                      s:/program files (x86)/atmel/studio/7.0/toolchain/arm/arm-gnu-toolchain/bin/../lib/gcc/arm-none-eabi/6.3.1/../../../../arm-none-eabi/lib/thumb/v7e-m\libc.a(lib_a-lock.o)
__lock___atexit_recursive_mutex                   s:/program files (x86)/atmel/studio/7.0/toolchain/arm/arm-gnu-toolchain/bin/../lib/gcc/arm-none-eabi/6.3.1/../../../../arm-none-eabi/lib/thumb/v7e-m\libc.a(lib_a-lock.o)
                                                  s:/program files (x86)/atmel/studio/7.0/toolchain/arm/arm-gnu-toolchain/bin/../lib/gcc/arm-none-eabi/6.3.1/../../../../arm-none-eabi/lib/thumb/v7e-m\libc.a(lib_a-__call_atexit.o)
__lock___dd_hash_mutex                            s:/program files (x86)/atmel/studio/7.0/toolchain/arm/arm-gnu-toolchain/bin/../lib/gcc/arm-none-eabi/6.3.1/../../../../arm-none-eabi/lib/thumb/v7e-m\libc.a(lib_a-lock.o)
__lock___env_recursive_mutex                      s:/program files (x86)/atmel/studio/7.0/toolchain/arm/arm-gnu-toolchain/bin/../lib/gcc/arm-none-eabi/6.3.1/../../../../arm-none-eabi/lib/thumb/v7e-m\libc.a(lib_a-lock.o)
__lock___malloc_recursive_mutex                   s:/program files (x86)/atmel/studio/7.0/toolchain/arm/arm-gnu-toolchain/bin/../lib/gcc/arm-none-eabi/6.3.1/../../../../arm-none-eabi/lib/thumb/v7e-m\libc.a(lib_a-lock.o)
__lock___sfp_recursive_mutex                      s:/program files (x86)/atmel/studio/7.0/toolchain/arm/arm-gnu-toolchain/bin/../lib/gcc/arm-none-eabi/6.3.1/../../../../arm-none-eabi/lib/thumb/v7e-m\libc.a(lib_a-lock.o)
__lock___sinit_recursive_mutex                    s:/program files (x86)/atmel/studio/7.0/toolchain/arm/arm-gnu-toolchain/bin/../lib/gcc/arm-none-eabi/6.3.1/../../../../arm-none-eabi/lib/thumb/v7e-m\libc.a(lib_a-lock.o)
__lock___tz_mutex                                 s:/program files (x86)/atmel/studio/7.0/toolchain/arm/arm-gnu-toolchain/bin/../lib/gcc/arm-none-eabi/6.3.1/../../../../arm-none-eabi/lib/thumb/v7e-m\libc.a(lib_a-lock.o)
__preinit_array_end                               s:/program files (x86)/atmel/studio/7.0/toolchain/arm/arm-gnu-toolchain/bin/../lib/gcc/arm-none-eabi/6.3.1/../../../../arm-none-eabi/lib/thumb/v7e-m\libc.a(lib_a-init.o)
__preinit_array_start                             s:/program files (x86)/atmel/studio/7.0/toolchain/arm/arm-gnu-toolchain/bin/../lib/gcc/arm-none-eabi/6.3.1/../../../../arm-none-eabi/lib/thumb/v7e-m\libc.a(lib_a-init.o)
__ram_end__                                       src/ASF/sam/utils/syscalls/gcc/syscalls.o
__register_exitproc                               s:/program files (x86)/atmel/studio/7.0/toolchain/arm/arm-gnu-toolchain/bin/../lib/gcc/arm-none-eabi/6.3.1/../../../../arm-none-eabi/lib/thumb/v7e-m\libc.a(lib_a-__atexit.o)
                                                  s:/program files (x86)/atmel/studio/7.0/toolchain/arm/arm-gnu-toolchain/bin/../lib/gcc/arm-none-eabi/6.3.1/../../../../arm-none-eabi/lib/thumb/v7e-m\libc.a(lib_a-atexit.o)
__register_frame_info                             s:/program files (x86)/atmel/studio/7.0/toolchain/arm/arm-gnu-toolchain/bin/../lib/gcc/arm-none-eabi/6.3.1/thumb/v7e-m/crtbegin.o
__retarget_lock_acquire                           s:/program files (x86)/atmel/studio/7.0/toolchain/arm/arm-gnu-toolchain/bin/../lib/gcc/arm-none-eabi/6.3.1/../../../../arm-none-eabi/lib/thumb/v7e-m\libc.a(lib_a-lock.o)
__retarget_lock_acquire_recursive                 s:/program files (x86)/atmel/studio/7.0/toolchain/arm/arm-gnu-toolchain/bin/../lib/gcc/arm-none-eabi/6.3.1/../../../../arm-none-eabi/lib/thumb/v7e-m\libc.a(lib_a-lock.o)
                                                  s:/program files (x86)/atmel/studio/7.0/toolchain/arm/arm-gnu-toolchain/bin/../lib/gcc/arm-none-eabi/6.3.1/../../../../arm-none-eabi/lib/thumb/v7e-m\libc.a(lib_a-__atexit.o)
                                                  s:/program files (x86)/atmel/studio/7.0/toolchain/arm/arm-gnu-toolchain/bin/../lib/gcc/arm-none-eabi/6.3.1/../../../../arm-none-eabi/lib/thumb/v7e-m\libc.a(lib_a-__call_atexit.o)
__retarget_lock_close                             s:/program files (x86)/atmel/studio/7.0/toolchain/arm/arm-gnu-toolchain/bin/../lib/gcc/arm-none-eabi/6.3.1/../../../../arm-none-eabi/lib/thumb/v7e-m\libc.a(lib_a-lock.o)
__retarget_lock_close_recursive                   s:/program files (x86)/atmel/studio/7.0/toolchain/arm/arm-gnu-toolchain/bin/../lib/gcc/arm-none-eabi/6.3.1/../../../../arm-none-eabi/lib/thumb/v7e-m\libc.a(lib_a-lock.o)
__retarget_lock_init                              s:/program files (x86)/atmel/studio/7.0/toolchain/arm/arm-gnu-toolchain/bin/../lib/gcc/arm-none-eabi/6.3.1/../../../../arm-none-eabi/lib/thumb/v7e-m\libc.a(lib_a-lock.o)
__retarget_lock_init_recursive                    s:/program files (x86)/atmel/studio/7.0/toolchain/arm/arm-gnu-toolchain/bin/../lib/gcc/arm-none-eabi/6.3.1/../../../../arm-none-eabi/lib/thumb/v7e-m\libc.a(lib_a-lock.o)
__retarget_lock_release                           s:/program files (x86)/atmel/studio/7.0/toolchain/arm/arm-gnu-toolchain/bin/../lib/gcc/arm-none-eabi/6.3.1/../../../../arm-none-eabi/lib/thumb/v7e-m\libc.a(lib_a-lock.o)
__retarget_lock_release_recursive                 s:/program files (x86)/atmel/studio/7.0/toolchain/arm/arm-gnu-toolchain/bin/../lib/gcc/arm-none-eabi/6.3.1/../../../../arm-none-eabi/lib/thumb/v7e-m\libc.a(lib_a-lock.o)
                                                  s:/program files (x86)/atmel/studio/7.0/toolchain/arm/arm-gnu-toolchain/bin/../lib/gcc/arm-none-eabi/6.3.1/../../../../arm-none-eabi/lib/thumb/v7e-m\libc.a(lib_a-__atexit.o)
                                                  s:/program files (x86)/atmel/studio/7.0/toolchain/arm/arm-gnu-toolchain/bin/../lib/gcc/arm-none-eabi/6.3.1/../../../../arm-none-eabi/lib/thumb/v7e-m\libc.a(lib_a-__call_atexit.o)
__retarget_lock_try_acquire                       s:/program files (x86)/atmel/studio/7.0/toolchain/arm/arm-gnu-toolchain/bin/../lib/gcc/arm-none-eabi/6.3.1/../../../../arm-none-eabi/lib/thumb/v7e-m\libc.a(lib_a-lock.o)
__retarget_lock_try_acquire_recursive             s:/program files (x86)/atmel/studio/7.0/toolchain/arm/arm-gnu-toolchain/bin/../lib/gcc/arm-none-eabi/6.3.1/../../../../arm-none-eabi/lib/thumb/v7e-m\libc.a(lib_a-lock.o)
__stack                                           s:/program files (x86)/atmel/studio/7.0/toolchain/arm/arm-gnu-toolchain/bin/../lib/gcc/arm-none-eabi/6.3.1/../../../../arm-none-eabi/lib/thumb/v7e-m/crt0.o
_close                                            src/ASF/sam/utils/syscalls/gcc/syscalls.o
_end                                              src/ASF/sam/utils/syscalls/gcc/syscalls.o
_erelocate                                        src/ASF/sam/utils/cmsis/sam4s/source/templates/gcc/startup_sam4s.o
_estack                                           src/ASF/sam/utils/cmsis/sam4s/source/templates/gcc/startup_sam4s.o
_etext                                            src/ASF/sam/utils/cmsis/sam4s/source/templates/gcc/startup_sam4s.o
_exit                                             src/ASF/sam/utils/syscalls/gcc/syscalls.o
                                                  s:/program files (x86)/atmel/studio/7.0/toolchain/arm/arm-gnu-toolchain/bin/../lib/gcc/arm-none-eabi/6.3.1/../../../../arm-none-eabi/lib/thumb/v7e-m\libc.a(lib_a-exit.o)
_ezero                                            src/ASF/sam/utils/cmsis/sam4s/source/templates/gcc/startup_sam4s.o
_fini                                             s:/program files (x86)/atmel/studio/7.0/toolchain/arm/arm-gnu-toolchain/bin/../lib/gcc/arm-none-eabi/6.3.1/thumb/v7e-m/crti.o
                                                  s:/program files (x86)/atmel/studio/7.0/toolchain/arm/arm-gnu-toolchain/bin/../lib/gcc/arm-none-eabi/6.3.1/../../../../arm-none-eabi/lib/thumb/v7e-m\libc.a(lib_a-fini.o)
_fstat                                            src/ASF/sam/utils/syscalls/gcc/syscalls.o
_getpid                                           src/ASF/sam/utils/syscalls/gcc/syscalls.o
_global_impure_ptr                                s:/program files (x86)/atmel/studio/7.0/toolchain/arm/arm-gnu-toolchain/bin/../lib/gcc/arm-none-eabi/6.3.1/../../../../arm-none-eabi/lib/thumb/v7e-m\libc.a(lib_a-impure.o)
                                                  s:/program files (x86)/atmel/studio/7.0/toolchain/arm/arm-gnu-toolchain/bin/../lib/gcc/arm-none-eabi/6.3.1/../../../../arm-none-eabi/lib/thumb/v7e-m\libc.a(lib_a-__atexit.o)
                                                  s:/program files (x86)/atmel/studio/7.0/toolchain/arm/arm-gnu-toolchain/bin/../lib/gcc/arm-none-eabi/6.3.1/../../../../arm-none-eabi/lib/thumb/v7e-m\libc.a(lib_a-__call_atexit.o)
                                                  s:/program files (x86)/atmel/studio/7.0/toolchain/arm/arm-gnu-toolchain/bin/../lib/gcc/arm-none-eabi/6.3.1/../../../../arm-none-eabi/lib/thumb/v7e-m\libc.a(lib_a-exit.o)
_impure_ptr                                       s:/program files (x86)/atmel/studio/7.0/toolchain/arm/arm-gnu-toolchain/bin/../lib/gcc/arm-none-eabi/6.3.1/../../../../arm-none-eabi/lib/thumb/v7e-m\libc.a(lib_a-impure.o)
_init                                             s:/program files (x86)/atmel/studio/7.0/toolchain/arm/arm-gnu-toolchain/bin/../lib/gcc/arm-none-eabi/6.3.1/thumb/v7e-m/crti.o
                                                  s:/program files (x86)/atmel/studio/7.0/toolchain/arm/arm-gnu-toolchain/bin/../lib/gcc/arm-none-eabi/6.3.1/../../../../arm-none-eabi/lib/thumb/v7e-m\libc.a(lib_a-init.o)
_isatty                                           src/ASF/sam/utils/syscalls/gcc/syscalls.o
_kill                                             src/ASF/sam/utils/syscalls/gcc/syscalls.o
_lseek                                            src/ASF/sam/utils/syscalls/gcc/syscalls.o
_mainCRTStartup                                   s:/program files (x86)/atmel/studio/7.0/toolchain/arm/arm-gnu-toolchain/bin/../lib/gcc/arm-none-eabi/6.3.1/../../../../arm-none-eabi/lib/thumb/v7e-m/crt0.o
_sbrk                                             src/ASF/sam/utils/syscalls/gcc/syscalls.o
_sfixed                                           src/ASF/sam/utils/cmsis/sam4s/source/templates/gcc/startup_sam4s.o
_srelocate                                        src/ASF/sam/utils/cmsis/sam4s/source/templates/gcc/startup_sam4s.o
_start                                            s:/program files (x86)/atmel/studio/7.0/toolchain/arm/arm-gnu-toolchain/bin/../lib/gcc/arm-none-eabi/6.3.1/../../../../arm-none-eabi/lib/thumb/v7e-m/crt0.o
_szero                                            src/ASF/sam/utils/cmsis/sam4s/source/templates/gcc/startup_sam4s.o
atexit                                            s:/program files (x86)/atmel/studio/7.0/toolchain/arm/arm-gnu-toolchain/bin/../lib/gcc/arm-none-eabi/6.3.1/../../../../arm-none-eabi/lib/thumb/v7e-m\libc.a(lib_a-atexit.o)
                                                  s:/program files (x86)/atmel/studio/7.0/toolchain/arm/arm-gnu-toolchain/bin/../lib/gcc/arm-none-eabi/6.3.1/../../../../arm-none-eabi/lib/thumb/v7e-m\libc.a(lib_a-__call_atexit.o)
                                                  s:/program files (x86)/atmel/studio/7.0/toolchain/arm/arm-gnu-toolchain/bin/../lib/gcc/arm-none-eabi/6.3.1/../../../../arm-none-eabi/lib/thumb/v7e-m/crt0.o
aumenta                                           src/main.o
board_init                                        src/ASF/sam/boards/sam4s_ek2/init.o
                                                  src/main.o
configurar_botao1                                 src/main.o
configurar_botao2                                 src/main.o
cpu_irq_enter_critical                            src/ASF/common/utils/interrupt/interrupt_sam_nvic.o
cpu_irq_leave_critical                            src/ASF/common/utils/interrupt/interrupt_sam_nvic.o
diminui                                           src/main.o
exception_table                                   src/ASF/sam/utils/cmsis/sam4s/source/templates/gcc/startup_sam4s.o
exit                                              s:/program files (x86)/atmel/studio/7.0/toolchain/arm/arm-gnu-toolchain/bin/../lib/gcc/arm-none-eabi/6.3.1/../../../../arm-none-eabi/lib/thumb/v7e-m\libc.a(lib_a-exit.o)
                                                  s:/program files (x86)/atmel/studio/7.0/toolchain/arm/arm-gnu-toolchain/bin/../lib/gcc/arm-none-eabi/6.3.1/../../../../arm-none-eabi/lib/thumb/v7e-m/crt0.o
free                                              s:/program files (x86)/atmel/studio/7.0/toolchain/arm/arm-gnu-toolchain/bin/../lib/gcc/arm-none-eabi/6.3.1/../../../../arm-none-eabi/lib/thumb/v7e-m\libc.a(lib_a-__call_atexit.o)
g_interrupt_enabled                               src/ASF/common/utils/interrupt/interrupt_sam_nvic.o
                                                  src/ASF/sam/drivers/pmc/sleep.o
g_pwm_channel_led                                 src/main.o
hardware_init_hook                                s:/program files (x86)/atmel/studio/7.0/toolchain/arm/arm-gnu-toolchain/bin/../lib/gcc/arm-none-eabi/6.3.1/../../../../arm-none-eabi/lib/thumb/v7e-m/crt0.o
link                                              src/ASF/sam/utils/syscalls/gcc/syscalls.o
main                                              src/main.o
                                                  src/ASF/sam/utils/cmsis/sam4s/source/templates/gcc/startup_sam4s.o
                                                  s:/program files (x86)/atmel/studio/7.0/toolchain/arm/arm-gnu-toolchain/bin/../lib/gcc/arm-none-eabi/6.3.1/../../../../arm-none-eabi/lib/thumb/v7e-m/crt0.o
malloc                                            s:/program files (x86)/atmel/studio/7.0/toolchain/arm/arm-gnu-toolchain/bin/../lib/gcc/arm-none-eabi/6.3.1/../../../../arm-none-eabi/lib/thumb/v7e-m\libc.a(lib_a-__atexit.o)
memset                                            s:/program files (x86)/atmel/studio/7.0/toolchain/arm/arm-gnu-toolchain/bin/../lib/gcc/arm-none-eabi/6.3.1/../../../../arm-none-eabi/lib/thumb/v7e-m\libc.a(lib_a-memset.o)
                                                  s:/program files (x86)/atmel/studio/7.0/toolchain/arm/arm-gnu-toolchain/bin/../lib/gcc/arm-none-eabi/6.3.1/../../../../arm-none-eabi/lib/thumb/v7e-m/crt0.o
pio_capture_disable                               src/ASF/sam/drivers/pio/pio.o
pio_capture_disable_interrupt                     src/ASF/sam/drivers/pio/pio.o
pio_capture_enable                                src/ASF/sam/drivers/pio/pio.o
pio_capture_enable_flag                           src/ASF/sam/drivers/pio/pio.o
                                                  src/ASF/sam/drivers/pio/pio_handler.o
pio_capture_enable_interrupt                      src/ASF/sam/drivers/pio/pio.o
pio_capture_get_interrupt_mask                    src/ASF/sam/drivers/pio/pio.o
pio_capture_get_interrupt_status                  src/ASF/sam/drivers/pio/pio.o
pio_capture_get_pdc_base                          src/ASF/sam/drivers/pio/pio.o
pio_capture_handler_set                           src/ASF/sam/drivers/pio/pio_handler.o
pio_capture_read                                  src/ASF/sam/drivers/pio/pio.o
pio_capture_set_mode                              src/ASF/sam/drivers/pio/pio.o
pio_clear                                         src/ASF/sam/drivers/pio/pio.o
pio_configure                                     src/ASF/sam/drivers/pio/pio.o
pio_configure_interrupt                           src/ASF/sam/drivers/pio/pio.o
                                                  src/ASF/sam/drivers/pio/pio_handler.o
pio_configure_pin                                 src/ASF/sam/drivers/pio/pio.o
                                                  src/main.o
                                                  src/ASF/sam/boards/sam4s_ek2/init.o
pio_configure_pin_group                           src/ASF/sam/drivers/pio/pio.o
                                                  src/ASF/sam/boards/sam4s_ek2/init.o
pio_disable_interrupt                             src/ASF/sam/drivers/pio/pio.o
                                                  src/ASF/sam/drivers/pio/pio_handler.o
pio_disable_output_write                          src/ASF/sam/drivers/pio/pio.o
pio_disable_pin_interrupt                         src/ASF/sam/drivers/pio/pio.o
pio_enable_interrupt                              src/ASF/sam/drivers/pio/pio.o
                                                  src/main.o
                                                  src/ASF/sam/drivers/pio/pio_handler.o
pio_enable_output_write                           src/ASF/sam/drivers/pio/pio.o
pio_enable_pin_interrupt                          src/ASF/sam/drivers/pio/pio.o
pio_get                                           src/ASF/sam/drivers/pio/pio.o
pio_get_interrupt_mask                            src/ASF/sam/drivers/pio/pio.o
                                                  src/ASF/sam/drivers/pio/pio_handler.o
pio_get_interrupt_status                          src/ASF/sam/drivers/pio/pio.o
                                                  src/ASF/sam/drivers/pio/pio_handler.o
pio_get_multi_driver_status                       src/ASF/sam/drivers/pio/pio.o
pio_get_output_data_status                        src/ASF/sam/drivers/pio/pio.o
pio_get_output_write_status                       src/ASF/sam/drivers/pio/pio.o
pio_get_pin_group                                 src/ASF/sam/drivers/pio/pio.o
                                                  src/ASF/sam/drivers/pio/pio_handler.o
pio_get_pin_group_id                              src/ASF/sam/drivers/pio/pio.o
                                                  src/ASF/sam/drivers/pio/pio_handler.o
pio_get_pin_group_mask                            src/ASF/sam/drivers/pio/pio.o
                                                  src/ASF/sam/drivers/pio/pio_handler.o
pio_get_pin_value                                 src/ASF/sam/drivers/pio/pio.o
pio_get_schmitt_trigger                           src/ASF/sam/drivers/pio/pio.o
pio_get_writeprotect_status                       src/ASF/sam/drivers/pio/pio.o
pio_handler_process                               src/ASF/sam/drivers/pio/pio_handler.o
pio_handler_set                                   src/ASF/sam/drivers/pio/pio_handler.o
                                                  src/main.o
pio_handler_set_pin                               src/ASF/sam/drivers/pio/pio_handler.o
pio_handler_set_priority                          src/ASF/sam/drivers/pio/pio_handler.o
pio_pull_down                                     src/ASF/sam/drivers/pio/pio.o
pio_pull_up                                       src/ASF/sam/drivers/pio/pio.o
pio_set                                           src/ASF/sam/drivers/pio/pio.o
pio_set_additional_interrupt_mode                 src/ASF/sam/drivers/pio/pio.o
pio_set_debounce_filter                           src/ASF/sam/drivers/pio/pio.o
pio_set_input                                     src/ASF/sam/drivers/pio/pio.o
                                                  src/main.o
pio_set_multi_driver                              src/ASF/sam/drivers/pio/pio.o
pio_set_output                                    src/ASF/sam/drivers/pio/pio.o
pio_set_peripheral                                src/ASF/sam/drivers/pio/pio.o
pio_set_pin_group_high                            src/ASF/sam/drivers/pio/pio.o
pio_set_pin_group_low                             src/ASF/sam/drivers/pio/pio.o
pio_set_pin_high                                  src/ASF/sam/drivers/pio/pio.o
                                                  src/ASF/sam/boards/sam4s_ek2/led.o
pio_set_pin_low                                   src/ASF/sam/drivers/pio/pio.o
                                                  src/ASF/sam/boards/sam4s_ek2/led.o
                                                  src/ASF/sam/boards/sam4s_ek2/init.o
pio_set_schmitt_trigger                           src/ASF/sam/drivers/pio/pio.o
pio_set_writeprotect                              src/ASF/sam/drivers/pio/pio.o
pio_sync_output_write                             src/ASF/sam/drivers/pio/pio.o
pio_toggle_pin                                    src/ASF/sam/drivers/pio/pio.o
pio_toggle_pin_group                              src/ASF/sam/drivers/pio/pio.o
pmc_clr_fast_startup_input                        src/ASF/sam/drivers/pmc/pmc.o
pmc_disable_all_pck                               src/ASF/sam/drivers/pmc/pmc.o
pmc_disable_all_periph_clk                        src/ASF/sam/drivers/pmc/pmc.o
pmc_disable_clock_failure_detector                src/ASF/sam/drivers/pmc/pmc.o
pmc_disable_interrupt                             src/ASF/sam/drivers/pmc/pmc.o
pmc_disable_pck                                   src/ASF/sam/drivers/pmc/pmc.o
pmc_disable_periph_clk                            src/ASF/sam/drivers/pmc/pmc.o
pmc_disable_pllack                                src/ASF/sam/drivers/pmc/pmc.o
                                                  src/ASF/sam/drivers/pmc/sleep.o
                                                  src/ASF/common/services/clock/sam4s/sysclk.o
pmc_disable_pllbck                                src/ASF/sam/drivers/pmc/pmc.o
                                                  src/ASF/sam/drivers/pmc/sleep.o
                                                  src/ASF/common/services/clock/sam4s/sysclk.o
pmc_disable_udpck                                 src/ASF/sam/drivers/pmc/pmc.o
                                                  src/ASF/common/services/clock/sam4s/sysclk.o
pmc_enable_all_pck                                src/ASF/sam/drivers/pmc/pmc.o
pmc_enable_all_periph_clk                         src/ASF/sam/drivers/pmc/pmc.o
pmc_enable_backupmode                             src/ASF/sam/drivers/pmc/pmc.o
pmc_enable_clock_failure_detector                 src/ASF/sam/drivers/pmc/pmc.o
pmc_enable_interrupt                              src/ASF/sam/drivers/pmc/pmc.o
pmc_enable_pck                                    src/ASF/sam/drivers/pmc/pmc.o
pmc_enable_periph_clk                             src/ASF/sam/drivers/pmc/pmc.o
                                                  src/main.o
                                                  src/ASF/sam/boards/sam4s_ek2/init.o
pmc_enable_pllack                                 src/ASF/sam/drivers/pmc/pmc.o
pmc_enable_pllbck                                 src/ASF/sam/drivers/pmc/pmc.o
pmc_enable_sleepmode                              src/ASF/sam/drivers/pmc/pmc.o
pmc_enable_udpck                                  src/ASF/sam/drivers/pmc/pmc.o
                                                  src/ASF/common/services/clock/sam4s/sysclk.o
pmc_enable_waitmode                               src/ASF/sam/drivers/pmc/pmc.o
                                                  src/ASF/sam/drivers/pmc/sleep.o
pmc_get_interrupt_mask                            src/ASF/sam/drivers/pmc/pmc.o
pmc_get_status                                    src/ASF/sam/drivers/pmc/pmc.o
pmc_get_writeprotect_status                       src/ASF/sam/drivers/pmc/pmc.o
pmc_is_locked_pllack                              src/ASF/sam/drivers/pmc/pmc.o
                                                  src/ASF/common/services/clock/sam4s/sysclk.o
pmc_is_locked_pllbck                              src/ASF/sam/drivers/pmc/pmc.o
                                                  src/ASF/common/services/clock/sam4s/sysclk.o
pmc_is_pck_enabled                                src/ASF/sam/drivers/pmc/pmc.o
pmc_is_periph_clk_enabled                         src/ASF/sam/drivers/pmc/pmc.o
pmc_is_wakeup_clocks_restored                     src/ASF/sam/drivers/pmc/sleep.o
pmc_mainck_osc_select                             src/ASF/sam/drivers/pmc/pmc.o
pmc_mck_set_prescaler                             src/ASF/sam/drivers/pmc/pmc.o
                                                  src/ASF/common/services/clock/sam4s/sysclk.o
pmc_mck_set_source                                src/ASF/sam/drivers/pmc/pmc.o
                                                  src/ASF/common/services/clock/sam4s/sysclk.o
pmc_osc_bypass_main_xtal                          src/ASF/sam/drivers/pmc/pmc.o
pmc_osc_disable_fastrc                            src/ASF/sam/drivers/pmc/pmc.o
pmc_osc_disable_main_xtal                         src/ASF/sam/drivers/pmc/pmc.o
pmc_osc_disable_xtal                              src/ASF/sam/drivers/pmc/pmc.o
pmc_osc_enable_fastrc                             src/ASF/sam/drivers/pmc/pmc.o
pmc_osc_enable_main_xtal                          src/ASF/sam/drivers/pmc/pmc.o
pmc_osc_is_bypassed_main_xtal                     src/ASF/sam/drivers/pmc/pmc.o
pmc_osc_is_ready_32kxtal                          src/ASF/sam/drivers/pmc/pmc.o
pmc_osc_is_ready_fastrc                           src/ASF/sam/drivers/pmc/pmc.o
pmc_osc_is_ready_main_xtal                        src/ASF/sam/drivers/pmc/pmc.o
pmc_osc_is_ready_mainck                           src/ASF/sam/drivers/pmc/pmc.o
                                                  src/ASF/common/services/clock/sam4s/sysclk.o
pmc_pck_set_prescaler                             src/ASF/sam/drivers/pmc/pmc.o
pmc_pck_set_source                                src/ASF/sam/drivers/pmc/pmc.o
pmc_set_fast_startup_input                        src/ASF/sam/drivers/pmc/pmc.o
pmc_set_flash_in_wait_mode                        src/ASF/sam/drivers/pmc/pmc.o
                                                  src/ASF/sam/drivers/pmc/sleep.o
pmc_set_writeprotect                              src/ASF/sam/drivers/pmc/pmc.o
pmc_sleep                                         src/ASF/sam/drivers/pmc/sleep.o
pmc_switch_mainck_to_fastrc                       src/ASF/sam/drivers/pmc/pmc.o
pmc_switch_mainck_to_xtal                         src/ASF/sam/drivers/pmc/pmc.o
                                                  src/ASF/common/services/clock/sam4s/sysclk.o
pmc_switch_mck_to_mainck                          src/ASF/sam/drivers/pmc/pmc.o
pmc_switch_mck_to_pllack                          src/ASF/sam/drivers/pmc/pmc.o
                                                  src/ASF/common/services/clock/sam4s/sysclk.o
pmc_switch_mck_to_pllbck                          src/ASF/sam/drivers/pmc/pmc.o
pmc_switch_mck_to_sclk                            src/ASF/sam/drivers/pmc/pmc.o
pmc_switch_pck_to_mainck                          src/ASF/sam/drivers/pmc/pmc.o
pmc_switch_pck_to_mck                             src/ASF/sam/drivers/pmc/pmc.o
pmc_switch_pck_to_pllack                          src/ASF/sam/drivers/pmc/pmc.o
pmc_switch_pck_to_pllbck                          src/ASF/sam/drivers/pmc/pmc.o
pmc_switch_pck_to_sclk                            src/ASF/sam/drivers/pmc/pmc.o
pmc_switch_sclk_to_32kxtal                        src/ASF/sam/drivers/pmc/pmc.o
pmc_switch_udpck_to_pllack                        src/ASF/sam/drivers/pmc/pmc.o
pmc_switch_udpck_to_pllbck                        src/ASF/sam/drivers/pmc/pmc.o
                                                  src/ASF/common/services/clock/sam4s/sysclk.o
pmc_wait_wakeup_clocks_restore                    src/ASF/sam/drivers/pmc/sleep.o
portable_delay_cycles                             src/ASF/common/services/delay/sam/cycle_counter.o
pwm_channel_disable                               src/ASF/sam/drivers/pwm/pwm.o
                                                  src/main.o
pwm_channel_disable_interrupt                     src/ASF/sam/drivers/pwm/pwm.o
pwm_channel_enable                                src/ASF/sam/drivers/pwm/pwm.o
                                                  src/main.o
pwm_channel_enable_interrupt                      src/ASF/sam/drivers/pwm/pwm.o
pwm_channel_get_counter                           src/ASF/sam/drivers/pwm/pwm.o
pwm_channel_get_interrupt_mask                    src/ASF/sam/drivers/pwm/pwm.o
pwm_channel_get_interrupt_status                  src/ASF/sam/drivers/pwm/pwm.o
pwm_channel_get_status                            src/ASF/sam/drivers/pwm/pwm.o
pwm_channel_init                                  src/ASF/sam/drivers/pwm/pwm.o
                                                  src/main.o
pwm_channel_update_dead_time                      src/ASF/sam/drivers/pwm/pwm.o
pwm_channel_update_duty                           src/ASF/sam/drivers/pwm/pwm.o
                                                  src/main.o
pwm_channel_update_output                         src/ASF/sam/drivers/pwm/pwm.o
pwm_channel_update_period                         src/ASF/sam/drivers/pwm/pwm.o
pwm_cmp_change_setting                            src/ASF/sam/drivers/pwm/pwm.o
pwm_cmp_disable_interrupt                         src/ASF/sam/drivers/pwm/pwm.o
pwm_cmp_enable_interrupt                          src/ASF/sam/drivers/pwm/pwm.o
pwm_cmp_get_period_counter                        src/ASF/sam/drivers/pwm/pwm.o
pwm_cmp_get_update_counter                        src/ASF/sam/drivers/pwm/pwm.o
pwm_cmp_init                                      src/ASF/sam/drivers/pwm/pwm.o
pwm_disable_protect                               src/ASF/sam/drivers/pwm/pwm.o
pwm_enable_protect                                src/ASF/sam/drivers/pwm/pwm.o
pwm_fault_clear_status                            src/ASF/sam/drivers/pwm/pwm.o
pwm_fault_get_input_level                         src/ASF/sam/drivers/pwm/pwm.o
pwm_fault_get_status                              src/ASF/sam/drivers/pwm/pwm.o
pwm_fault_init                                    src/ASF/sam/drivers/pwm/pwm.o
pwm_get_interrupt_mask                            src/ASF/sam/drivers/pwm/pwm.o
pwm_get_interrupt_status                          src/ASF/sam/drivers/pwm/pwm.o
pwm_get_protect_status                            src/ASF/sam/drivers/pwm/pwm.o
pwm_init                                          src/ASF/sam/drivers/pwm/pwm.o
                                                  src/main.o
pwm_pdc_disable_interrupt                         src/ASF/sam/drivers/pwm/pwm.o
pwm_pdc_enable_interrupt                          src/ASF/sam/drivers/pwm/pwm.o
pwm_pdc_set_request_mode                          src/ASF/sam/drivers/pwm/pwm.o
pwm_stepper_motor_init                            src/ASF/sam/drivers/pwm/pwm.o
pwm_sync_change_period                            src/ASF/sam/drivers/pwm/pwm.o
pwm_sync_disable_interrupt                        src/ASF/sam/drivers/pwm/pwm.o
pwm_sync_enable_interrupt                         src/ASF/sam/drivers/pwm/pwm.o
pwm_sync_get_period_counter                       src/ASF/sam/drivers/pwm/pwm.o
pwm_sync_init                                     src/ASF/sam/drivers/pwm/pwm.o
pwm_sync_unlock_update                            src/ASF/sam/drivers/pwm/pwm.o
software_init_hook                                s:/program files (x86)/atmel/studio/7.0/toolchain/arm/arm-gnu-toolchain/bin/../lib/gcc/arm-none-eabi/6.3.1/../../../../arm-none-eabi/lib/thumb/v7e-m/crt0.o
sysclk_disable_usb                                src/ASF/common/services/clock/sam4s/sysclk.o
sysclk_enable_usb                                 src/ASF/common/services/clock/sam4s/sysclk.o
sysclk_init                                       src/ASF/common/services/clock/sam4s/sysclk.o
                                                  src/main.o
sysclk_set_prescalers                             src/ASF/common/services/clock/sam4s/sysclk.o
sysclk_set_source                                 src/ASF/common/services/clock/sam4s/sysclk.o
system_init_flash                                 src/ASF/sam/utils/cmsis/sam4s/source/templates/system_sam4s.o
                                                  src/ASF/common/services/clock/sam4s/sysclk.o
ul_duty                                           src/main.o
